 handmade

 Timestamp is 5e976e86 (Wed Apr 15 14:28:54 2020)

 Preferred load address is 0000000180000000

 Start         Length     Name                   Class
 0001:00000000 0000bb60H .text$mn                CODE
 0001:0000bb60 00000020H .text$mn$00             CODE
 0001:0000bb80 000002d0H .text$x                 CODE
 0002:00000000 00000218H .idata$5                DATA
 0002:00000218 00000010H .00cfg                  DATA
 0002:00000228 00000008H .CRT$XCA                DATA
 0002:00000230 00000008H .CRT$XCZ                DATA
 0002:00000238 00000008H .CRT$XIA                DATA
 0002:00000240 00000018H .CRT$XIC                DATA
 0002:00000258 00000008H .CRT$XIZ                DATA
 0002:00000260 00000008H .CRT$XPA                DATA
 0002:00000268 00000010H .CRT$XPX                DATA
 0002:00000278 00000008H .CRT$XPXA               DATA
 0002:00000280 00000008H .CRT$XPZ                DATA
 0002:00000288 00000008H .CRT$XTA                DATA
 0002:00000290 00000010H .CRT$XTZ                DATA
 0002:00000298 00000000H .gfids$y                DATA
 0002:000002a0 00007778H .rdata                  DATA
 0002:00007a18 00000000H .rdata$r                DATA
 0002:00007a18 000002c8H .rdata$zzzdbg           DATA
 0002:00007ce0 00000008H .rtc$IAA                DATA
 0002:00007ce8 00000008H .rtc$IZZ                DATA
 0002:00007cf0 00000008H .rtc$TAA                DATA
 0002:00007cf8 00000008H .rtc$TZZ                DATA
 0002:00007d00 00000b20H .xdata                  DATA
 0002:00008818 00000000H .xdata$x                DATA
 0002:00008820 00000074H .edata                  DATA
 0002:00008894 00000014H .idata$2                DATA
 0002:000088a8 00000018H .idata$3                DATA
 0002:000088c0 00000218H .idata$4                DATA
 0002:00008ad8 000004e2H .idata$6                DATA
 0003:00000000 000009e0H .data                   DATA
 0003:000009e0 00000000H .data$r                 DATA
 0003:000009e0 000011c0H .bss                    DATA
 0004:00000000 00000d98H .pdata                  DATA
 0005:00000000 00000094H _RDATA                  DATA

  Address         Publics by Value              Rva+Base               Lib:Object

 0000:00000000       __hybrid_code_map_count    0000000000000000     <absolute>
 0000:00000000       __guard_longjmp_count      0000000000000000     <absolute>
 0000:00000000       __hybrid_code_map          0000000000000000     <absolute>
 0000:00000000       __guard_longjmp_table      0000000000000000     <absolute>
 0000:00000000       __guard_iat_count          0000000000000000     <absolute>
 0000:00000000       __guard_iat_table          0000000000000000     <absolute>
 0000:00000000       __guard_fids_count         0000000000000000     <absolute>
 0000:00000000       ___safe_se_handler_count   0000000000000000     <absolute>
 0000:00000000       __enclave_config           0000000000000000     <absolute>
 0000:00000000       __AbsoluteZero             0000000000000000     <absolute>
 0000:00000000       ___safe_se_handler_table   0000000000000000     <absolute>
 0000:00000000       __dynamic_value_reloc_table 0000000000000000     <absolute>
 0000:00000000       __volatile_metadata        0000000000000000     <absolute>
 0000:00000000       __guard_fids_table         0000000000000000     <absolute>
 0000:00000000       __hybrid_auxiliary_iat     0000000000000000     <absolute>
 0000:00000100       __guard_flags              0000000000000100     <absolute>
 0000:00000000       __ImageBase                0000000180000000     <linker-defined>
 0001:00000000       ?GameUpdateAndRenderStub@@YAXPEAUgame_memory@@PEAUgame_input@@PEAUgame_offscreen_buffer@@@Z 0000000180001000 f   handmade.obj
 0001:00000020       ?GameGetSoundSamplesStub@@YAXPEAUgame_memory@@PEAUgame_sound_output_buffer@@@Z 0000000180001020 f   handmade.obj
 0001:00000350       GameUpdateAndRender        0000000180001350 f   handmade.obj
 0001:00000650       GameGetSoundSamples        0000000180001650 f   handmade.obj
 0001:00000690       ?GetController@@YAPEAUgame_controller_input@@PEAUgame_input@@H@Z 0000000180001690 f i handmade.obj
 0001:000009f4       _DllMainCRTStartup         00000001800019f4 f   LIBCMT:dll_dllmain.obj
 0001:00000a34       __security_init_cookie     0000000180001a34 f   LIBCMT:gs_support.obj
 0001:00000ae0       _get_startup_argv_mode     0000000180001ae0 f   LIBCMT:argv_mode.obj
 0001:00000ae0       DllMain                    0000000180001ae0 f   LIBCMT:dll_dllmain_stub.obj
 0001:00000ae8       ?__scrt_initialize_type_info@@YAXXZ 0000000180001ae8 f   LIBCMT:tncleanup.obj
 0001:00000af8       ?__scrt_uninitialize_type_info@@YAXXZ 0000000180001af8 f   LIBCMT:tncleanup.obj
 0001:00000b04       __local_stdio_printf_options 0000000180001b04 f i LIBCMT:default_local_stdio_options.obj
 0001:00000b0c       __local_stdio_scanf_options 0000000180001b0c f i LIBCMT:default_local_stdio_options.obj
 0001:00000b14       __scrt_initialize_default_local_stdio_options 0000000180001b14 f   LIBCMT:default_local_stdio_options.obj
 0001:00000b30       __scrt_acquire_startup_lock 0000000180001b30 f   LIBCMT:utility.obj
 0001:00000b6c       __scrt_dllmain_after_initialize_c 0000000180001b6c f   LIBCMT:utility.obj
 0001:00000ba0       __scrt_dllmain_before_initialize_c 0000000180001ba0 f   LIBCMT:utility.obj
 0001:00000bb8       __scrt_dllmain_crt_thread_attach 0000000180001bb8 f   LIBCMT:utility.obj
 0001:00000be0       __scrt_dllmain_crt_thread_detach 0000000180001be0 f   LIBCMT:utility.obj
 0001:00000bf8       __scrt_dllmain_exception_filter 0000000180001bf8 f   LIBCMT:utility.obj
 0001:00000c58       __scrt_dllmain_uninitialize_c 0000000180001c58 f   LIBCMT:utility.obj
 0001:00000c88       __scrt_dllmain_uninitialize_critical 0000000180001c88 f   LIBCMT:utility.obj
 0001:00000c9c       __scrt_initialize_crt      0000000180001c9c f   LIBCMT:utility.obj
 0001:00000ce8       __scrt_initialize_onexit_tables 0000000180001ce8 f   LIBCMT:utility.obj
 0001:00000d74       __scrt_is_nonwritable_in_current_image 0000000180001d74 f   LIBCMT:utility.obj
 0001:00000e0c       __scrt_release_startup_lock 0000000180001e0c f   LIBCMT:utility.obj
 0001:00000e30       __scrt_uninitialize_crt    0000000180001e30 f   LIBCMT:utility.obj
 0001:00000e5c       __scrt_get_dyn_tls_init_callback 0000000180001e5c f   LIBCMT:dyn_tls_init.obj
 0001:00000e64       __crt_debugger_hook        0000000180001e64 f   LIBCMT:utility_desktop.obj
 0001:00000e6c       __scrt_fastfail            0000000180001e6c f   LIBCMT:utility_desktop.obj
 0001:00000fb8       _RTC_Initialize            0000000180001fb8 f   LIBCMT:initsect.obj
 0001:00000ff4       _RTC_Terminate             0000000180001ff4 f   LIBCMT:initsect.obj
 0001:00001030       _guard_check_icall_nop     0000000180002030 f i LIBCMT:guard_support.obj
 0001:00001034       __isa_available_init       0000000180002034 f   LIBCMT:cpu_disp.obj
 0001:000011cc       __scrt_is_ucrt_dll_in_use  00000001800021cc f   LIBCMT:ucrt_detection.obj
 0001:000011e0       IsProcessorFeaturePresent  00000001800021e0 f   kernel32:KERNEL32.dll
 0001:000011e8       __C_specific_handler       00000001800021e8 f   libvcruntime:riscchandler.obj
 0001:000013f4       __std_type_info_destroy_list 00000001800023f4 f   libvcruntime:std_type_info.obj
 0001:00001420       __vcrt_initialize          0000000180002420 f   libvcruntime:initialization.obj
 0001:00001448       __vcrt_thread_attach       0000000180002448 f   libvcruntime:initialization.obj
 0001:0000145c       __vcrt_thread_detach       000000018000245c f   libvcruntime:initialization.obj
 0001:00001470       __vcrt_uninitialize        0000000180002470 f   libvcruntime:initialization.obj
 0001:0000148c       __vcrt_uninitialize_critical 000000018000248c f   libvcruntime:initialization.obj
 0001:0000149c       __DestructExceptionObject  000000018000249c f   libvcruntime:ehhelpers.obj
 0001:0000150c       ?_CallMemberFunction0@@YAXQEAX0@Z 000000018000250c f i libvcruntime:ehhelpers.obj
 0001:00001520       memset_repmovs             0000000180002520 f   libvcruntime:memset.obj
 0001:00001540       memset                     0000000180002540 f   libvcruntime:memset.obj
 0001:000016e0       _NLG_Notify                00000001800026e0 f   libvcruntime:notify.obj
 0001:00001700       __NLG_Dispatch2            0000000180002700 f   libvcruntime:notify.obj
 0001:00001710       __NLG_Return2              0000000180002710 f   libvcruntime:notify.obj
 0001:00001714       __except_validate_context_record 0000000180002714 f   libvcruntime:jbcxrval.obj
 0001:0000174c       __vcrt_freefls             000000018000274c f   libvcruntime:per_thread_data.obj
 0001:0000176c       __vcrt_freeptd             000000018000276c f   libvcruntime:per_thread_data.obj
 0001:000017bc       __vcrt_getptd              00000001800027bc f   libvcruntime:per_thread_data.obj
 0001:000017d8       __vcrt_getptd_noexit       00000001800027d8 f   libvcruntime:per_thread_data.obj
 0001:00001898       __vcrt_initialize_ptd      0000000180002898 f   libvcruntime:per_thread_data.obj
 0001:000018e0       __vcrt_uninitialize_ptd    00000001800028e0 f   libvcruntime:per_thread_data.obj
 0001:00001904       __vcrt_initialize_locks    0000000180002904 f   libvcruntime:locks.obj
 0001:00001938       __vcrt_uninitialize_locks  0000000180002938 f   libvcruntime:locks.obj
 0001:00001980       memcpy_repmovs             0000000180002980 f   libvcruntime:memcpy.obj
 0001:000019a0       memcpy                     00000001800029a0 f   libvcruntime:memcpy.obj
 0001:000019a0       memmove                    00000001800029a0 f   libvcruntime:memcpy.obj
 0001:00001ed4       __vcrt_FlsAlloc            0000000180002ed4 f   libvcruntime:winapi_downlevel.obj
 0001:00001f1c       __vcrt_FlsFree             0000000180002f1c f   libvcruntime:winapi_downlevel.obj
 0001:00001f64       __vcrt_FlsGetValue         0000000180002f64 f   libvcruntime:winapi_downlevel.obj
 0001:00001fac       __vcrt_FlsSetValue         0000000180002fac f   libvcruntime:winapi_downlevel.obj
 0001:00002000       __vcrt_InitializeCriticalSectionEx 0000000180003000 f   libvcruntime:winapi_downlevel.obj
 0001:00002080       _CallSettingFrame          0000000180003080 f   libvcruntime:handlers.obj
 0001:000020d0       _CallSettingFrame_LookupContinuationIndex 00000001800030d0 f   libvcruntime:handlers.obj
 0001:00002100       _CallSettingFrame_NotifyContinuationAddr 0000000180003100 f   libvcruntime:handlers.obj
 0001:00002130       _CallSettingFrameEncoded   0000000180003130 f   libvcruntime:handlers.obj
 0001:00002180       sinf                       0000000180003180 f   libucrt:sinf.obj
 0001:00002878       _initterm                  0000000180003878 f   libucrt:initterm.obj
 0001:000028dc       _initterm_e                00000001800038dc f   libucrt:initterm.obj
 0001:0000291c       _seh_filter_dll            000000018000391c f   libucrt:exception_filter.obj
 0001:00002930       _seh_filter_exe            0000000180003930 f   libucrt:exception_filter.obj
 0001:00002d20       __acrt_initialize_thread_local_exit_callback 0000000180003d20 f   libucrt:exit.obj
 0001:00002d28       _cexit                     0000000180003d28 f   libucrt:exit.obj
 0001:00002d38       _exit                      0000000180003d38 f   libucrt:exit.obj
 0001:00002d44       _is_c_termination_complete 0000000180003d44 f   libucrt:exit.obj
 0001:00002f10       __acrt_allocate_buffer_for_argv 0000000180003f10 f   libucrt:argv_parsing.obj
 0001:00002f70       _configure_narrow_argv     0000000180003f70 f   libucrt:argv_parsing.obj
 0001:000032e8       __dcrt_uninitialize_environments_nolock 00000001800042e8 f   libucrt:environment_initialization.obj
 0001:00003320       _initialize_narrow_environment 0000000180004320 f   libucrt:environment_initialization.obj
 0001:0000347c       _execute_onexit_table      000000018000447c f   libucrt:onexit.obj
 0001:000034b8       _initialize_onexit_table   00000001800044b8 f   libucrt:onexit.obj
 0001:00003518       __acrt_uninitialize_command_line 0000000180004518 f   libucrt:argv_data.obj
 0001:00003610       __acrt_initialize          0000000180004610 f   libucrt:initialization.obj
 0001:00003624       __acrt_thread_attach       0000000180004624 f   libucrt:initialization.obj
 0001:00003638       __acrt_thread_detach       0000000180004638 f   libucrt:initialization.obj
 0001:00003648       __acrt_uninitialize        0000000180004648 f   libucrt:initialization.obj
 0001:00003680       __acrt_uninitialize_critical 0000000180004680 f   libucrt:initialization.obj
 0001:00003690       terminate                  0000000180004690 f   libucrt:terminate.obj
 0001:000036b0       free                       00000001800046b0 f   libucrt:free.obj
 0001:000036c4       strcpy_s                   00000001800046c4 f   libucrt:strcpy_s.obj
 0001:00003724       abort                      0000000180004724 f   libucrt:abort.obj
 0001:0000377c       ??0_LocaleUpdate@@QEAA@QEAU__crt_locale_pointers@@@Z 000000018000477c f i libucrt:output.obj
 0001:00003830       strncmp                    0000000180004830 f   libucrt:strncmp.obj
 0001:000038b0       calloc                     00000001800048b0 f   libucrt:calloc.obj
 0001:000038b8       wcsncmp                    00000001800048b8 f   libucrt:wcsncmp.obj
 0001:000038f0       __acrt_initialize_fma3     00000001800048f0 f   libucrt:fma3_available.obj
 0001:00003960       __remainder_piby2d2f_forC  0000000180004960 f   libucrt:remainder_piby2f_forc.obj
 0001:00003b78       _sinf_special              0000000180004b78 f   libucrt:sincos_special.obj
 0001:00003f04       __acrt_freeptd             0000000180004f04 f   libucrt:per_thread_data.obj
 0001:00003f48       __acrt_getptd              0000000180004f48 f   libucrt:per_thread_data.obj
 0001:0000401c       __acrt_getptd_head         000000018000501c f   libucrt:per_thread_data.obj
 0001:000040c4       __acrt_getptd_noexit       00000001800050c4 f   libucrt:per_thread_data.obj
 0001:00004190       __acrt_initialize_ptd      0000000180005190 f   libucrt:per_thread_data.obj
 0001:000041cc       __acrt_uninitialize_ptd    00000001800051cc f   libucrt:per_thread_data.obj
 0001:000041f0       __acrt_initialize_locks    00000001800051f0 f   libucrt:locks.obj
 0001:00004238       __acrt_lock                0000000180005238 f   libucrt:locks.obj
 0001:00004254       __acrt_uninitialize_locks  0000000180005254 f   libucrt:locks.obj
 0001:0000428c       __acrt_unlock              000000018000528c f   libucrt:locks.obj
 0001:000042a8       __acrt_get_process_end_policy 00000001800052a8 f   libucrt:win_policies.obj
 0001:000042e4       __acrt_call_reportfault    00000001800052e4 f   libucrt:invalid_parameter.obj
 0001:00004440       __acrt_initialize_invalid_parameter_handler 0000000180005440 f   libucrt:invalid_parameter.obj
 0001:00004448       _invalid_parameter         0000000180005448 f   libucrt:invalid_parameter.obj
 0001:000044f8       _invalid_parameter_noinfo  00000001800054f8 f   libucrt:invalid_parameter.obj
 0001:00004518       _invoke_watson             0000000180005518 f   libucrt:invalid_parameter.obj
 0001:00004560       __acrt_errno_from_os_error 0000000180005560 f   libucrt:errno.obj
 0001:000045a8       __acrt_errno_map_os_error  00000001800055a8 f   libucrt:errno.obj
 0001:000045f8       __doserrno                 00000001800055f8 f   libucrt:errno.obj
 0001:00004618       _errno                     0000000180005618 f   libucrt:errno.obj
 0001:00004638       _calloc_base               0000000180005638 f   libucrt:calloc_base.obj
 0001:000046b0       _free_base                 00000001800056b0 f   libucrt:free_base.obj
 0001:00004704       ??$__acrt_mbs_to_wcs_cp@U__crt_win32_buffer_internal_dynamic_resizing@@@@YAHQEBDAEAV?$__crt_win32_buffer@_WU__crt_win32_buffer_internal_dynamic_resizing@@@@I@Z 0000000180005704 f i libucrt:argv_wildcards.obj
 0001:0000487c       ??$__acrt_wcs_to_mbs_cp@U__crt_win32_buffer_internal_dynamic_resizing@@@@YAHQEB_WAEAV?$__crt_win32_buffer@DU__crt_win32_buffer_internal_dynamic_resizing@@@@I@Z 000000018000587c f i libucrt:argv_wildcards.obj
 0001:000050ac       __acrt_expand_narrow_argv_wildcards 00000001800060ac f   libucrt:argv_wildcards.obj
 0001:000050b4       ??$__acrt_wcs_to_mbs_cp@U__crt_win32_buffer_no_resizing@@@@YAHQEB_WAEAV?$__crt_win32_buffer@DU__crt_win32_buffer_no_resizing@@@@I@Z 00000001800060b4 f i libucrt:getmodulefilenamea.obj
 0001:000051c8       __acrt_GetModuleFileNameA  00000001800061c8 f   libucrt:getmodulefilenamea.obj
 0001:00005a14       __acrt_initialize_multibyte 0000000180006a14 f   libucrt:mbctype.obj
 0001:00005a74       __acrt_update_thread_multibyte_data 0000000180006a74 f   libucrt:mbctype.obj
 0001:00005a90       _setmbcp_nolock            0000000180006a90 f   libucrt:mbctype.obj
 0001:00005dc4       _ismbblead                 0000000180006dc4 f   libucrt:ismbbyte.obj
 0001:00005dd8       __acrt_initialize_command_line 0000000180006dd8 f   libucrt:argv_data.obj
 0001:00005e00       __acrt_MultiByteToWideChar 0000000180006e00 f   libucrt:multibytetowidechar.obj
 0001:00005e5c       __acrt_WideCharToMultiByte 0000000180006e5c f   libucrt:widechartomultibyte.obj
 0001:00005ef4       __dcrt_get_narrow_environment_from_os 0000000180006ef4 f   libucrt:get_environment_from_os.obj
 0001:00005ff8       _recalloc_base             0000000180006ff8 f   libucrt:recalloc.obj
 0001:00006268       __acrt_AppPolicyGetProcessTerminationMethodInternal 0000000180007268 f   libucrt:winapi_thunks.obj
 0001:000062b8       __acrt_AreFileApisANSI     00000001800072b8 f   libucrt:winapi_thunks.obj
 0001:000062f4       __acrt_FlsAlloc            00000001800072f4 f   libucrt:winapi_thunks.obj
 0001:0000633c       __acrt_FlsFree             000000018000733c f   libucrt:winapi_thunks.obj
 0001:00006384       __acrt_FlsGetValue         0000000180007384 f   libucrt:winapi_thunks.obj
 0001:000063cc       __acrt_FlsSetValue         00000001800073cc f   libucrt:winapi_thunks.obj
 0001:00006420       __acrt_InitializeCriticalSectionEx 0000000180007420 f   libucrt:winapi_thunks.obj
 0001:00006484       __acrt_LCMapStringEx       0000000180007484 f   libucrt:winapi_thunks.obj
 0001:00006560       __acrt_LocaleNameToLCID    0000000180007560 f   libucrt:winapi_thunks.obj
 0001:000065b0       __acrt_initialize_winapi_thunks 00000001800075b0 f   libucrt:winapi_thunks.obj
 0001:000065e4       __acrt_uninitialize_winapi_thunks 00000001800075e4 f   libucrt:winapi_thunks.obj
 0001:00006628       __acrt_initialize_heap     0000000180007628 f   libucrt:heap_handle.obj
 0001:00006644       __acrt_uninitialize_heap   0000000180007644 f   libucrt:heap_handle.obj
 0001:0000684c       __acrt_initialize_lowio    000000018000784c f   libucrt:ioinit.obj
 0001:00006888       __acrt_uninitialize_lowio  0000000180007888 f   libucrt:ioinit.obj
 0001:000068c8       __acrt_execute_initializers 00000001800078c8 f   libucrt:shared_initialization.obj
 0001:00006948       __acrt_execute_uninitializers 0000000180007948 f   libucrt:shared_initialization.obj
 0001:00006984       __acrt_initialize_new_handler 0000000180007984 f   libucrt:new_handler.obj
 0001:0000698c       _callnewh                  000000018000798c f   libucrt:new_handler.obj
 0001:000069bc       _query_new_handler         00000001800079bc f   libucrt:new_handler.obj
 0001:00006a38       __acrt_get_sigabrt_handler 0000000180007a38 f   libucrt:signal.obj
 0001:00006a68       __acrt_initialize_signal_handlers 0000000180007a68 f   libucrt:signal.obj
 0001:00006a88       raise                      0000000180007a88 f   libucrt:signal.obj
 0001:00006cf4       __acrt_has_user_matherr    0000000180007cf4 f   libucrt:matherr.obj
 0001:00006d14       __acrt_initialize_user_matherr 0000000180007d14 f   libucrt:matherr.obj
 0001:00006d1c       __acrt_invoke_user_matherr 0000000180007d1c f   libucrt:matherr.obj
 0001:00006f28       __acrt_stdio_flush_nolock  0000000180007f28 f   libucrt:fflush.obj
 0001:00006fa4       _fflush_nolock             0000000180007fa4 f   libucrt:fflush.obj
 0001:00006ff0       _flushall                  0000000180007ff0 f   libucrt:fflush.obj
 0001:00006ff8       __acrt_initialize_stdio    0000000180007ff8 f   libucrt:_file.obj
 0001:00007118       __acrt_uninitialize_stdio  0000000180008118 f   libucrt:_file.obj
 0001:00007174       _lock_file                 0000000180008174 f   libucrt:_file.obj
 0001:00007180       _unlock_file               0000000180008180 f   libucrt:_file.obj
 0001:0000718c       _malloc_base               000000018000818c f   libucrt:malloc_base.obj
 0001:000071ec       _mbtowc_l                  00000001800081ec f   libucrt:mbtowc.obj
 0001:0000736c       mbtowc                     000000018000836c f   libucrt:mbtowc.obj
 0001:00007374       __acrt_update_locale_info  0000000180008374 f   libucrt:locale_update.obj
 0001:000073a8       __acrt_update_multibyte_info 00000001800083a8 f   libucrt:locale_update.obj
 0001:000073dc       _fileno                    00000001800083dc f   libucrt:fileno.obj
 0001:00007474       __acrt_set_locale_changed  0000000180008474 f   libucrt:wsetlocale.obj
 0001:00007480       __acrt_uninitialize_locale 0000000180008480 f   libucrt:wsetlocale.obj
 0001:000074b0       __pctype_func              00000001800084b0 f   libucrt:ctype.obj
 0001:00007604       _handle_error              0000000180008604 f   libucrt:libm_error.obj
 0001:0000772c       _handle_errorf             000000018000872c f   libucrt:libm_error.obj
 0001:00007860       __acrt_add_locale_ref      0000000180008860 f   libucrt:locale_refcounting.obj
 0001:000078ec       __acrt_free_locale         00000001800088ec f   libucrt:locale_refcounting.obj
 0001:00007a64       __acrt_locale_add_lc_time_reference 0000000180008a64 f   libucrt:locale_refcounting.obj
 0001:00007a8c       __acrt_locale_free_lc_time_if_unreferenced 0000000180008a8c f   libucrt:locale_refcounting.obj
 0001:00007ac4       __acrt_locale_release_lc_time_reference 0000000180008ac4 f   libucrt:locale_refcounting.obj
 0001:00007aec       __acrt_release_locale_ref  0000000180008aec f   libucrt:locale_refcounting.obj
 0001:00007b94       __acrt_update_thread_locale_data 0000000180008b94 f   libucrt:locale_refcounting.obj
 0001:00007c00       _updatetlocinfoEx_nolock   0000000180008c00 f   libucrt:locale_refcounting.obj
 0001:00007c68       _query_new_mode            0000000180008c68 f   libucrt:new_mode.obj
 0001:00007c70       qsort                      0000000180008c70 f   libucrt:qsort.obj
 0001:00008020       strncpy_s                  0000000180009020 f   libucrt:strncpy_s.obj
 0001:000081a0       strpbrk                    00000001800091a0 f   libucrt:strpbrk.obj
 0001:00008580       _mbsdec                    0000000180009580 f   libucrt:mbsdec.obj
 0001:00008588       _mbsdec_l                  0000000180009588 f   libucrt:mbsdec.obj
 0001:0000861c       __acrt_GetStringTypeA      000000018000961c f   libucrt:getstringtypea.obj
 0001:00008ac4       __acrt_LCMapStringA        0000000180009ac4 f   libucrt:lcmapstringa.obj
 0001:00008b74       _msize_base                0000000180009b74 f   libucrt:msize.obj
 0001:00008bb0       _realloc_base              0000000180009bb0 f   libucrt:realloc_base.obj
 0001:00008c2c       __acrt_DownlevelLocaleNameToLCID 0000000180009c2c f   libucrt:lcidtoname_downlevel.obj
 0001:00008cdc       __acrt_lowio_create_handle_array 0000000180009cdc f   libucrt:osfinfo.obj
 0001:00008d84       __acrt_lowio_destroy_handle_array 0000000180009d84 f   libucrt:osfinfo.obj
 0001:00008dd4       __acrt_lowio_ensure_fh_exists 0000000180009dd4 f   libucrt:osfinfo.obj
 0001:00008e7c       __acrt_lowio_lock_fh       0000000180009e7c f   libucrt:osfinfo.obj
 0001:00008ea4       __acrt_lowio_unlock_fh     0000000180009ea4 f   libucrt:osfinfo.obj
 0001:00008ecc       _free_osfhnd               0000000180009ecc f   libucrt:osfinfo.obj
 0001:00008f88       _get_osfhandle             0000000180009f88 f   libucrt:osfinfo.obj
 0001:0000908c       _commit                    000000018000a08c f   libucrt:commit.obj
 0001:00009980       _write                     000000018000a980 f   libucrt:write.obj
 0001:00009a6c       _write_nolock              000000018000aa6c f   libucrt:write.obj
 0001:00009d48       _fcloseall                 000000018000ad48 f   libucrt:closeall.obj
 0001:00009dfc       __acrt_stdio_free_buffer_nolock 000000018000adfc f   libucrt:_freebuf.obj
 0001:00009e3c       _isatty                    000000018000ae3c f   libucrt:isatty.obj
 0001:00009e9c       _isleadbyte_l              000000018000ae9c f i libucrt:_wctype.obj
 0001:00009ee8       ?__mbrtowc_utf8@__crt_mbstring@@YA_KPEA_WPEBD_KPEAU_Mbstatet@@@Z 000000018000aee8 f   libucrt:mbrtowc.obj
 0001:00009f24       ?__mbsrtowcs_utf8@__crt_mbstring@@YA_KPEA_WPEAPEBD_KPEAU_Mbstatet@@@Z 000000018000af24 f   libucrt:mbrtowc.obj
 0001:0000a09c       __acrt_locale_free_monetary 000000018000b09c f   libucrt:initmon.obj
 0001:0000a1a8       __acrt_locale_free_numeric 000000018000b1a8 f   libucrt:initnum.obj
 0001:0000a26c       __acrt_locale_free_time    000000018000b26c f   libucrt:inittime.obj
 0001:0000a374       _raise_exc                 000000018000b374 f   libucrt:fpexcept.obj
 0001:0000a39c       _raise_exc_ex              000000018000b39c f   libucrt:fpexcept.obj
 0001:0000a6ac       _raise_excf                000000018000b6ac f   libucrt:fpexcept.obj
 0001:0000a6d8       _set_errno_from_matherr    000000018000b6d8 f   libucrt:fpexcept.obj
 0001:0000a708       _clrfp                     000000018000b708 f   libucrt:fpctrl.obj
 0001:0000a728       _ctrlfp                    000000018000b728 f   libucrt:fpctrl.obj
 0001:0000a7a4       _set_statfp                000000018000b7a4 f   libucrt:fpctrl.obj
 0001:0000a7c4       _statfp                    000000018000b7c4 f   libucrt:fpctrl.obj
 0001:0000a7d8       __strncnt                  000000018000b7d8 f   libucrt:strncnt.obj
 0001:0000a7f0       __ascii_wcsnicmp           000000018000b7f0 f   libucrt:wcsnicmp.obj
 0001:0000a83c       _query_app_type            000000018000b83c f   libucrt:report_runtime_error.obj
 0001:0000a8e0       _lseeki64_nolock           000000018000b8e0 f   libucrt:lseek.obj
 0001:0000a8e8       _putwch_nolock             000000018000b8e8 f   libucrt:putwch.obj
 0001:0000a924       _fclose_nolock             000000018000b924 f   libucrt:fclose.obj
 0001:0000a9a8       fclose                     000000018000b9a8 f   libucrt:fclose.obj
 0001:0000aa0c       ?__mbrtoc32_utf8@__crt_mbstring@@YA_KPEA_UPEBD_KPEAU_Mbstatet@@@Z 000000018000ba0c f   libucrt:mbrtoc32.obj
 0001:0000abf0       log10                      000000018000bbf0 f   libucrt:log10.obj
 0001:0000b1b0       _get_fpsr                  000000018000c1b0 f   libucrt:fpsr.obj
 0001:0000b1c0       _set_fpsr                  000000018000c1c0 f   libucrt:fpsr.obj
 0001:0000b1ca       _fclrf                     000000018000c1ca f   libucrt:fpsr.obj
 0001:0000b1de       _frnd                      000000018000c1de f   libucrt:fpsr.obj
 0001:0000b200       __dcrt_lowio_ensure_console_output_initialized 000000018000c200 f   libucrt:initcon.obj
 0001:0000b254       __dcrt_terminate_console_output 000000018000c254 f   libucrt:initcon.obj
 0001:0000b270       __dcrt_write_console       000000018000c270 f   libucrt:initcon.obj
 0001:0000b3a4       _close                     000000018000c3a4 f   libucrt:close.obj
 0001:0000b448       _close_nolock              000000018000c448 f   libucrt:close.obj
 0001:0000b508       ?__acrt_stdio_free_stream@@YAXV__crt_stdio_stream@@@Z 000000018000c508 f   libucrt:stream.obj
 0001:0000b530       _log10_special             000000018000c530 f   libucrt:log_special.obj
 0001:0000b5f0       _FindPESection             000000018000c5f0 f   LIBCMT:pesect.obj
 0001:0000b640       _IsNonwritableInCurrentImage 000000018000c640 f   LIBCMT:pesect.obj
 0001:0000b690       _ValidateImageBase         000000018000c690 f   LIBCMT:pesect.obj
 0001:0000b6c0       __GSHandlerCheck           000000018000c6c0 f   LIBCMT:gshandler.obj
 0001:0000b6e0       __GSHandlerCheckCommon     000000018000c6e0 f   LIBCMT:gshandler.obj
 0001:0000b750       __security_check_cookie    000000018000c750 f   LIBCMT:amdsecgs.obj
 0001:0000b774       __raise_securityfailure    000000018000c774 f   LIBCMT:gs_report.obj
 0001:0000b7a8       __report_gsfailure         000000018000c7a8 f   LIBCMT:gs_report.obj
 0001:0000b87c       __report_rangecheckfailure 000000018000c87c f   LIBCMT:gs_report.obj
 0001:0000b890       __report_securityfailure   000000018000c890 f   LIBCMT:gs_report.obj
 0001:0000ba20       _alloca_probe              000000018000ca20 f   LIBCMT:chkstk.obj
 0001:0000ba20       __chkstk                   000000018000ca20 f   LIBCMT:chkstk.obj
 0001:0000ba90       memcmp                     000000018000ca90 f   libvcruntime:memcmp.obj
 0001:0000bb70       _guard_dispatch_icall_nop  000000018000cb70 f   LIBCMT:guard_dispatch.obj
 0002:00000000       __imp_QueryPerformanceCounter 000000018000d000     kernel32:KERNEL32.dll
 0002:00000008       __imp_GetCurrentProcessId  000000018000d008     kernel32:KERNEL32.dll
 0002:00000010       __imp_GetCurrentThreadId   000000018000d010     kernel32:KERNEL32.dll
 0002:00000018       __imp_GetSystemTimeAsFileTime 000000018000d018     kernel32:KERNEL32.dll
 0002:00000020       __imp_InitializeSListHead  000000018000d020     kernel32:KERNEL32.dll
 0002:00000028       __imp_RtlCaptureContext    000000018000d028     kernel32:KERNEL32.dll
 0002:00000030       __imp_RtlLookupFunctionEntry 000000018000d030     kernel32:KERNEL32.dll
 0002:00000038       __imp_RtlVirtualUnwind     000000018000d038     kernel32:KERNEL32.dll
 0002:00000040       __imp_IsDebuggerPresent    000000018000d040     kernel32:KERNEL32.dll
 0002:00000048       __imp_UnhandledExceptionFilter 000000018000d048     kernel32:KERNEL32.dll
 0002:00000050       __imp_SetUnhandledExceptionFilter 000000018000d050     kernel32:KERNEL32.dll
 0002:00000058       __imp_GetStartupInfoW      000000018000d058     kernel32:KERNEL32.dll
 0002:00000060       __imp_IsProcessorFeaturePresent 000000018000d060     kernel32:KERNEL32.dll
 0002:00000068       __imp_GetModuleHandleW     000000018000d068     kernel32:KERNEL32.dll
 0002:00000070       __imp_WriteConsoleW        000000018000d070     kernel32:KERNEL32.dll
 0002:00000078       __imp_RtlUnwindEx          000000018000d078     kernel32:KERNEL32.dll
 0002:00000080       __imp_InterlockedFlushSList 000000018000d080     kernel32:KERNEL32.dll
 0002:00000088       __imp_GetLastError         000000018000d088     kernel32:KERNEL32.dll
 0002:00000090       __imp_SetLastError         000000018000d090     kernel32:KERNEL32.dll
 0002:00000098       __imp_EnterCriticalSection 000000018000d098     kernel32:KERNEL32.dll
 0002:000000a0       __imp_LeaveCriticalSection 000000018000d0a0     kernel32:KERNEL32.dll
 0002:000000a8       __imp_DeleteCriticalSection 000000018000d0a8     kernel32:KERNEL32.dll
 0002:000000b0       __imp_InitializeCriticalSectionAndSpinCount 000000018000d0b0     kernel32:KERNEL32.dll
 0002:000000b8       __imp_TlsAlloc             000000018000d0b8     kernel32:KERNEL32.dll
 0002:000000c0       __imp_TlsGetValue          000000018000d0c0     kernel32:KERNEL32.dll
 0002:000000c8       __imp_TlsSetValue          000000018000d0c8     kernel32:KERNEL32.dll
 0002:000000d0       __imp_TlsFree              000000018000d0d0     kernel32:KERNEL32.dll
 0002:000000d8       __imp_FreeLibrary          000000018000d0d8     kernel32:KERNEL32.dll
 0002:000000e0       __imp_GetProcAddress       000000018000d0e0     kernel32:KERNEL32.dll
 0002:000000e8       __imp_LoadLibraryExW       000000018000d0e8     kernel32:KERNEL32.dll
 0002:000000f0       __imp_RaiseException       000000018000d0f0     kernel32:KERNEL32.dll
 0002:000000f8       __imp_GetCurrentProcess    000000018000d0f8     kernel32:KERNEL32.dll
 0002:00000100       __imp_ExitProcess          000000018000d100     kernel32:KERNEL32.dll
 0002:00000108       __imp_TerminateProcess     000000018000d108     kernel32:KERNEL32.dll
 0002:00000110       __imp_GetModuleHandleExW   000000018000d110     kernel32:KERNEL32.dll
 0002:00000118       __imp_GetModuleFileNameW   000000018000d118     kernel32:KERNEL32.dll
 0002:00000120       __imp_HeapAlloc            000000018000d120     kernel32:KERNEL32.dll
 0002:00000128       __imp_HeapFree             000000018000d128     kernel32:KERNEL32.dll
 0002:00000130       __imp_FindClose            000000018000d130     kernel32:KERNEL32.dll
 0002:00000138       __imp_FindFirstFileExW     000000018000d138     kernel32:KERNEL32.dll
 0002:00000140       __imp_FindNextFileW        000000018000d140     kernel32:KERNEL32.dll
 0002:00000148       __imp_IsValidCodePage      000000018000d148     kernel32:KERNEL32.dll
 0002:00000150       __imp_GetACP               000000018000d150     kernel32:KERNEL32.dll
 0002:00000158       __imp_GetOEMCP             000000018000d158     kernel32:KERNEL32.dll
 0002:00000160       __imp_GetCPInfo            000000018000d160     kernel32:KERNEL32.dll
 0002:00000168       __imp_GetCommandLineA      000000018000d168     kernel32:KERNEL32.dll
 0002:00000170       __imp_GetCommandLineW      000000018000d170     kernel32:KERNEL32.dll
 0002:00000178       __imp_MultiByteToWideChar  000000018000d178     kernel32:KERNEL32.dll
 0002:00000180       __imp_WideCharToMultiByte  000000018000d180     kernel32:KERNEL32.dll
 0002:00000188       __imp_GetEnvironmentStringsW 000000018000d188     kernel32:KERNEL32.dll
 0002:00000190       __imp_FreeEnvironmentStringsW 000000018000d190     kernel32:KERNEL32.dll
 0002:00000198       __imp_LCMapStringW         000000018000d198     kernel32:KERNEL32.dll
 0002:000001a0       __imp_GetProcessHeap       000000018000d1a0     kernel32:KERNEL32.dll
 0002:000001a8       __imp_GetStdHandle         000000018000d1a8     kernel32:KERNEL32.dll
 0002:000001b0       __imp_GetFileType          000000018000d1b0     kernel32:KERNEL32.dll
 0002:000001b8       __imp_GetStringTypeW       000000018000d1b8     kernel32:KERNEL32.dll
 0002:000001c0       __imp_HeapSize             000000018000d1c0     kernel32:KERNEL32.dll
 0002:000001c8       __imp_HeapReAlloc          000000018000d1c8     kernel32:KERNEL32.dll
 0002:000001d0       __imp_SetStdHandle         000000018000d1d0     kernel32:KERNEL32.dll
 0002:000001d8       __imp_FlushFileBuffers     000000018000d1d8     kernel32:KERNEL32.dll
 0002:000001e0       __imp_WriteFile            000000018000d1e0     kernel32:KERNEL32.dll
 0002:000001e8       __imp_GetConsoleCP         000000018000d1e8     kernel32:KERNEL32.dll
 0002:000001f0       __imp_GetConsoleMode       000000018000d1f0     kernel32:KERNEL32.dll
 0002:000001f8       __imp_SetFilePointerEx     000000018000d1f8     kernel32:KERNEL32.dll
 0002:00000200       __imp_CreateFileW          000000018000d200     kernel32:KERNEL32.dll
 0002:00000208       __imp_CloseHandle          000000018000d208     kernel32:KERNEL32.dll
 0002:00000210       \177KERNEL32_NULL_THUNK_DATA 000000018000d210     kernel32:KERNEL32.dll
 0002:00000218       __guard_check_icall_fptr   000000018000d218     LIBCMT:guard_support.obj
 0002:00000220       __guard_dispatch_icall_fptr 000000018000d220     LIBCMT:guard_support.obj
 0002:00000228       __xc_a                     000000018000d228     LIBCMT:initializers.obj
 0002:00000230       __xc_z                     000000018000d230     LIBCMT:initializers.obj
 0002:00000238       __xi_a                     000000018000d238     LIBCMT:initializers.obj
 0002:00000240       __acrt_tran_fma3_initializer 000000018000d240     libucrt:fma3_initializer.obj
 0002:00000248       __acrt_multibyte_initializer 000000018000d248     libucrt:multibyte_initializer.obj
 0002:00000250       __acrt_stdio_initializer   000000018000d250     libucrt:stdio_initializer.obj
 0002:00000258       __xi_z                     000000018000d258     LIBCMT:initializers.obj
 0002:00000260       __xp_a                     000000018000d260     LIBCMT:initializers.obj
 0002:00000268       __acrt_locale_terminator   000000018000d268     libucrt:locale_initializer.obj
 0002:00000270       __dcrt_console_output_terminator 000000018000d270     libucrt:console_output_initializer.obj
 0002:00000278       __acrt_stdio_terminator    000000018000d278     libucrt:stdio_initializer.obj
 0002:00000280       __xp_z                     000000018000d280     LIBCMT:initializers.obj
 0002:00000288       __xt_a                     000000018000d288     LIBCMT:initializers.obj
 0002:00000290       __xt_z                     000000018000d290     LIBCMT:initializers.obj
 0002:000002d4       __real@00000000            000000018000d2d4     handmade.obj
 0002:000002d8       __real@3d072b02            000000018000d2d8     handmade.obj
 0002:000002dc       __real@3f800000            000000018000d2dc     handmade.obj
 0002:000002e0       __real@40800000            000000018000d2e0     handmade.obj
 0002:000002e4       __real@40c90fdb            000000018000d2e4     handmade.obj
 0002:000002e8       __real@410cbe4c            000000018000d2e8     handmade.obj
 0002:000002ec       __real@41200000            000000018000d2ec     handmade.obj
 0002:000002f0       __real@43000000            000000018000d2f0     handmade.obj
 0002:000002f8       _pRawDllMain               000000018000d2f8     LIBCMT:dll_dllmain.obj
 0002:000002f8       _pDefaultRawDllMain        000000018000d2f8     LIBCMT:dll_dllmain.obj
 0002:00000300       __xmm@ffffffffffffffffffffffffffffffff 000000018000d300     LIBCMT:utility.obj
 0002:00000310       _pDestructExceptionObject  000000018000d310     libvcruntime:ehhelpers.obj
 0002:00000a20       ??_C@_08EHJDFFNH@__based?$CI@ 000000018000da20     libvcruntime:undname.obj
 0002:00000a30       ??_C@_07KOLFKCDI@__cdecl@  000000018000da30     libvcruntime:undname.obj
 0002:00000a38       ??_C@_08GHMPAG@__pascal@   000000018000da38     libvcruntime:undname.obj
 0002:00000a48       ??_C@_09IFJBGAPI@__stdcall@ 000000018000da48     libvcruntime:undname.obj
 0002:00000a58       ??_C@_0L@NPHFGOKO@__thiscall@ 000000018000da58     libvcruntime:undname.obj
 0002:00000a68       ??_C@_0L@JMKHOMEK@__fastcall@ 000000018000da68     libvcruntime:undname.obj
 0002:00000a78       ??_C@_0N@BCKKPABJ@__vectorcall@ 000000018000da78     libvcruntime:undname.obj
 0002:00000a88       ??_C@_09HIJEGCPM@__clrcall@ 000000018000da88     libvcruntime:undname.obj
 0002:00000a94       ??_C@_06GHPCKEAG@__eabi@   000000018000da94     libvcruntime:undname.obj
 0002:00000aa0       ??_C@_09IOPIDJLG@__swift_1@ 000000018000daa0     libvcruntime:undname.obj
 0002:00000ab0       ??_C@_09KFNFGKHF@__swift_2@ 000000018000dab0     libvcruntime:undname.obj
 0002:00000ac0       ??_C@_07JOMMBBKO@__ptr64@  000000018000dac0     libvcruntime:undname.obj
 0002:00000ac8       ??_C@_0L@PILCLIHE@__restrict@ 000000018000dac8     libvcruntime:undname.obj
 0002:00000ad8       ??_C@_0M@GFIIJFMG@__unaligned@ 000000018000dad8     libvcruntime:undname.obj
 0002:00000ae8       ??_C@_09DHDLOLLB@restrict?$CI@ 000000018000dae8     libvcruntime:undname.obj
 0002:00000af2       ??_C@_00CNPNBAHC@@         000000018000daf2     libvcruntime:undname.obj
 0002:00000af4       ??_C@_04NIHEBCM@?5new@     000000018000daf4     libvcruntime:undname.obj
 0002:00000b00       ??_C@_07FPCDHGMM@?5delete@ 000000018000db00     libvcruntime:undname.obj
 0002:00000b08       ??_C@_01NEMOKFLO@?$DN@     000000018000db08     libvcruntime:undname.obj
 0002:00000b0c       ??_C@_02GPIOPFAK@?$DO?$DO@ 000000018000db0c     libvcruntime:undname.obj
 0002:00000b10       ??_C@_02FODMEDOG@?$DM?$DM@ 000000018000db10     libvcruntime:undname.obj
 0002:00000b14       ??_C@_01DCLJPIOD@?$CB@     000000018000db14     libvcruntime:undname.obj
 0002:00000b18       ??_C@_02EGOFBIJA@?$DN?$DN@ 000000018000db18     libvcruntime:undname.obj
 0002:00000b1c       ??_C@_02FDNJECIE@?$CB?$DN@ 000000018000db1c     libvcruntime:undname.obj
 0002:00000b20       ??_C@_02GPECMEKF@?$FL?$FN@ 000000018000db20     libvcruntime:undname.obj
 0002:00000b28       ??_C@_08LHJFAFGD@operator@ 000000018000db28     libvcruntime:undname.obj
 0002:00000b34       ??_C@_02HBOOOICD@?9?$DO@   000000018000db34     libvcruntime:undname.obj
 0002:00000b38       ??_C@_01NBENCBCI@?$CK@     000000018000db38     libvcruntime:undname.obj
 0002:00000b3c       ??_C@_02ECNGHCIF@?$CL?$CL@ 000000018000db3c     libvcruntime:undname.obj
 0002:00000b40       ??_C@_02BAABKJLB@?9?9@     000000018000db40     libvcruntime:undname.obj
 0002:00000b44       ??_C@_01JOAMLHOP@?9@       000000018000db44     libvcruntime:undname.obj
 0002:00000b48       ??_C@_01MIFGBAGJ@?$CL@     000000018000db48     libvcruntime:undname.obj
 0002:00000b4c       ??_C@_01HNPIGOCE@?$CG@     000000018000db4c     libvcruntime:undname.obj
 0002:00000b50       ??_C@_03MNHNFDLC@?9?$DO?$CK@ 000000018000db50     libvcruntime:undname.obj
 0002:00000b54       ??_C@_01KMDKNFGN@?1@       000000018000db54     libvcruntime:undname.obj
 0002:00000b58       ??_C@_01FGNFDNOH@?$CF@     000000018000db58     libvcruntime:undname.obj
 0002:00000b5c       ??_C@_01MNNFJEPP@?$DM@     000000018000db5c     libvcruntime:undname.obj
 0002:00000b60       ??_C@_02EHCHHCKH@?$DM?$DN@ 000000018000db60     libvcruntime:undname.obj
 0002:00000b64       ??_C@_01PPODPGHN@?$DO@     000000018000db64     libvcruntime:undname.obj
 0002:00000b68       ??_C@_02EEKDKGMJ@?$DO?$DN@ 000000018000db68     libvcruntime:undname.obj
 0002:00000b6c       ??_C@_01IHBHIGKO@?0@       000000018000db6c     libvcruntime:undname.obj
 0002:00000b70       ??_C@_02HCKGKOFO@?$CI?$CJ@ 000000018000db70     libvcruntime:undname.obj
 0002:00000b74       ??_C@_01PJKLJHI@?$HO@      000000018000db74     libvcruntime:undname.obj
 0002:00000b78       ??_C@_01JKBOJNNK@?$FO@     000000018000db78     libvcruntime:undname.obj
 0002:00000b7c       ??_C@_01DNKMNLPK@?$HM@     000000018000db7c     libvcruntime:undname.obj
 0002:00000b80       ??_C@_02PPKAJPJL@?$CG?$CG@ 000000018000db80     libvcruntime:undname.obj
 0002:00000b84       ??_C@_02NONPIBCD@?$HM?$HM@ 000000018000db84     libvcruntime:undname.obj
 0002:00000b88       ??_C@_02FPIMKNGF@?$CK?$DN@ 000000018000db88     libvcruntime:undname.obj
 0002:00000b8c       ??_C@_02FOEOMHFC@?$CL?$DN@ 000000018000db8c     libvcruntime:undname.obj
 0002:00000b90       ??_C@_02FKMDLLOA@?9?$DN@   000000018000db90     libvcruntime:undname.obj
 0002:00000b94       ??_C@_02FJEHGPIO@?1?$DN@   000000018000db94     libvcruntime:undname.obj
 0002:00000b98       ??_C@_02FENAOKFI@?$CF?$DN@ 000000018000db98     libvcruntime:undname.obj
 0002:00000b9c       ??_C@_03IKFCCPFF@?$DO?$DO?$DN@ 000000018000db9c     libvcruntime:undname.obj
 0002:00000ba0       ??_C@_03CDNPDDLA@?$DM?$DM?$DN@ 000000018000dba0     libvcruntime:undname.obj
 0002:00000ba4       ??_C@_02FGJGFEAB@?$CG?$DN@ 000000018000dba4     libvcruntime:undname.obj
 0002:00000ba8       ??_C@_02DHLNPPGH@?$HM?$DN@ 000000018000dba8     libvcruntime:undname.obj
 0002:00000bac       ??_C@_02MHEGNOJ@?$FO?$DN@  000000018000dbac     libvcruntime:undname.obj
 0002:00000bb0       ??_C@_09IFPLHPGF@?$GAvftable?8@ 000000018000dbb0     libvcruntime:undname.obj
 0002:00000bc0       ??_C@_09BLBHBJP@?$GAvbtable?8@ 000000018000dbc0     libvcruntime:undname.obj
 0002:00000bd0       ??_C@_07FEEIOKP@?$GAvcall?8@ 000000018000dbd0     libvcruntime:undname.obj
 0002:00000bd8       ??_C@_08LLFFHHDJ@?$GAtypeof?8@ 000000018000dbd8     libvcruntime:undname.obj
 0002:00000be8       ??_C@_0BF@KDPPACIK@?$GAlocal?5static?5guard?8@ 000000018000dbe8     libvcruntime:undname.obj
 0002:00000c00       ??_C@_08OBABFOLI@?$GAstring?8@ 000000018000dc00     libvcruntime:undname.obj
 0002:00000c10       ??_C@_0BD@JDLKDPAB@?$GAvbase?5destructor?8@ 000000018000dc10     libvcruntime:undname.obj
 0002:00000c28       ??_C@_0BN@DEGPLNFK@?$GAvector?5deleting?5destructor?8@ 000000018000dc28     libvcruntime:undname.obj
 0002:00000c48       ??_C@_0BO@OBMKPJIG@?$GAdefault?5constructor?5closure?8@ 000000018000dc48     libvcruntime:undname.obj
 0002:00000c68       ??_C@_0BN@IMDCHIKM@?$GAscalar?5deleting?5destructor?8@ 000000018000dc68     libvcruntime:undname.obj
 0002:00000c88       ??_C@_0BO@PFGOCPJJ@?$GAvector?5constructor?5iterator?8@ 000000018000dc88     libvcruntime:undname.obj
 0002:00000ca8       ??_C@_0BN@LFPFMEDL@?$GAvector?5destructor?5iterator?8@ 000000018000dca8     libvcruntime:undname.obj
 0002:00000cc8       ??_C@_0CE@IKBNEHA@?$GAvector?5vbase?5constructor?5itera@ 000000018000dcc8     libvcruntime:undname.obj
 0002:00000cf0       ??_C@_0BL@NILFHHPC@?$GAvirtual?5displacement?5map?8@ 000000018000dcf0     libvcruntime:undname.obj
 0002:00000d10       ??_C@_0CB@JONCMFFK@?$GAeh?5vector?5constructor?5iterator@ 000000018000dd10     libvcruntime:undname.obj
 0002:00000d38       ??_C@_0CA@GCEOPDGL@?$GAeh?5vector?5destructor?5iterator?8@ 000000018000dd38     libvcruntime:undname.obj
 0002:00000d58       ??_C@_0CH@OOJPLCPH@?$GAeh?5vector?5vbase?5constructor?5it@ 000000018000dd58     libvcruntime:undname.obj
 0002:00000d80       ??_C@_0BL@LLKPOHJI@?$GAcopy?5constructor?5closure?8@ 000000018000dd80     libvcruntime:undname.obj
 0002:00000da0       ??_C@_0BA@KBCDOMBN@?$GAudt?5returning?8@ 000000018000dda0     libvcruntime:undname.obj
 0002:00000db0       ??_C@_03KLGMFNMG@?$GAEH@   000000018000ddb0     libvcruntime:undname.obj
 0002:00000db4       ??_C@_05KHLCHHI@?$GARTTI@  000000018000ddb4     libvcruntime:undname.obj
 0002:00000dc0       ??_C@_0BA@KKLDJDLB@?$GAlocal?5vftable?8@ 000000018000ddc0     libvcruntime:undname.obj
 0002:00000dd0       ??_C@_0CE@IIHCMGGL@?$GAlocal?5vftable?5constructor?5clos@ 000000018000ddd0     libvcruntime:undname.obj
 0002:00000df4       ??_C@_06FHBGPFGH@?5new?$FL?$FN@ 000000018000ddf4     libvcruntime:undname.obj
 0002:00000e00       ??_C@_09LBNFPBCA@?5delete?$FL?$FN@ 000000018000de00     libvcruntime:undname.obj
 0002:00000e10       ??_C@_0P@HJKNJFNN@?$GAomni?5callsig?8@ 000000018000de10     libvcruntime:undname.obj
 0002:00000e20       ??_C@_0BL@CNOONJFP@?$GAplacement?5delete?5closure?8@ 000000018000de20     libvcruntime:undname.obj
 0002:00000e40       ??_C@_0BN@CKNJLHMB@?$GAplacement?5delete?$FL?$FN?5closure?8@ 000000018000de40     libvcruntime:undname.obj
 0002:00000e60       ??_C@_0CG@CFDHKGGD@?$GAmanaged?5vector?5constructor?5ite@ 000000018000de60     libvcruntime:undname.obj
 0002:00000e88       ??_C@_0CF@IMGKMJNO@?$GAmanaged?5vector?5destructor?5iter@ 000000018000de88     libvcruntime:undname.obj
 0002:00000eb0       ??_C@_0CG@HLDDJMAG@?$GAeh?5vector?5copy?5constructor?5ite@ 000000018000deb0     libvcruntime:undname.obj
 0002:00000ed8       ??_C@_0CM@FCBBDIGB@?$GAeh?5vector?5vbase?5copy?5construct@ 000000018000ded8     libvcruntime:undname.obj
 0002:00000f08       ??_C@_0BL@CLIPGLGB@?$GAdynamic?5initializer?5for?5?8@ 000000018000df08     libvcruntime:undname.obj
 0002:00000f28       ??_C@_0CB@PDBIFEP@?$GAdynamic?5atexit?5destructor?5for?5@ 000000018000df28     libvcruntime:undname.obj
 0002:00000f50       ??_C@_0CD@CGAJBKEJ@?$GAvector?5copy?5constructor?5iterat@ 000000018000df50     libvcruntime:undname.obj
 0002:00000f78       ??_C@_0CJ@GJELGAMM@?$GAvector?5vbase?5copy?5constructor?5@ 000000018000df78     libvcruntime:undname.obj
 0002:00000fa8       ??_C@_0CL@FGIJHLCE@?$GAmanaged?5vector?5copy?5constructo@ 000000018000dfa8     libvcruntime:undname.obj
 0002:00000fd8       ??_C@_0BM@PMGGMLDN@?$GAlocal?5static?5thread?5guard?8@ 000000018000dfd8     libvcruntime:undname.obj
 0002:00000ff8       ??_C@_0N@BDNMDMOL@operator?5?$CC?$CC?5@ 000000018000dff8     libvcruntime:undname.obj
 0002:00001008       ??_C@_0BC@GGEBGALA@operator?5co_await@ 000000018000e008     libvcruntime:undname.obj
 0002:00001020       ??_C@_0M@GAAIMMOH@operator?$DM?$DN?$DO@ 000000018000e020     libvcruntime:undname.obj
 0002:00001030       ??_C@_0BC@DAFEJGAK@?5Type?5Descriptor?8@ 000000018000e030     libvcruntime:undname.obj
 0002:00001048       ??_C@_0BM@LDKODKLH@?5Base?5Class?5Descriptor?5at?5?$CI@ 000000018000e048     libvcruntime:undname.obj
 0002:00001068       ??_C@_0BD@LGICGFMM@?5Base?5Class?5Array?8@ 000000018000e068     libvcruntime:undname.obj
 0002:00001080       ??_C@_0BN@MECKDCOJ@?5Class?5Hierarchy?5Descriptor?8@ 000000018000e080     libvcruntime:undname.obj
 0002:000010a0       ??_C@_0BK@CFCOFLF@?5Complete?5Object?5Locator?8@ 000000018000e0a0     libvcruntime:undname.obj
 0002:000010c0       ??_C@_0BG@JNJLAMPM@?$GAanonymous?5namespace?8@ 000000018000e0c0     libvcruntime:undname.obj
 0002:000010f0       ??_C@_1DM@KHCHBNEB@?$AAa?$AAp?$AAi?$AA?9?$AAm?$AAs?$AA?9?$AAw?$AAi?$AAn?$AA?9?$AAc?$AAo?$AAr?$AAe@ 000000018000e0f0     libvcruntime:winapi_downlevel.obj
 0002:00001130       ??_C@_1DK@LPPGFMPP@?$AAa?$AAp?$AAi?$AA?9?$AAm?$AAs?$AA?9?$AAw?$AAi?$AAn?$AA?9?$AAc?$AAo?$AAr?$AAe@ 000000018000e130     libvcruntime:winapi_downlevel.obj
 0002:00001170       ??_C@_1BC@GDMECMAK@?$AAk?$AAe?$AAr?$AAn?$AAe?$AAl?$AA3?$AA2@ 000000018000e170     libvcruntime:winapi_downlevel.obj
 0002:00001188       ??_C@_1BA@PFFKHIOG@?$AAa?$AAp?$AAi?$AA?9?$AAm?$AAs?$AA?9@ 000000018000e188     libvcruntime:winapi_downlevel.obj
 0002:000011a0       ??_C@_08KNHFBNJ@FlsAlloc@  000000018000e1a0     libvcruntime:winapi_downlevel.obj
 0002:000011b8       ??_C@_07PEJMOBNF@FlsFree@  000000018000e1b8     libvcruntime:winapi_downlevel.obj
 0002:000011c8       ??_C@_0M@GDNOONDI@FlsGetValue@ 000000018000e1c8     libvcruntime:winapi_downlevel.obj
 0002:000011e0       ??_C@_0M@JCPCPOEF@FlsSetValue@ 000000018000e1e0     libvcruntime:winapi_downlevel.obj
 0002:000011f8       ??_C@_0BM@HCFOFFN@InitializeCriticalSectionEx@ 000000018000e1f8     libvcruntime:winapi_downlevel.obj
 0002:00001350       __acrt_exception_action_table 000000018000e350     libucrt:exception_filter.obj
 0002:00001410       __acrt_signal_action_table_count 000000018000e410     libucrt:exception_filter.obj
 0002:00001418       __acrt_signal_action_first_fpe_index 000000018000e418     libucrt:exception_filter.obj
 0002:00001420       __acrt_signal_action_fpe_count 000000018000e420     libucrt:exception_filter.obj
 0002:00001428       ??_C@_1BI@BGOHAHKC@?$AAm?$AAs?$AAc?$AAo?$AAr?$AAe?$AAe?$AA?4?$AAd?$AAl?$AAl@ 000000018000e428     libucrt:exit.obj
 0002:00001440       ??_C@_0P@MIGLKIOC@CorExitProcess@ 000000018000e440     libucrt:exit.obj
 0002:00001550       __Lcosfarray               000000018000e550     libucrt:lsincosf_array.obj
 0002:00001580       __Lsinfarray               000000018000e580     libucrt:lsincosf_array.obj
 0002:000015a0       __L_2_by_pi_bits           000000018000e5a0     libucrt:l2_by_pi_bits.obj
 0002:000016f0       ??_C@_04LAGPAAHP@sinf@     000000018000e6f0     libucrt:sincos_special.obj
 0002:00001888       ??_C@_1M@HPNHIDJI@?$AAj?$AAa?$AA?9?$AAJ?$AAP@ 000000018000e888     libucrt:mbctype.obj
 0002:00001898       ??_C@_1M@BIBDDEMK@?$AAz?$AAh?$AA?9?$AAC?$AAN@ 000000018000e898     libucrt:mbctype.obj
 0002:000018a8       ??_C@_1M@JLOOOEGK@?$AAk?$AAo?$AA?9?$AAK?$AAR@ 000000018000e8a8     libucrt:mbctype.obj
 0002:000018b8       ??_C@_1M@CLNBBOPM@?$AAz?$AAh?$AA?9?$AAT?$AAW@ 000000018000e8b8     libucrt:mbctype.obj
 0002:00001970       ??_C@_1EA@JGEFHKEI@?$AAa?$AAp?$AAi?$AA?9?$AAm?$AAs?$AA?9?$AAw?$AAi?$AAn?$AA?9?$AAc?$AAo?$AAr?$AAe@ 000000018000e970     libucrt:winapi_thunks.obj
 0002:000019b0       ??_C@_1DI@IJCEHOCB@?$AAa?$AAp?$AAi?$AA?9?$AAm?$AAs?$AA?9?$AAw?$AAi?$AAn?$AA?9?$AAc?$AAo?$AAr?$AAe@ 000000018000e9b0     libucrt:winapi_thunks.obj
 0002:000019f0       ??_C@_1EI@MPIAOHOC@?$AAa?$AAp?$AAi?$AA?9?$AAm?$AAs?$AA?9?$AAw?$AAi?$AAn?$AA?9?$AAc?$AAo?$AAr?$AAe@ 000000018000e9f0     libucrt:winapi_thunks.obj
 0002:00001a40       ??_C@_1FK@FPHCKFIE@?$AAa?$AAp?$AAi?$AA?9?$AAm?$AAs?$AA?9?$AAw?$AAi?$AAn?$AA?9?$AAc?$AAo?$AAr?$AAe@ 000000018000ea40     libucrt:winapi_thunks.obj
 0002:00001aa0       ??_C@_1EM@DILCGIIO@?$AAa?$AAp?$AAi?$AA?9?$AAm?$AAs?$AA?9?$AAw?$AAi?$AAn?$AA?9?$AAc?$AAo?$AAr?$AAe@ 000000018000eaa0     libucrt:winapi_thunks.obj
 0002:00001af0       ??_C@_1DM@LNCGDDPN@?$AAa?$AAp?$AAi?$AA?9?$AAm?$AAs?$AA?9?$AAw?$AAi?$AAn?$AA?9?$AAc?$AAo?$AAr?$AAe@ 000000018000eaf0     libucrt:winapi_thunks.obj
 0002:00001b30       ??_C@_1DO@FPAPJEMD@?$AAa?$AAp?$AAi?$AA?9?$AAm?$AAs?$AA?9?$AAw?$AAi?$AAn?$AA?9?$AAc?$AAo?$AAr?$AAe@ 000000018000eb30     libucrt:winapi_thunks.obj
 0002:00001b70       ??_C@_1DK@NDHNAHIO@?$AAa?$AAp?$AAi?$AA?9?$AAm?$AAs?$AA?9?$AAw?$AAi?$AAn?$AA?9?$AAc?$AAo?$AAr?$AAe@ 000000018000eb70     libucrt:winapi_thunks.obj
 0002:00001bb0       ??_C@_1DM@KGHDGBCM@?$AAa?$AAp?$AAi?$AA?9?$AAm?$AAs?$AA?9?$AAw?$AAi?$AAn?$AA?9?$AAc?$AAo?$AAr?$AAe@ 000000018000ebb0     libucrt:winapi_thunks.obj
 0002:00001bf0       ??_C@_1EO@IJIOEFOH@?$AAa?$AAp?$AAi?$AA?9?$AAm?$AAs?$AA?9?$AAw?$AAi?$AAn?$AA?9?$AAr?$AAt?$AAc?$AAo@ 000000018000ebf0     libucrt:winapi_thunks.obj
 0002:00001c40       ??_C@_1FG@HHGEKANL@?$AAa?$AAp?$AAi?$AA?9?$AAm?$AAs?$AA?9?$AAw?$AAi?$AAn?$AA?9?$AAs?$AAe?$AAc?$AAu@ 000000018000ec40     libucrt:winapi_thunks.obj
 0002:00001ca0       ??_C@_1EG@DBIOJECG@?$AAe?$AAx?$AAt?$AA?9?$AAm?$AAs?$AA?9?$AAw?$AAi?$AAn?$AA?9?$AAn?$AAt?$AAu?$AAs@ 000000018000eca0     libucrt:winapi_thunks.obj
 0002:00001cf0       ??_C@_1EO@FIHMJCLF@?$AAe?$AAx?$AAt?$AA?9?$AAm?$AAs?$AA?9?$AAw?$AAi?$AAn?$AA?9?$AAn?$AAt?$AAu?$AAs@ 000000018000ecf0     libucrt:winapi_thunks.obj
 0002:00001d40       ??_C@_1BC@DNHGCMLG@?$AAa?$AAd?$AAv?$AAa?$AAp?$AAi?$AA3?$AA2@ 000000018000ed40     libucrt:winapi_thunks.obj
 0002:00001d58       ??_C@_1M@OAIMIKLP@?$AAn?$AAt?$AAd?$AAl?$AAl@ 000000018000ed58     libucrt:winapi_thunks.obj
 0002:00001d70       ??_C@_1EG@DPGNFKGC@?$AAa?$AAp?$AAi?$AA?9?$AAm?$AAs?$AA?9?$AAw?$AAi?$AAn?$AA?9?$AAa?$AAp?$AAp?$AAm@ 000000018000ed70     libucrt:winapi_thunks.obj
 0002:00001db8       ??_C@_1O@BCCLBEOE@?$AAu?$AAs?$AAe?$AAr?$AA3?$AA2@ 000000018000edb8     libucrt:winapi_thunks.obj
 0002:00001dc8       ??_C@_1BA@IAIFMGEF@?$AAe?$AAx?$AAt?$AA?9?$AAm?$AAs?$AA?9@ 000000018000edc8     libucrt:winapi_thunks.obj
 0002:00001de0       ??_C@_0BA@FHFNEAED@AreFileApisANSI@ 000000018000ede0     libucrt:winapi_thunks.obj
 0002:00001e20       ??_C@_0O@KKBNKAPF@LCMapStringEx@ 000000018000ee20     libucrt:winapi_thunks.obj
 0002:00001e38       ??_C@_0BB@HBDEELFH@LocaleNameToLCID@ 000000018000ee38     libucrt:winapi_thunks.obj
 0002:00001e50       ??_C@_0CF@OJOFEIGO@AppPolicyGetProcessTerminationM@ 000000018000ee50     libucrt:winapi_thunks.obj
 0002:00001e80       __lc_time_c                000000018000ee80     libucrt:nlsdata.obj
 0002:00002140       ??_C@_03KOEHGMDN@Sun@      000000018000f140     libucrt:nlsdata.obj
 0002:00002144       ??_C@_03PDAGKDH@Mon@       000000018000f144     libucrt:nlsdata.obj
 0002:00002148       ??_C@_03NAGEINEP@Tue@      000000018000f148     libucrt:nlsdata.obj
 0002:0000214c       ??_C@_03MHOMLAJA@Wed@      000000018000f14c     libucrt:nlsdata.obj
 0002:00002150       ??_C@_03IOFIKPDN@Thu@      000000018000f150     libucrt:nlsdata.obj
 0002:00002154       ??_C@_03IDIOELNC@Fri@      000000018000f154     libucrt:nlsdata.obj
 0002:00002158       ??_C@_03FEFJNEK@Sat@       000000018000f158     libucrt:nlsdata.obj
 0002:0000215c       ??_C@_06OOPIFAJ@Sunday@    000000018000f15c     libucrt:nlsdata.obj
 0002:00002164       ??_C@_06JLEDEDGH@Monday@   000000018000f164     libucrt:nlsdata.obj
 0002:00002170       ??_C@_07BAAGCFCM@Tuesday@  000000018000f170     libucrt:nlsdata.obj
 0002:00002178       ??_C@_09DLIGFAKA@Wednesday@ 000000018000f178     libucrt:nlsdata.obj
 0002:00002188       ??_C@_08HACCIKIA@Thursday@ 000000018000f188     libucrt:nlsdata.obj
 0002:00002194       ??_C@_06JECMNKMI@Friday@   000000018000f194     libucrt:nlsdata.obj
 0002:000021a0       ??_C@_08INBOOONO@Saturday@ 000000018000f1a0     libucrt:nlsdata.obj
 0002:000021ac       ??_C@_03JIHJHPIE@Jan@      000000018000f1ac     libucrt:nlsdata.obj
 0002:000021b0       ??_C@_03HJBDCHOM@Feb@      000000018000f1b0     libucrt:nlsdata.obj
 0002:000021b4       ??_C@_03ODNJBKGA@Mar@      000000018000f1b4     libucrt:nlsdata.obj
 0002:000021b8       ??_C@_03LEOLGMJP@Apr@      000000018000f1b8     libucrt:nlsdata.obj
 0002:000021bc       ??_C@_03CNMDKL@May@        000000018000f1bc     libucrt:nlsdata.obj
 0002:000021c0       ??_C@_03IDFGHECI@Jun@      000000018000f1c0     libucrt:nlsdata.obj
 0002:000021c4       ??_C@_03LBGABGKK@Jul@      000000018000f1c4     libucrt:nlsdata.obj
 0002:000021c8       ??_C@_03IFJFEIGA@Aug@      000000018000f1c8     libucrt:nlsdata.obj
 0002:000021cc       ??_C@_03GGCAPAJC@Sep@      000000018000f1cc     libucrt:nlsdata.obj
 0002:000021d0       ??_C@_03BMAOKBAD@Oct@      000000018000f1d0     libucrt:nlsdata.obj
 0002:000021d4       ??_C@_03JPJOFNIA@Nov@      000000018000f1d4     libucrt:nlsdata.obj
 0002:000021d8       ??_C@_03MKABNOCG@Dec@      000000018000f1d8     libucrt:nlsdata.obj
 0002:000021e0       ??_C@_07CGJPFGJA@January@  000000018000f1e0     libucrt:nlsdata.obj
 0002:000021e8       ??_C@_08GNJGEPFN@February@ 000000018000f1e8     libucrt:nlsdata.obj
 0002:000021f4       ??_C@_05HPCKOFNC@March@    000000018000f1f4     libucrt:nlsdata.obj
 0002:000021fc       ??_C@_05DMJDNLEJ@April@    000000018000f1fc     libucrt:nlsdata.obj
 0002:00002204       ??_C@_04CNLMGBGM@June@     000000018000f204     libucrt:nlsdata.obj
 0002:0000220c       ??_C@_04MIEPOIFP@July@     000000018000f20c     libucrt:nlsdata.obj
 0002:00002214       ??_C@_06LBBHFDDG@August@   000000018000f214     libucrt:nlsdata.obj
 0002:00002220       ??_C@_09BHHEALKD@September@ 000000018000f220     libucrt:nlsdata.obj
 0002:00002230       ??_C@_07JJNFCEND@October@  000000018000f230     libucrt:nlsdata.obj
 0002:00002238       ??_C@_08HCHEGEOA@November@ 000000018000f238     libucrt:nlsdata.obj
 0002:00002248       ??_C@_08EDHMEBNP@December@ 000000018000f248     libucrt:nlsdata.obj
 0002:00002254       ??_C@_02DEDBPAFC@AM@       000000018000f254     libucrt:nlsdata.obj
 0002:00002258       ??_C@_02CJNFDJBF@PM@       000000018000f258     libucrt:nlsdata.obj
 0002:00002260       ??_C@_08BPBNCDIB@MM?1dd?1yy@ 000000018000f260     libucrt:nlsdata.obj
 0002:00002270       ??_C@_0BE@CKGJFCPC@dddd?0?5MMMM?5dd?0?5yyyy@ 000000018000f270     libucrt:nlsdata.obj
 0002:00002288       ??_C@_08JCCMCCIL@HH?3mm?3ss@ 000000018000f288     libucrt:nlsdata.obj
 0002:00002298       ??_C@_17MBGCMIPB@?$AAS?$AAu?$AAn@ 000000018000f298     libucrt:nlsdata.obj
 0002:000022a0       ??_C@_17KBOMKBF@?$AAM?$AAo?$AAn@ 000000018000f2a0     libucrt:nlsdata.obj
 0002:000022a8       ??_C@_17BMKGEGOJ@?$AAT?$AAu?$AAe@ 000000018000f2a8     libucrt:nlsdata.obj
 0002:000022b0       ??_C@_17CJEDCEPE@?$AAW?$AAe?$AAd@ 000000018000f2b0     libucrt:nlsdata.obj
 0002:000022b8       ??_C@_17PDPHAADD@?$AAT?$AAh?$AAu@ 000000018000f2b8     libucrt:nlsdata.obj
 0002:000022c0       ??_C@_17HFOLPPLP@?$AAF?$AAr?$AAi@ 000000018000f2c0     libucrt:nlsdata.obj
 0002:000022c8       ??_C@_17GGIBDPIH@?$AAS?$AAa?$AAt@ 000000018000f2c8     libucrt:nlsdata.obj
 0002:000022d0       ??_C@_1O@IHNHDHPB@?$AAS?$AAu?$AAn?$AAd?$AAa?$AAy@ 000000018000f2d0     libucrt:nlsdata.obj
 0002:000022e0       ??_C@_1O@MMNBFLIA@?$AAM?$AAo?$AAn?$AAd?$AAa?$AAy@ 000000018000f2e0     libucrt:nlsdata.obj
 0002:000022f0       ??_C@_1BA@ENFBFFEK@?$AAT?$AAu?$AAe?$AAs?$AAd?$AAa?$AAy@ 000000018000f2f0     libucrt:nlsdata.obj
 0002:00002300       ??_C@_1BE@EBOGMDOH@?$AAW?$AAe?$AAd?$AAn?$AAe?$AAs?$AAd?$AAa?$AAy@ 000000018000f300     libucrt:nlsdata.obj
 0002:00002318       ??_C@_1BC@HHMNLIHE@?$AAT?$AAh?$AAu?$AAr?$AAs?$AAd?$AAa?$AAy@ 000000018000f318     libucrt:nlsdata.obj
 0002:00002330       ??_C@_1O@PDICJHAG@?$AAF?$AAr?$AAi?$AAd?$AAa?$AAy@ 000000018000f330     libucrt:nlsdata.obj
 0002:00002340       ??_C@_1BC@ENMNNPAJ@?$AAS?$AAa?$AAt?$AAu?$AAr?$AAd?$AAa?$AAy@ 000000018000f340     libucrt:nlsdata.obj
 0002:00002358       ??_C@_17DKNBKCHM@?$AAJ?$AAa?$AAn@ 000000018000f358     libucrt:nlsdata.obj
 0002:00002360       ??_C@_17LMDJEKJN@?$AAF?$AAe?$AAb@ 000000018000f360     libucrt:nlsdata.obj
 0002:00002368       ??_C@_17CKNLEDEC@?$AAM?$AAa?$AAr@ 000000018000f368     libucrt:nlsdata.obj
 0002:00002370       ??_C@_17LFPOIHDD@?$AAA?$AAp?$AAr@ 000000018000f370     libucrt:nlsdata.obj
 0002:00002378       ??_C@_17PNNKMEED@?$AAM?$AAa?$AAy@ 000000018000f378     libucrt:nlsdata.obj
 0002:00002380       ??_C@_17KCJGOCPB@?$AAJ?$AAu?$AAn@ 000000018000f380     libucrt:nlsdata.obj
 0002:00002388       ??_C@_17IJPCKHK@?$AAJ?$AAu?$AAl@ 000000018000f388     libucrt:nlsdata.obj
 0002:00002390       ??_C@_17ICPELBCN@?$AAA?$AAu?$AAg@ 000000018000f390     libucrt:nlsdata.obj
 0002:00002398       ??_C@_17HCHCOKMG@?$AAS?$AAe?$AAp@ 000000018000f398     libucrt:nlsdata.obj
 0002:000023a0       ??_C@_17FNLKOI@?$AAO?$AAc?$AAt@ 000000018000f3a0     libucrt:nlsdata.obj
 0002:000023a8       ??_C@_17BBDMLCIG@?$AAN?$AAo?$AAv@ 000000018000f3a8     libucrt:nlsdata.obj
 0002:000023b0       ??_C@_17EGKACKIF@?$AAD?$AAe?$AAc@ 000000018000f3b0     libucrt:nlsdata.obj
 0002:000023b8       ??_C@_1BA@EFMEIEBA@?$AAJ?$AAa?$AAn?$AAu?$AAa?$AAr?$AAy@ 000000018000f3b8     libucrt:nlsdata.obj
 0002:000023c8       ??_C@_1BC@JGDDFFAM@?$AAF?$AAe?$AAb?$AAr?$AAu?$AAa?$AAr?$AAy@ 000000018000f3c8     libucrt:nlsdata.obj
 0002:000023e0       ??_C@_1M@IKEENEDF@?$AAM?$AAa?$AAr?$AAc?$AAh@ 000000018000f3e0     libucrt:nlsdata.obj
 0002:000023f0       ??_C@_1M@GJNLMHFD@?$AAA?$AAp?$AAr?$AAi?$AAl@ 000000018000f3f0     libucrt:nlsdata.obj
 0002:00002400       ??_C@_19EPFLPGAP@?$AAJ?$AAu?$AAn?$AAe@ 000000018000f400     libucrt:nlsdata.obj
 0002:00002410       ??_C@_19BIFMLPCD@?$AAJ?$AAu?$AAl?$AAy@ 000000018000f410     libucrt:nlsdata.obj
 0002:00002420       ??_C@_1O@PAHLKOAC@?$AAA?$AAu?$AAg?$AAu?$AAs?$AAt@ 000000018000f420     libucrt:nlsdata.obj
 0002:00002430       ??_C@_1BE@DKAAMBJL@?$AAS?$AAe?$AAp?$AAt?$AAe?$AAm?$AAb?$AAe?$AAr@ 000000018000f430     libucrt:nlsdata.obj
 0002:00002448       ??_C@_1BA@EPANDLNG@?$AAO?$AAc?$AAt?$AAo?$AAb?$AAe?$AAr@ 000000018000f448     libucrt:nlsdata.obj
 0002:00002458       ??_C@_1BC@BGLIFPF@?$AAN?$AAo?$AAv?$AAe?$AAm?$AAb?$AAe?$AAr@ 000000018000f458     libucrt:nlsdata.obj
 0002:00002470       ??_C@_1BC@FEMKIFH@?$AAD?$AAe?$AAc?$AAe?$AAm?$AAb?$AAe?$AAr@ 000000018000f470     libucrt:nlsdata.obj
 0002:00002484       ??_C@_15ODEHAHHF@?$AAA?$AAM@ 000000018000f484     libucrt:nlsdata.obj
 0002:0000248c       ??_C@_15CLMNNGEL@?$AAP?$AAM@ 000000018000f48c     libucrt:nlsdata.obj
 0002:00002498       ??_C@_1BC@IEBCMHCM@?$AAM?$AAM?$AA?1?$AAd?$AAd?$AA?1?$AAy?$AAy@ 000000018000f498     libucrt:nlsdata.obj
 0002:000024b0       ??_C@_1CI@KNAKOEBC@?$AAd?$AAd?$AAd?$AAd?$AA?0?$AA?5?$AAM?$AAM?$AAM?$AAM?$AA?5?$AAd?$AAd?$AA?0?$AA?5@ 000000018000f4b0     libucrt:nlsdata.obj
 0002:000024d8       ??_C@_1BC@GDGBMEMK@?$AAH?$AAH?$AA?3?$AAm?$AAm?$AA?3?$AAs?$AAs@ 000000018000f4d8     libucrt:nlsdata.obj
 0002:000024f0       ??_C@_1M@BMHNFIME@?$AAe?$AAn?$AA?9?$AAU?$AAS@ 000000018000f4f0     libucrt:nlsdata.obj
 0002:00002500       __newctype                 000000018000f500     libucrt:ctype.obj
 0002:00002800       __newclmap                 000000018000f800     libucrt:ctype.obj
 0002:00002980       __newcumap                 000000018000f980     libucrt:ctype.obj
 0002:00003940       ??_C@_15EMKDOKLE@?$AAa?$AAr@ 0000000180010940     libucrt:lcidtoname_downlevel.obj
 0002:00003948       ??_C@_15KNPADPLH@?$AAb?$AAg@ 0000000180010948     libucrt:lcidtoname_downlevel.obj
 0002:00003950       ??_C@_15EDMHLDMO@?$AAc?$AAa@ 0000000180010950     libucrt:lcidtoname_downlevel.obj
 0002:00003958       ??_C@_1O@BPEAJADD@?$AAz?$AAh?$AA?9?$AAC?$AAH?$AAS@ 0000000180010958     libucrt:lcidtoname_downlevel.obj
 0002:00003968       ??_C@_15LJNHCMNK@?$AAc?$AAs@ 0000000180010968     libucrt:lcidtoname_downlevel.obj
 0002:00003970       ??_C@_15FOMCIDHG@?$AAd?$AAa@ 0000000180010970     libucrt:lcidtoname_downlevel.obj
 0002:00003978       ??_C@_15NBKABECB@?$AAd?$AAe@ 0000000180010978     libucrt:lcidtoname_downlevel.obj
 0002:00003980       ??_C@_15GHPEIIAO@?$AAe?$AAl@ 0000000180010980     libucrt:lcidtoname_downlevel.obj
 0002:00003988       ??_C@_15MNPNEAIF@?$AAe?$AAn@ 0000000180010988     libucrt:lcidtoname_downlevel.obj
 0002:00003990       ??_C@_15GPIOMPMH@?$AAe?$AAs@ 0000000180010990     libucrt:lcidtoname_downlevel.obj
 0002:00003998       ??_C@_15NGLOAKJC@?$AAf?$AAi@ 0000000180010998     libucrt:lcidtoname_downlevel.obj
 0002:000039a0       ??_C@_15FBKGNKAM@?$AAf?$AAr@ 00000001800109a0     libucrt:lcidtoname_downlevel.obj
 0002:000039a8       ??_C@_15KGGCNEFK@?$AAh?$AAe@ 00000001800109a8     libucrt:lcidtoname_downlevel.obj
 0002:000039b0       ??_C@_15PGHLIDMF@?$AAh?$AAu@ 00000001800109b0     libucrt:lcidtoname_downlevel.obj
 0002:000039b8       ??_C@_15BIEMAPLM@?$AAi?$AAs@ 00000001800109b8     libucrt:lcidtoname_downlevel.obj
 0002:000039c0       ??_C@_15IFJLDHAF@?$AAi?$AAt@ 00000001800109c0     libucrt:lcidtoname_downlevel.obj
 0002:000039c8       ??_C@_15GEMIOCAG@?$AAj?$AAa@ 00000001800109c8     libucrt:lcidtoname_downlevel.obj
 0002:000039d0       ??_C@_15EPELEGJA@?$AAk?$AAo@ 00000001800109d0     libucrt:lcidtoname_downlevel.obj
 0002:000039d8       ??_C@_15NDDHIMN@?$AAn?$AAl@ 00000001800109d8     libucrt:lcidtoname_downlevel.obj
 0002:000039e0       ??_C@_15BPIGNHCD@?$AAn?$AAo@ 00000001800109e0     libucrt:lcidtoname_downlevel.obj
 0002:000039e8       ??_C@_15DEOPBLCG@?$AAp?$AAl@ 00000001800109e8     libucrt:lcidtoname_downlevel.obj
 0002:000039f0       ??_C@_15KBECGEFG@?$AAp?$AAt@ 00000001800109f0     libucrt:lcidtoname_downlevel.obj
 0002:000039f8       ??_C@_15GLJCBFMD@?$AAr?$AAo@ 00000001800109f8     libucrt:lcidtoname_downlevel.obj
 0002:00003a00       ??_C@_15FEDGKCDI@?$AAr?$AAu@ 0000000180010a00     libucrt:lcidtoname_downlevel.obj
 0002:00003a08       ??_C@_15GLKMLLHM@?$AAh?$AAr@ 0000000180010a08     libucrt:lcidtoname_downlevel.obj
 0002:00003a10       ??_C@_15CPKMFBDB@?$AAs?$AAk@ 0000000180010a10     libucrt:lcidtoname_downlevel.obj
 0002:00003a18       ??_C@_15BAAIOGMK@?$AAs?$AAq@ 0000000180010a18     libucrt:lcidtoname_downlevel.obj
 0002:00003a20       ??_C@_15INNPNOHD@?$AAs?$AAv@ 0000000180010a20     libucrt:lcidtoname_downlevel.obj
 0002:00003a28       ??_C@_15CABMMOGH@?$AAt?$AAh@ 0000000180010a28     libucrt:lcidtoname_downlevel.obj
 0002:00003a30       ??_C@_15BPLIHJJM@?$AAt?$AAr@ 0000000180010a30     libucrt:lcidtoname_downlevel.obj
 0002:00003a38       ??_C@_15NEOEKKDJ@?$AAu?$AAr@ 0000000180010a38     libucrt:lcidtoname_downlevel.obj
 0002:00003a40       ??_C@_15NFICGAJK@?$AAi?$AAd@ 0000000180010a40     libucrt:lcidtoname_downlevel.obj
 0002:00003a48       ??_C@_15PJPFLCCM@?$AAu?$AAk@ 0000000180010a48     libucrt:lcidtoname_downlevel.obj
 0002:00003a50       ??_C@_15HPJPHDM@?$AAb?$AAe@ 0000000180010a50     libucrt:lcidtoname_downlevel.obj
 0002:00003a58       ??_C@_15LCHLGJII@?$AAs?$AAl@ 0000000180010a58     libucrt:lcidtoname_downlevel.obj
 0002:00003a60       ??_C@_15PCFJPHHO@?$AAe?$AAt@ 0000000180010a60     libucrt:lcidtoname_downlevel.obj
 0002:00003a68       ??_C@_15HPFPGODN@?$AAl?$AAv@ 0000000180010a68     libucrt:lcidtoname_downlevel.obj
 0002:00003a70       ??_C@_15NFFGKGLG@?$AAl?$AAt@ 0000000180010a70     libucrt:lcidtoname_downlevel.obj
 0002:00003a78       ??_C@_15BDAKCCHN@?$AAf?$AAa@ 0000000180010a78     libucrt:lcidtoname_downlevel.obj
 0002:00003a80       ??_C@_15NFGIAIAJ@?$AAv?$AAi@ 0000000180010a80     libucrt:lcidtoname_downlevel.obj
 0002:00003a88       ??_C@_15LMKNDMHN@?$AAh?$AAy@ 0000000180010a88     libucrt:lcidtoname_downlevel.obj
 0002:00003a90       ??_C@_15IJBHMCFL@?$AAa?$AAz@ 0000000180010a90     libucrt:lcidtoname_downlevel.obj
 0002:00003a98       ??_C@_15EKOFJABL@?$AAe?$AAu@ 0000000180010a98     libucrt:lcidtoname_downlevel.obj
 0002:00003aa0       ??_C@_15BGHADCNK@?$AAm?$AAk@ 0000000180010aa0     libucrt:lcidtoname_downlevel.obj
 0002:00003aa8       ??_C@_15JDNICKHM@?$AAa?$AAf@ 0000000180010aa8     libucrt:lcidtoname_downlevel.obj
 0002:00003ab0       ??_C@_15KPJEDBKD@?$AAk?$AAa@ 0000000180010ab0     libucrt:lcidtoname_downlevel.obj
 0002:00003ab8       ??_C@_15PDNFFFEO@?$AAf?$AAo@ 0000000180010ab8     libucrt:lcidtoname_downlevel.obj
 0002:00003ac0       ??_C@_15OMLEGLOC@?$AAh?$AAi@ 0000000180010ac0     libucrt:lcidtoname_downlevel.obj
 0002:00003ac8       ??_C@_15IDNNENKK@?$AAm?$AAs@ 0000000180010ac8     libucrt:lcidtoname_downlevel.obj
 0002:00003ad0       ??_C@_15MACJNBMH@?$AAk?$AAk@ 0000000180010ad0     libucrt:lcidtoname_downlevel.obj
 0002:00003ad8       ??_C@_15DKDJEOND@?$AAk?$AAy@ 0000000180010ad8     libucrt:lcidtoname_downlevel.obj
 0002:00003ae0       ??_C@_15DFGDLJBG@?$AAs?$AAw@ 0000000180010ae0     libucrt:lcidtoname_downlevel.obj
 0002:00003ae8       ??_C@_15BBFAICNG@?$AAu?$AAz@ 0000000180010ae8     libucrt:lcidtoname_downlevel.obj
 0002:00003af0       ??_C@_15DKNDCGEA@?$AAt?$AAt@ 0000000180010af0     libucrt:lcidtoname_downlevel.obj
 0002:00003af8       ??_C@_15MGIFMDPL@?$AAp?$AAa@ 0000000180010af8     libucrt:lcidtoname_downlevel.obj
 0002:00003b00       ??_C@_15HCNDBBA@?$AAg?$AAu@ 0000000180010b00     libucrt:lcidtoname_downlevel.obj
 0002:00003b08       ??_C@_15FNBEIBON@?$AAt?$AAa@ 0000000180010b08     libucrt:lcidtoname_downlevel.obj
 0002:00003b10       ??_C@_15NCHGBGLK@?$AAt?$AAe@ 0000000180010b10     libucrt:lcidtoname_downlevel.obj
 0002:00003b18       ??_C@_15PHPHCBPF@?$AAk?$AAn@ 0000000180010b18     libucrt:lcidtoname_downlevel.obj
 0002:00003b20       ??_C@_15DLGBCKMP@?$AAm?$AAr@ 0000000180010b20     libucrt:lcidtoname_downlevel.obj
 0002:00003b28       ??_C@_15EABBLBFF@?$AAs?$AAa@ 0000000180010b28     libucrt:lcidtoname_downlevel.obj
 0002:00003b30       ??_C@_15CBKOMCOI@?$AAm?$AAn@ 0000000180010b30     libucrt:lcidtoname_downlevel.obj
 0002:00003b38       ??_C@_15CKDMCJAF@?$AAg?$AAl@ 0000000180010b38     libucrt:lcidtoname_downlevel.obj
 0002:00003b40       ??_C@_17CNJFBPG@?$AAk?$AAo?$AAk@ 0000000180010b40     libucrt:lcidtoname_downlevel.obj
 0002:00003b48       ??_C@_17FFBJICPL@?$AAs?$AAy?$AAr@ 0000000180010b48     libucrt:lcidtoname_downlevel.obj
 0002:00003b50       ??_C@_17KPNDCPAF@?$AAd?$AAi?$AAv@ 0000000180010b50     libucrt:lcidtoname_downlevel.obj
 0002:00003b58       ??_C@_11LOCGONAA@@         0000000180010b58     libucrt:lcidtoname_downlevel.obj
 0002:00003b60       ??_C@_1M@OKAHONE@?$AAa?$AAr?$AA?9?$AAS?$AAA@ 0000000180010b60     libucrt:lcidtoname_downlevel.obj
 0002:00003b70       ??_C@_1M@FFFIGIGK@?$AAb?$AAg?$AA?9?$AAB?$AAG@ 0000000180010b70     libucrt:lcidtoname_downlevel.obj
 0002:00003b80       ??_C@_1M@BJNKEDC@?$AAc?$AAa?$AA?9?$AAE?$AAS@ 0000000180010b80     libucrt:lcidtoname_downlevel.obj
 0002:00003b90       ??_C@_1M@IJJHFJHA@?$AAc?$AAs?$AA?9?$AAC?$AAZ@ 0000000180010b90     libucrt:lcidtoname_downlevel.obj
 0002:00003ba0       ??_C@_1M@CLPEOBGI@?$AAd?$AAa?$AA?9?$AAD?$AAK@ 0000000180010ba0     libucrt:lcidtoname_downlevel.obj
 0002:00003bb0       ??_C@_1M@MCMADGCB@?$AAd?$AAe?$AA?9?$AAD?$AAE@ 0000000180010bb0     libucrt:lcidtoname_downlevel.obj
 0002:00003bc0       ??_C@_1M@OOCKEMAM@?$AAe?$AAl?$AA?9?$AAG?$AAR@ 0000000180010bc0     libucrt:lcidtoname_downlevel.obj
 0002:00003bd0       ??_C@_1M@DDNJFGID@?$AAf?$AAi?$AA?9?$AAF?$AAI@ 0000000180010bd0     libucrt:lcidtoname_downlevel.obj
 0002:00003be0       ??_C@_1M@GLIPPMAC@?$AAf?$AAr?$AA?9?$AAF?$AAR@ 0000000180010be0     libucrt:lcidtoname_downlevel.obj
 0002:00003bf0       ??_C@_1M@GFMCHPE@?$AAh?$AAe?$AA?9?$AAI?$AAL@ 0000000180010bf0     libucrt:lcidtoname_downlevel.obj
 0002:00003c00       ??_C@_1M@MHLPGNKM@?$AAh?$AAu?$AA?9?$AAH?$AAU@ 0000000180010c00     libucrt:lcidtoname_downlevel.obj
 0002:00003c10       ??_C@_1M@LPDDNNPN@?$AAi?$AAs?$AA?9?$AAI?$AAS@ 0000000180010c10     libucrt:lcidtoname_downlevel.obj
 0002:00003c20       ??_C@_1M@MADIPODN@?$AAi?$AAt?$AA?9?$AAI?$AAT@ 0000000180010c20     libucrt:lcidtoname_downlevel.obj
 0002:00003c30       ??_C@_1M@IHBJJGG@?$AAn?$AAl?$AA?9?$AAN?$AAL@ 0000000180010c30     libucrt:lcidtoname_downlevel.obj
 0002:00003c40       ??_C@_1M@EANAGDL@?$AAn?$AAb?$AA?9?$AAN?$AAO@ 0000000180010c40     libucrt:lcidtoname_downlevel.obj
 0002:00003c50       ??_C@_1M@NEIEMEGP@?$AAp?$AAl?$AA?9?$AAP?$AAL@ 0000000180010c50     libucrt:lcidtoname_downlevel.obj
 0002:00003c60       ??_C@_1M@BOCFIGEP@?$AAp?$AAt?$AA?9?$AAB?$AAR@ 0000000180010c60     libucrt:lcidtoname_downlevel.obj
 0002:00003c70       ??_C@_1M@IMPFOPBG@?$AAr?$AAo?$AA?9?$AAR?$AAO@ 0000000180010c70     libucrt:lcidtoname_downlevel.obj
 0002:00003c80       ??_C@_1M@IDNNEJMM@?$AAr?$AAu?$AA?9?$AAR?$AAU@ 0000000180010c80     libucrt:lcidtoname_downlevel.obj
 0002:00003c90       ??_C@_1M@LILEEOGM@?$AAh?$AAr?$AA?9?$AAH?$AAR@ 0000000180010c90     libucrt:lcidtoname_downlevel.obj
 0002:00003ca0       ??_C@_1M@FKIFEHPB@?$AAs?$AAk?$AA?9?$AAS?$AAK@ 0000000180010ca0     libucrt:lcidtoname_downlevel.obj
 0002:00003cb0       ??_C@_1M@LJMAMNPJ@?$AAs?$AAq?$AA?9?$AAA?$AAL@ 0000000180010cb0     libucrt:lcidtoname_downlevel.obj
 0002:00003cc0       ??_C@_1M@GIAKDKJK@?$AAs?$AAv?$AA?9?$AAS?$AAE@ 0000000180010cc0     libucrt:lcidtoname_downlevel.obj
 0002:00003cd0       ??_C@_1M@MKJKIKCL@?$AAt?$AAh?$AA?9?$AAT?$AAH@ 0000000180010cd0     libucrt:lcidtoname_downlevel.obj
 0002:00003ce0       ??_C@_1M@MFLCCMPB@?$AAt?$AAr?$AA?9?$AAT?$AAR@ 0000000180010ce0     libucrt:lcidtoname_downlevel.obj
 0002:00003cf0       ??_C@_1M@OIJHDKJN@?$AAu?$AAr?$AA?9?$AAP?$AAK@ 0000000180010cf0     libucrt:lcidtoname_downlevel.obj
 0002:00003d00       ??_C@_1M@LHIPCIEK@?$AAi?$AAd?$AA?9?$AAI?$AAD@ 0000000180010d00     libucrt:lcidtoname_downlevel.obj
 0002:00003d10       ??_C@_1M@MFMOBGI@?$AAu?$AAk?$AA?9?$AAU?$AAA@ 0000000180010d10     libucrt:lcidtoname_downlevel.obj
 0002:00003d20       ??_C@_1M@OBGLJIPL@?$AAb?$AAe?$AA?9?$AAB?$AAY@ 0000000180010d20     libucrt:lcidtoname_downlevel.obj
 0002:00003d30       ??_C@_1M@BCFAJEAD@?$AAs?$AAl?$AA?9?$AAS?$AAI@ 0000000180010d30     libucrt:lcidtoname_downlevel.obj
 0002:00003d40       ??_C@_1M@FKFFEDDN@?$AAe?$AAt?$AA?9?$AAE?$AAE@ 0000000180010d40     libucrt:lcidtoname_downlevel.obj
 0002:00003d50       ??_C@_1M@KGKKAACI@?$AAl?$AAv?$AA?9?$AAL?$AAV@ 0000000180010d50     libucrt:lcidtoname_downlevel.obj
 0002:00003d60       ??_C@_1M@IFGBIJO@?$AAl?$AAt?$AA?9?$AAL?$AAT@ 0000000180010d60     libucrt:lcidtoname_downlevel.obj
 0002:00003d70       ??_C@_1M@FGEAHEDM@?$AAf?$AAa?$AA?9?$AAI?$AAR@ 0000000180010d70     libucrt:lcidtoname_downlevel.obj
 0002:00003d80       ??_C@_1M@KBMAIBFN@?$AAv?$AAi?$AA?9?$AAV?$AAN@ 0000000180010d80     libucrt:lcidtoname_downlevel.obj
 0002:00003d90       ??_C@_1M@GPCBKDJK@?$AAh?$AAy?$AA?9?$AAA?$AAM@ 0000000180010d90     libucrt:lcidtoname_downlevel.obj
 0002:00003da0       ??_C@_1BG@BECMDDJB@?$AAa?$AAz?$AA?9?$AAA?$AAZ?$AA?9?$AAL?$AAa?$AAt?$AAn@ 0000000180010da0     libucrt:lcidtoname_downlevel.obj
 0002:00003db8       ??_C@_1M@MAOFCAEA@?$AAe?$AAu?$AA?9?$AAE?$AAS@ 0000000180010db8     libucrt:lcidtoname_downlevel.obj
 0002:00003dc8       ??_C@_1M@IGHABKPI@?$AAm?$AAk?$AA?9?$AAM?$AAK@ 0000000180010dc8     libucrt:lcidtoname_downlevel.obj
 0002:00003dd8       ??_C@_1M@IAIGNEJG@?$AAt?$AAn?$AA?9?$AAZ?$AAA@ 0000000180010dd8     libucrt:lcidtoname_downlevel.obj
 0002:00003de8       ??_C@_1M@IIJCOJFA@?$AAx?$AAh?$AA?9?$AAZ?$AAA@ 0000000180010de8     libucrt:lcidtoname_downlevel.obj
 0002:00003df8       ??_C@_1M@LGPJHNJH@?$AAz?$AAu?$AA?9?$AAZ?$AAA@ 0000000180010df8     libucrt:lcidtoname_downlevel.obj
 0002:00003e08       ??_C@_1M@HOKAOIO@?$AAa?$AAf?$AA?9?$AAZ?$AAA@ 0000000180010e08     libucrt:lcidtoname_downlevel.obj
 0002:00003e18       ??_C@_1M@DPCLHLIE@?$AAk?$AAa?$AA?9?$AAG?$AAE@ 0000000180010e18     libucrt:lcidtoname_downlevel.obj
 0002:00003e28       ??_C@_1M@BLKMHJBI@?$AAf?$AAo?$AA?9?$AAF?$AAO@ 0000000180010e28     libucrt:lcidtoname_downlevel.obj
 0002:00003e38       ??_C@_1M@LGGJAPPB@?$AAh?$AAi?$AA?9?$AAI?$AAN@ 0000000180010e38     libucrt:lcidtoname_downlevel.obj
 0002:00003e48       ??_C@_1M@FIKPIHFE@?$AAm?$AAt?$AA?9?$AAM?$AAT@ 0000000180010e48     libucrt:lcidtoname_downlevel.obj
 0002:00003e58       ??_C@_1M@HEGGPBFA@?$AAs?$AAe?$AA?9?$AAN?$AAO@ 0000000180010e58     libucrt:lcidtoname_downlevel.obj
 0002:00003e68       ??_C@_1M@EIBJEEPA@?$AAm?$AAs?$AA?9?$AAM?$AAY@ 0000000180010e68     libucrt:lcidtoname_downlevel.obj
 0002:00003e78       ??_C@_1M@FHLBGMPP@?$AAk?$AAk?$AA?9?$AAK?$AAZ@ 0000000180010e78     libucrt:lcidtoname_downlevel.obj
 0002:00003e88       ??_C@_1M@NGJJLCGI@?$AAk?$AAy?$AA?9?$AAK?$AAG@ 0000000180010e88     libucrt:lcidtoname_downlevel.obj
 0002:00003e98       ??_C@_1M@GIENNBFC@?$AAs?$AAw?$AA?9?$AAK?$AAE@ 0000000180010e98     libucrt:lcidtoname_downlevel.obj
 0002:00003ea8       ??_C@_1BG@NDGMJIMJ@?$AAu?$AAz?$AA?9?$AAU?$AAZ?$AA?9?$AAL?$AAa?$AAt?$AAn@ 0000000180010ea8     libucrt:lcidtoname_downlevel.obj
 0002:00003ec0       ??_C@_1M@IDCCIHBC@?$AAt?$AAt?$AA?9?$AAR?$AAU@ 0000000180010ec0     libucrt:lcidtoname_downlevel.obj
 0002:00003ed0       ??_C@_1M@LOICPMOJ@?$AAb?$AAn?$AA?9?$AAI?$AAN@ 0000000180010ed0     libucrt:lcidtoname_downlevel.obj
 0002:00003ee0       ??_C@_1M@KPKKNEAH@?$AAp?$AAa?$AA?9?$AAI?$AAN@ 0000000180010ee0     libucrt:lcidtoname_downlevel.obj
 0002:00003ef0       ??_C@_1M@PJGPPBOG@?$AAg?$AAu?$AA?9?$AAI?$AAN@ 0000000180010ef0     libucrt:lcidtoname_downlevel.obj
 0002:00003f00       ??_C@_1M@KMKMOPHI@?$AAt?$AAa?$AA?9?$AAI?$AAN@ 0000000180010f00     libucrt:lcidtoname_downlevel.obj
 0002:00003f10       ??_C@_1M@KFEHEPAC@?$AAt?$AAe?$AA?9?$AAI?$AAN@ 0000000180010f10     libucrt:lcidtoname_downlevel.obj
 0002:00003f20       ??_C@_1M@CDCLMGHI@?$AAk?$AAn?$AA?9?$AAI?$AAN@ 0000000180010f20     libucrt:lcidtoname_downlevel.obj
 0002:00003f30       ??_C@_1M@MIODLDKF@?$AAm?$AAl?$AA?9?$AAI?$AAN@ 0000000180010f30     libucrt:lcidtoname_downlevel.obj
 0002:00003f40       ??_C@_1M@PBIEACPO@?$AAm?$AAr?$AA?9?$AAI?$AAN@ 0000000180010f40     libucrt:lcidtoname_downlevel.obj
 0002:00003f50       ??_C@_1M@NIDEAGPH@?$AAs?$AAa?$AA?9?$AAI?$AAN@ 0000000180010f50     libucrt:lcidtoname_downlevel.obj
 0002:00003f60       ??_C@_1M@FHIHCBIO@?$AAm?$AAn?$AA?9?$AAM?$AAN@ 0000000180010f60     libucrt:lcidtoname_downlevel.obj
 0002:00003f70       ??_C@_1M@JAIJPENP@?$AAc?$AAy?$AA?9?$AAG?$AAB@ 0000000180010f70     libucrt:lcidtoname_downlevel.obj
 0002:00003f80       ??_C@_1M@PHGFBEPN@?$AAg?$AAl?$AA?9?$AAE?$AAS@ 0000000180010f80     libucrt:lcidtoname_downlevel.obj
 0002:00003f90       ??_C@_1O@KPIPDNCP@?$AAk?$AAo?$AAk?$AA?9?$AAI?$AAN@ 0000000180010f90     libucrt:lcidtoname_downlevel.obj
 0002:00003fa0       ??_C@_1O@KNHJLDJA@?$AAs?$AAy?$AAr?$AA?9?$AAS?$AAY@ 0000000180010fa0     libucrt:lcidtoname_downlevel.obj
 0002:00003fb0       ??_C@_1O@MKEKBLAH@?$AAd?$AAi?$AAv?$AA?9?$AAM?$AAV@ 0000000180010fb0     libucrt:lcidtoname_downlevel.obj
 0002:00003fc0       ??_C@_1O@OHDCKDDF@?$AAq?$AAu?$AAz?$AA?9?$AAB?$AAO@ 0000000180010fc0     libucrt:lcidtoname_downlevel.obj
 0002:00003fd0       ??_C@_1M@LEPJNLFD@?$AAn?$AAs?$AA?9?$AAZ?$AAA@ 0000000180010fd0     libucrt:lcidtoname_downlevel.obj
 0002:00003fe0       ??_C@_1M@OMLEIIJB@?$AAm?$AAi?$AA?9?$AAN?$AAZ@ 0000000180010fe0     libucrt:lcidtoname_downlevel.obj
 0002:00003ff0       ??_C@_1M@PMPEAILG@?$AAa?$AAr?$AA?9?$AAI?$AAQ@ 0000000180010ff0     libucrt:lcidtoname_downlevel.obj
 0002:00004000       ??_C@_1M@CNKPNOEE@?$AAd?$AAe?$AA?9?$AAC?$AAH@ 0000000180011000     libucrt:lcidtoname_downlevel.obj
[...]
 0004:0000063c       $pdata$_calloc_base        000000018001863c     libucrt:calloc_base.obj
 0004:00000648       $pdata$_free_base          0000000180018648     libucrt:free_base.obj
 0004:00000654       $pdata$??$__acrt_mbs_to_wcs_cp@U__crt_win32_buffer_internal_dynamic_resizing@@@@YAHQEBDAEAV?$__crt_win32_buffer@_WU__crt_win32_buffer_internal_dynamic_resizing@@@@I@Z 0000000180018654     libucrt:argv_wildcards.obj
 0004:00000660       $pdata$??$__acrt_wcs_to_mbs_cp@U__crt_win32_buffer_internal_dynamic_resizing@@@@YAHQEB_WAEAV?$__crt_win32_buffer@DU__crt_win32_buffer_internal_dynamic_resizing@@@@I@Z 0000000180018660     libucrt:argv_wildcards.obj
 0004:0000066c       $pdata$??$common_expand_argv_wildcards@D@@YAHQEAPEADQEAPEAPEAD@Z 000000018001866c     libucrt:argv_wildcards.obj
 0004:00000678       $pdata$??$copy_and_add_argument_to_buffer@D@@YAHQEBD0_KAEAV?$argument_list@D@?A0x5f5c8891@@@Z 0000000180018678     libucrt:argv_wildcards.obj
 0004:00000684       $pdata$??$expand_argument_wildcards@D@@YAHQEAD0AEAV?$argument_list@D@?A0x5f5c8891@@@Z 0000000180018684     libucrt:argv_wildcards.obj
 0004:00000690       $pdata$__acrt_GetModuleFileNameA 0000000180018690     libucrt:getmodulefilenamea.obj
 0004:0000069c       $pdata$??$__acrt_wcs_to_mbs_cp@U__crt_win32_buffer_no_resizing@@@@YAHQEB_WAEAV?$__crt_win32_buffer@DU__crt_win32_buffer_no_resizing@@@@I@Z 000000018001869c     libucrt:getmodulefilenamea.obj
 0004:000006a8       $pdata$__acrt_update_thread_multibyte_data 00000001800186a8     libucrt:mbctype.obj
 0004:000006b4       $pdata$__acrt_initialize_multibyte 00000001800186b4     libucrt:mbctype.obj
 0004:000006c0       $pdata$_setmbcp_nolock     00000001800186c0     libucrt:mbctype.obj
 0004:000006cc       $pdata$?getSystemCP@@YAHH@Z 00000001800186cc     libucrt:mbctype.obj
 0004:000006d8       $pdata$?setSBCS@@YAXPEAU__crt_multibyte_data@@@Z 00000001800186d8     libucrt:mbctype.obj
 0004:000006e4       $pdata$?update_thread_multibyte_data_internal@@YAPEAU__crt_multibyte_data@@QEAU__acrt_ptd@@QEAPEAU1@@Z 00000001800186e4     libucrt:mbctype.obj
 0004:000006f0       $pdata$?fin$0@?0??update_thread_multibyte_data_internal@@YAPEAU__crt_multibyte_data@@QEAU__acrt_ptd@@QEAPEAU1@@Z@4HA 00000001800186f0     libucrt:mbctype.obj
 0004:000006fc       $pdata$?setmbcp_internal@@YAHH_NQEAU__acrt_ptd@@QEAPEAU__crt_multibyte_data@@@Z 00000001800186fc     libucrt:mbctype.obj
 0004:00000708       $pdata$?setSBUpLow@@YAXPEAU__crt_multibyte_data@@@Z 0000000180018708     libucrt:mbctype.obj
 0004:00000714       $pdata$??$?RV<lambda_efdfa57d1f175319df784efa44bb7b81>@@AEAV<lambda_5f0a4c1567f8adc6734073e5d1e1b35c>@@V<lambda_2e8a7d3640ea6ccb4c2413664c2db6fd>@@@?$__crt_seh_guarded_call@X@@QEAAX$$QEAV<lambda_efdfa57d1f175319df784efa44bb7b81>@@AEAV<lambda_5f0a4c1567f8adc6734073e5d1e1b35c>@@$$QEAV<lambda_2e8a7d3640ea6ccb4c2413664c2db6fd>@@@Z 0000000180018714     libucrt:mbctype.obj
 0004:00000720       $pdata$?x_ismbbtype_l@@YAHPEAU__crt_locale_pointers@@IHH@Z 0000000180018720     libucrt:ismbbyte.obj
 0004:0000072c       $pdata$__acrt_initialize_command_line 000000018001872c     libucrt:argv_data.obj
 0004:00000738       $pdata$__acrt_WideCharToMultiByte 0000000180018738     libucrt:widechartomultibyte.obj
 0004:00000744       $pdata$__dcrt_get_narrow_environment_from_os 0000000180018744     libucrt:get_environment_from_os.obj
 0004:00000750       $pdata$_recalloc_base      0000000180018750     libucrt:recalloc.obj
 0004:0000075c       $pdata$__acrt_initialize_winapi_thunks 000000018001875c     libucrt:winapi_thunks.obj
 0004:00000768       $pdata$__acrt_uninitialize_winapi_thunks 0000000180018768     libucrt:winapi_thunks.obj
 0004:00000774       $pdata$__acrt_AreFileApisANSI 0000000180018774     libucrt:winapi_thunks.obj
 0004:00000780       $pdata$__acrt_FlsAlloc     0000000180018780     libucrt:winapi_thunks.obj
 0004:0000078c       $pdata$__acrt_FlsFree      000000018001878c     libucrt:winapi_thunks.obj
 0004:00000798       $pdata$__acrt_FlsGetValue  0000000180018798     libucrt:winapi_thunks.obj
 0004:000007a4       $pdata$__acrt_FlsSetValue  00000001800187a4     libucrt:winapi_thunks.obj
 0004:000007b0       $pdata$__acrt_InitializeCriticalSectionEx 00000001800187b0     libucrt:winapi_thunks.obj
 0004:000007bc       $pdata$__acrt_LCMapStringEx 00000001800187bc     libucrt:winapi_thunks.obj
 0004:000007c8       $pdata$__acrt_LocaleNameToLCID 00000001800187c8     libucrt:winapi_thunks.obj
 0004:000007d4       $pdata$__acrt_AppPolicyGetProcessTerminationMethodInternal 00000001800187d4     libucrt:winapi_thunks.obj
 0004:000007e0       $pdata$?try_get_function@@YAPEAXW4function_id@?A0x391cf84c@@QEBDQEBW4module_id@2@2@Z 00000001800187e0     libucrt:winapi_thunks.obj
 0004:000007ec       $pdata$__acrt_initialize_heap 00000001800187ec     libucrt:heap_handle.obj
 0004:000007f8       $pdata$__acrt_initialize_lowio 00000001800187f8     libucrt:ioinit.obj
 0004:00000804       $pdata$__acrt_initialize_lowio$fin$0 0000000180018804     libucrt:ioinit.obj
 0004:00000804       $pdata$__acrt_lowio_ensure_fh_exists$fin$0 0000000180018804     libucrt:osfinfo.obj
 0004:00000810       $pdata$__acrt_uninitialize_lowio 0000000180018810     libucrt:ioinit.obj
 0004:0000081c       $pdata$?initialize_inherited_file_handles_nolock@@YAXXZ 000000018001881c     libucrt:ioinit.obj
 0004:00000828       $pdata$?initialize_stdio_handles_nolock@@YAXXZ 0000000180018828     libucrt:ioinit.obj
 0004:00000834       $pdata$__acrt_execute_initializers 0000000180018834     libucrt:shared_initialization.obj
 0004:00000840       $pdata$__acrt_execute_uninitializers 0000000180018840     libucrt:shared_initialization.obj
 0004:0000084c       $pdata$_callnewh           000000018001884c     libucrt:new_handler.obj
 0004:00000858       $pdata$_query_new_handler  0000000180018858     libucrt:new_handler.obj
 0004:00000864       $pdata$_query_new_handler$fin$0 0000000180018864     libucrt:new_handler.obj
 0004:00000870       $pdata$__acrt_get_sigabrt_handler 0000000180018870     libucrt:signal.obj
 0004:0000087c       $pdata$raise               000000018001887c     libucrt:signal.obj
 0004:00000888       $pdata$raise$fin$0         0000000180018888     libucrt:signal.obj
 0004:00000894       $pdata$??$?RV<lambda_450d765d439847d4c735a33c368b5fc0>@@AEAV<lambda_44731a7d0e6d81c3e6aa82d741081786>@@V<lambda_601a2a7da3b7a96e9554ac7215c4b07c>@@@?$__crt_seh_guarded_call@P6AXH@Z@@QEAAP6AXH@Z$$QEAV<lambda_450d765d439847d4c735a33c368b5fc0>@@AEAV<lambda_44731a7d0e6d81c3e6aa82d741081786>@@$$QEAV<lambda_601a2a7da3b7a96e9554ac7215c4b07c>@@@Z 0000000180018894     libucrt:signal.obj
 0004:000008a0       $pdata$_fflush_nolock      00000001800188a0     libucrt:fflush.obj
 0004:000008ac       $pdata$__acrt_stdio_flush_nolock 00000001800188ac     libucrt:fflush.obj
 0004:000008b8       $pdata$?common_flush_all@@YAH_N@Z 00000001800188b8     libucrt:fflush.obj
 0004:000008c4       $pdata$??$?RV<lambda_842d9ff0dc9ef11c61343bbaebe7f885>@@AEAV<lambda_c5860995281e5c4ce005b3de8f5874ee>@@V<lambda_d90129c13df834fdcbf8d2b88dafcf2d>@@@?$__crt_seh_guarded_call@X@@QEAAX$$QEAV<lambda_842d9ff0dc9ef11c61343bbaebe7f885>@@AEAV<lambda_c5860995281e5c4ce005b3de8f5874ee>@@$$QEAV<lambda_d90129c13df834fdcbf8d2b88dafcf2d>@@@Z 00000001800188c4     libucrt:fflush.obj
 0004:000008d0       $pdata$?fin$0@?0???$?RV<lambda_842d9ff0dc9ef11c61343bbaebe7f885>@@AEAV<lambda_c5860995281e5c4ce005b3de8f5874ee>@@V<lambda_d90129c13df834fdcbf8d2b88dafcf2d>@@@?$__crt_seh_guarded_call@X@@QEAAX$$QEAV<lambda_842d9ff0dc9ef11c61343bbaebe7f885>@@AEAV<lambda_c5860995281e5c4ce005b3de8f5874ee>@@$$QEAV<lambda_d90129c13df834fdcbf8d2b88dafcf2d>@@@Z@4HA 00000001800188d0     libucrt:fflush.obj
 0004:000008dc       $pdata$??$?RV<lambda_886d6c58226a84441f68b9f2b8217b83>@@AEAV<lambda_ab61a845afdef5b7c387490eaf3616ee>@@V<lambda_f7f22ab5edc0698d5f6905b0d3f44752>@@@?$__crt_seh_guarded_call@X@@QEAAX$$QEAV<lambda_886d6c58226a84441f68b9f2b8217b83>@@AEAV<lambda_ab61a845afdef5b7c387490eaf3616ee>@@$$QEAV<lambda_f7f22ab5edc0698d5f6905b0d3f44752>@@@Z 00000001800188dc     libucrt:fflush.obj
 0004:000008e8       $pdata$?fin$0@?0???$?RV<lambda_886d6c58226a84441f68b9f2b8217b83>@@AEAV<lambda_ab61a845afdef5b7c387490eaf3616ee>@@V<lambda_f7f22ab5edc0698d5f6905b0d3f44752>@@@?$__crt_seh_guarded_call@X@@QEAAX$$QEAV<lambda_886d6c58226a84441f68b9f2b8217b83>@@AEAV<lambda_ab61a845afdef5b7c387490eaf3616ee>@@$$QEAV<lambda_f7f22ab5edc0698d5f6905b0d3f44752>@@@Z@4HA 00000001800188e8     libucrt:fflush.obj
 0004:000008f4       $pdata$__acrt_initialize_stdio 00000001800188f4     libucrt:_file.obj
 0004:00000900       $pdata$__acrt_uninitialize_stdio 0000000180018900     libucrt:_file.obj
 0004:0000090c       $pdata$_malloc_base        000000018001890c     libucrt:malloc_base.obj
 0004:00000918       $pdata$_mbtowc_l           0000000180018918     libucrt:mbtowc.obj
 0004:00000924       $pdata$__acrt_update_locale_info 0000000180018924     libucrt:locale_update.obj
 0004:00000930       $pdata$__acrt_update_multibyte_info 0000000180018930     libucrt:locale_update.obj
 0004:0000093c       $pdata$_fileno             000000018001893c     libucrt:fileno.obj
 0004:00000948       $pdata$__acrt_uninitialize_locale 0000000180018948     libucrt:wsetlocale.obj
 0004:00000954       $pdata$??$?RV<lambda_410d79af7f07d98d83a3f525b3859a53>@@AEAV<lambda_3e16ef9562a7dcce91392c22ab16ea36>@@V<lambda_38119f0e861e05405d8a144b9b982f0a>@@@?$__crt_seh_guarded_call@X@@QEAAX$$QEAV<lambda_410d79af7f07d98d83a3f525b3859a53>@@AEAV<lambda_3e16ef9562a7dcce91392c22ab16ea36>@@$$QEAV<lambda_38119f0e861e05405d8a144b9b982f0a>@@@Z 0000000180018954     libucrt:wsetlocale.obj
 0004:00000960       $pdata$?fin$0@?0???$?RV<lambda_410d79af7f07d98d83a3f525b3859a53>@@AEAV<lambda_3e16ef9562a7dcce91392c22ab16ea36>@@V<lambda_38119f0e861e05405d8a144b9b982f0a>@@@?$__crt_seh_guarded_call@X@@QEAAX$$QEAV<lambda_410d79af7f07d98d83a3f525b3859a53>@@AEAV<lambda_3e16ef9562a7dcce91392c22ab16ea36>@@$$QEAV<lambda_38119f0e861e05405d8a144b9b982f0a>@@@Z@4HA 0000000180018960     libucrt:wsetlocale.obj
 0004:0000096c       $pdata$__pctype_func       000000018001896c     libucrt:ctype.obj
 0004:00000978       $pdata$_call_matherr       0000000180018978     libucrt:libm_error.obj
 0004:00000984       $pdata$_exception_enabled  0000000180018984     libucrt:libm_error.obj
 0004:00000990       $pdata$_handle_errorf      0000000180018990     libucrt:libm_error.obj
 0004:0000099c       $pdata$_handle_error       000000018001899c     libucrt:libm_error.obj
 0004:000009a8       $pdata$__acrt_release_locale_ref 00000001800189a8     libucrt:locale_refcounting.obj
 0004:000009b4       $pdata$__acrt_free_locale  00000001800189b4     libucrt:locale_refcounting.obj
 0004:000009c0       $pdata$__acrt_locale_free_lc_time_if_unreferenced 00000001800189c0     libucrt:locale_refcounting.obj
 0004:000009cc       $pdata$__acrt_update_thread_locale_data 00000001800189cc     libucrt:locale_refcounting.obj
 0004:000009d8       $pdata$__acrt_update_thread_locale_data$fin$0 00000001800189d8     libucrt:locale_refcounting.obj
 0004:000009e4       $pdata$_updatetlocinfoEx_nolock 00000001800189e4     libucrt:locale_refcounting.obj
 0004:000009f0       $pdata$qsort               00000001800189f0     libucrt:qsort.obj
 0004:000009fc       $pdata$4$qsort             00000001800189fc     libucrt:qsort.obj
 0004:00000a08       $pdata$5$qsort             0000000180018a08     libucrt:qsort.obj
 0004:00000a14       $pdata$strncpy_s           0000000180018a14     libucrt:strncpy_s.obj
 0004:00000a20       $pdata$strpbrk             0000000180018a20     libucrt:strpbrk.obj
 0004:00000a2c       $pdata$fallbackMethod      0000000180018a2c     libucrt:strpbrk.obj
 0004:00000a38       $pdata$_mbsdec_l           0000000180018a38     libucrt:mbsdec.obj
 0004:00000a44       $pdata$__acrt_GetStringTypeA 0000000180018a44     libucrt:getstringtypea.obj
 0004:00000a50       $pdata$__acrt_LCMapStringA 0000000180018a50     libucrt:lcmapstringa.obj
 0004:00000a5c       $pdata$?__acrt_LCMapStringA_stat@@YAHPEAU__crt_locale_pointers@@PEB_WKPEBDHPEADHHH@Z 0000000180018a5c     libucrt:lcmapstringa.obj
 0004:00000a68       $pdata$?initialize_multibyte@@YAHXZ 0000000180018a68     libucrt:multibyte_initializer.obj
 0004:00000a74       $pdata$_msize_base         0000000180018a74     libucrt:msize.obj
 0004:00000a80       $pdata$_realloc_base       0000000180018a80     libucrt:realloc_base.obj
 0004:00000a8c       $pdata$__acrt_DownlevelLocaleNameToLCID 0000000180018a8c     libucrt:lcidtoname_downlevel.obj
 0004:00000a98       $pdata$_get_osfhandle      0000000180018a98     libucrt:osfinfo.obj
 0004:00000aa4       $pdata$_free_osfhnd        0000000180018aa4     libucrt:osfinfo.obj
 0004:00000ab0       $pdata$__acrt_lowio_create_handle_array 0000000180018ab0     libucrt:osfinfo.obj
 0004:00000abc       $pdata$__acrt_lowio_destroy_handle_array 0000000180018abc     libucrt:osfinfo.obj
 0004:00000ac8       $pdata$__acrt_lowio_ensure_fh_exists 0000000180018ac8     libucrt:osfinfo.obj
 0004:00000ad4       $pdata$_commit             0000000180018ad4     libucrt:commit.obj
 0004:00000ae0       $pdata$??$?RV<lambda_a37b2b86f63e897a80ea819b0eb08c01>@@AEAV<lambda_38ce7e780aa69e748d6df282ebc68efe>@@V<lambda_99fb1378e971ab6e7edea83e3a7a83a2>@@@?$__crt_seh_guarded_call@H@@QEAAH$$QEAV<lambda_a37b2b86f63e897a80ea819b0eb08c01>@@AEAV<lambda_38ce7e780aa69e748d6df282ebc68efe>@@$$QEAV<lambda_99fb1378e971ab6e7edea83e3a7a83a2>@@@Z 0000000180018ae0     libucrt:commit.obj
 0004:00000aec       $pdata$?fin$0@?0???$?RV<lambda_751a882b2c74d4b022dec766aa51a29a>@@AEAV<lambda_628dfdc04ba53c8bfc02c9951375f3f5>@@V<lambda_f6c7be5f7998530c34de24c7437d6b54>@@@?$__crt_seh_guarded_call@H@@QEAAH$$QEAV<lambda_751a882b2c74d4b022dec766aa51a29a>@@AEAV<lambda_628dfdc04ba53c8bfc02c9951375f3f5>@@$$QEAV<lambda_f6c7be5f7998530c34de24c7437d6b54>@@@Z@4HA 0000000180018aec     libucrt:close.obj
 0004:00000aec       $pdata$?fin$0@?0???$?RV<lambda_a37b2b86f63e897a80ea819b0eb08c01>@@AEAV<lambda_38ce7e780aa69e748d6df282ebc68efe>@@V<lambda_99fb1378e971ab6e7edea83e3a7a83a2>@@@?$__crt_seh_guarded_call@H@@QEAAH$$QEAV<lambda_a37b2b86f63e897a80ea819b0eb08c01>@@AEAV<lambda_38ce7e780aa69e748d6df282ebc68efe>@@$$QEAV<lambda_99fb1378e971ab6e7edea83e3a7a83a2>@@@Z@4HA 0000000180018aec     libucrt:commit.obj
 0004:00000af8       $pdata$_write              0000000180018af8     libucrt:write.obj
 0004:00000b04       $pdata$_write$fin$0        0000000180018b04     libucrt:write.obj
 0004:00000b10       $pdata$_write_nolock       0000000180018b10     libucrt:write.obj
 0004:00000b1c       $pdata$?write_double_translated_ansi_nolock@@YA?AUwrite_result@?A0x17268360@@HQEBDI@Z 0000000180018b1c     libucrt:write.obj
 0004:00000b28       $pdata$?write_text_ansi_nolock@@YA?AUwrite_result@?A0x17268360@@HQEBDI@Z 0000000180018b28     libucrt:write.obj
 0004:00000b34       $pdata$?write_text_utf16le_nolock@@YA?AUwrite_result@?A0x17268360@@HQEBDI@Z 0000000180018b34     libucrt:write.obj
 0004:00000b40       $pdata$?write_text_utf8_nolock@@YA?AUwrite_result@?A0x17268360@@HQEBDI@Z 0000000180018b40     libucrt:write.obj
 0004:00000b4c       $pdata$_fcloseall          0000000180018b4c     libucrt:closeall.obj
 0004:00000b58       $pdata$_fcloseall$fin$0    0000000180018b58     libucrt:closeall.obj
 0004:00000b64       $pdata$__acrt_stdio_free_buffer_nolock 0000000180018b64     libucrt:_freebuf.obj
 0004:00000b70       $pdata$_isatty             0000000180018b70     libucrt:isatty.obj
 0004:00000b7c       $pdata$_isleadbyte_l       0000000180018b7c     libucrt:_wctype.obj
 0004:00000b88       $pdata$?__mbrtowc_utf8@__crt_mbstring@@YA_KPEA_WPEBD_KPEAU_Mbstatet@@@Z 0000000180018b88     libucrt:mbrtowc.obj
 0004:00000b94       $pdata$?__mbsrtowcs_utf8@__crt_mbstring@@YA_KPEA_WPEAPEBD_KPEAU_Mbstatet@@@Z 0000000180018b94     libucrt:mbrtowc.obj
 0004:00000ba0       $pdata$__acrt_locale_free_monetary 0000000180018ba0     libucrt:initmon.obj
 0004:00000bac       $pdata$__acrt_locale_free_numeric 0000000180018bac     libucrt:initnum.obj
 0004:00000bb8       $pdata$__acrt_locale_free_time 0000000180018bb8     libucrt:inittime.obj
 0004:00000bc4       $pdata$?free_crt_array_internal@@YAXQEAPEBX_K@Z 0000000180018bc4     libucrt:inittime.obj
 0004:00000bd0       $pdata$_set_errno_from_matherr 0000000180018bd0     libucrt:fpexcept.obj
 0004:00000bdc       $pdata$_raise_excf         0000000180018bdc     libucrt:fpexcept.obj
 0004:00000be8       $pdata$_raise_exc          0000000180018be8     libucrt:fpexcept.obj
 0004:00000bf4       $pdata$_raise_exc_ex       0000000180018bf4     libucrt:fpexcept.obj
 0004:00000c00       $pdata$_clrfp              0000000180018c00     libucrt:fpctrl.obj
 0004:00000c0c       $pdata$_ctrlfp             0000000180018c0c     libucrt:fpctrl.obj
 0004:00000c18       $pdata$_ctrlfp$filt$0      0000000180018c18     libucrt:fpctrl.obj
 0004:00000c24       $pdata$_statfp             0000000180018c24     libucrt:fpctrl.obj
 0004:00000c30       $pdata$_set_statfp         0000000180018c30     libucrt:fpctrl.obj
 0004:00000c3c       $pdata$??$common_lseek_nolock@_J@@YA_JH_JH@Z 0000000180018c3c     libucrt:lseek.obj
 0004:00000c48       $pdata$_putwch_nolock      0000000180018c48     libucrt:putwch.obj
 0004:00000c54       $pdata$fclose              0000000180018c54     libucrt:fclose.obj
 0004:00000c60       $pdata$fclose$fin$0        0000000180018c60     libucrt:fclose.obj
 0004:00000c6c       $pdata$_fclose_nolock      0000000180018c6c     libucrt:fclose.obj
 0004:00000c78       $pdata$?__mbrtoc32_utf8@__crt_mbstring@@YA_KPEA_UPEBD_KPEAU_Mbstatet@@@Z 0000000180018c78     libucrt:mbrtoc32.obj
 0004:00000c9c       $pdata$__dcrt_lowio_ensure_console_output_initialized 0000000180018c9c     libucrt:initcon.obj
 0004:00000ca8       $pdata$__dcrt_write_console 0000000180018ca8     libucrt:initcon.obj
 0004:00000cb4       $pdata$__dcrt_terminate_console_output 0000000180018cb4     libucrt:initcon.obj
 0004:00000cc0       $pdata$_close              0000000180018cc0     libucrt:close.obj
 0004:00000ccc       $pdata$_close_nolock       0000000180018ccc     libucrt:close.obj
 0004:00000cd8       $pdata$??$?RV<lambda_751a882b2c74d4b022dec766aa51a29a>@@AEAV<lambda_628dfdc04ba53c8bfc02c9951375f3f5>@@V<lambda_f6c7be5f7998530c34de24c7437d6b54>@@@?$__crt_seh_guarded_call@H@@QEAAH$$QEAV<lambda_751a882b2c74d4b022dec766aa51a29a>@@AEAV<lambda_628dfdc04ba53c8bfc02c9951375f3f5>@@$$QEAV<lambda_f6c7be5f7998530c34de24c7437d6b54>@@@Z 0000000180018cd8     libucrt:close.obj
 0004:00000ce4       $pdata$_log_special_common 0000000180018ce4     libucrt:log_special.obj
 0004:00000cf0       $pdata$_log10_special      0000000180018cf0     libucrt:log_special.obj
 0004:00000cfc       $pdata$_IsNonwritableInCurrentImage 0000000180018cfc     LIBCMT:pesect.obj
 0004:00000d08       $pdata$_IsNonwritableInCurrentImage$filt$0 0000000180018d08     LIBCMT:pesect.obj
 0004:00000d14       $pdata$__GSHandlerCheckCommon 0000000180018d14     LIBCMT:gshandler.obj
 0004:00000d20       $pdata$__GSHandlerCheck    0000000180018d20     LIBCMT:gshandler.obj
 0004:00000d38       $pdata$__report_securityfailure 0000000180018d38     LIBCMT:gs_report.obj
 0004:00000d44       $pdata$__report_rangecheckfailure 0000000180018d44     LIBCMT:gs_report.obj
 0004:00000d50       $pdata$__report_gsfailure  0000000180018d50     LIBCMT:gs_report.obj
 0004:00000d5c       $pdata$capture_current_context 0000000180018d5c     LIBCMT:gs_report.obj
 0004:00000d68       $pdata$capture_previous_context 0000000180018d68     LIBCMT:gs_report.obj
 0004:00000d74       $pdata$__raise_securityfailure 0000000180018d74     LIBCMT:gs_report.obj
 0005:00000000       MsetTab                    0000000180019000     libvcruntime:memset.obj
 0005:00000050       MoveSmall                  0000000180019050     libvcruntime:memcpy.obj
