 win32_handmade

 Timestamp is 5e976e87 (Wed Apr 15 14:28:55 2020)

 Preferred load address is 0000000140000000

 Start         Length     Name                   Class
 0001:00000000 00012b50H .text$mn                CODE
 0001:00012b50 00000020H .text$mn$00             CODE
 0001:00012b70 00000290H .text$x                 CODE
 0002:00000000 00000300H .idata$5                DATA
 0002:00000300 00000010H .00cfg                  DATA
 0002:00000310 00000008H .CRT$XCA                DATA
 0002:00000318 00000008H .CRT$XCAA               DATA
 0002:00000320 00000008H .CRT$XCZ                DATA
 0002:00000328 00000008H .CRT$XIA                DATA
 0002:00000330 00000008H .CRT$XIAA               DATA
 0002:00000338 00000008H .CRT$XIAC               DATA
 0002:00000340 00000018H .CRT$XIC                DATA
 0002:00000358 00000008H .CRT$XIZ                DATA
 0002:00000360 00000008H .CRT$XPA                DATA
 0002:00000368 00000010H .CRT$XPX                DATA
 0002:00000378 00000008H .CRT$XPXA               DATA
 0002:00000380 00000008H .CRT$XPZ                DATA
 0002:00000388 00000008H .CRT$XTA                DATA
 0002:00000390 00000010H .CRT$XTZ                DATA
 0002:00000398 00000000H .gfids$y                DATA
 0002:000003a0 00008198H .rdata                  DATA
 0002:00008538 00000000H .rdata$r                DATA
 0002:00008538 000002e8H .rdata$zzzdbg           DATA
 0002:00008820 00000008H .rtc$IAA                DATA
 0002:00008828 00000008H .rtc$IZZ                DATA
 0002:00008830 00000008H .rtc$TAA                DATA
 0002:00008838 00000008H .rtc$TZZ                DATA
 0002:00008840 00000db8H .xdata                  DATA
 0002:000095f8 00000000H .xdata$x                DATA
 0002:000095f8 00000000H .edata                  DATA
 0002:000095f8 00000050H .idata$2                DATA
 0002:00009648 00000018H .idata$3                DATA
 0002:00009660 00000300H .idata$4                DATA
 0002:00009960 000006aeH .idata$6                DATA
 0003:00000000 00000a10H .data                   DATA
 0003:00000a10 00000000H .data$r                 DATA
 0003:00000a10 00001250H .bss                    DATA
 0004:00000000 00001098H .pdata                  DATA
 0005:00000000 00000094H _RDATA                  DATA

  Address         Publics by Value              Rva+Base               Lib:Object

 0000:00000000       __hybrid_code_map_count    0000000000000000     <absolute>
 0000:00000000       ___safe_se_handler_count   0000000000000000     <absolute>
 0000:00000000       __hybrid_code_map          0000000000000000     <absolute>
 0000:00000000       __guard_iat_count          0000000000000000     <absolute>
 0000:00000000       __guard_longjmp_count      0000000000000000     <absolute>
 0000:00000000       __guard_longjmp_table      0000000000000000     <absolute>
 0000:00000000       __guard_iat_table          0000000000000000     <absolute>
 0000:00000000       __guard_fids_count         0000000000000000     <absolute>
 0000:00000000       __volatile_metadata        0000000000000000     <absolute>
 0000:00000000       __enclave_config           0000000000000000     <absolute>
 0000:00000000       __AbsoluteZero             0000000000000000     <absolute>
 0000:00000000       __dynamic_value_reloc_table 0000000000000000     <absolute>
 0000:00000000       ___safe_se_handler_table   0000000000000000     <absolute>
 0000:00000000       __guard_fids_table         0000000000000000     <absolute>
 0000:00000000       __hybrid_auxiliary_iat     0000000000000000     <absolute>
 0000:00000100       __guard_flags              0000000000000100     <absolute>
 0000:00000000       __ImageBase                0000000140000000     <linker-defined>
 0001:00000000       ?GameUpdateAndRenderStub@@YAXPEAUgame_memory@@PEAUgame_input@@PEAUgame_offscreen_buffer@@@Z 0000000140001000 f   win32_handmade.obj
 0001:00000020       ?GameGetSoundSamplesStub@@YAXPEAUgame_memory@@PEAUgame_sound_output_buffer@@@Z 0000000140001020 f   win32_handmade.obj
 0001:00000040       WinMain                    0000000140001040 f   win32_handmade.obj
 0001:00001680       ?XInputGetStateStub@@YAKKPEAU_XINPUT_STATE@@@Z 0000000140002680 f   win32_handmade.obj
 0001:000016a0       ?XInputSetStateStub@@YAKKPEAU_XINPUT_VIBRATION@@@Z 00000001400026a0 f   win32_handmade.obj
 0001:000016c0       ?DEBUGPlatformFreeFileMemory@@YAXPEAX@Z 00000001400026c0 f   win32_handmade.obj
 0001:000016f0       ?DEBUGPlatformReadEntireFile@@YA?AUdebug_read_file_result@@PEAD@Z 00000001400026f0 f   win32_handmade.obj
 0001:00001830       ?DEBUGPlatformWriteEntireFile@@YAHPEADIPEAX@Z 0000000140002830 f   win32_handmade.obj
 0001:00001f80       ?MainWindowCallback@@YA_JPEAUHWND__@@I_K_J@Z 0000000140002f80 f   win32_handmade.obj
 0001:00003250       ??$_snprintf_s@$0BAA@@@YAHAEAY0BAA@D_KPEBDZZ 0000000140004250 f i win32_handmade.obj
 0001:000032a0       ?GetController@@YAPEAUgame_controller_input@@PEAUgame_input@@H@Z 00000001400042a0 f i win32_handmade.obj
 0001:000032f0       ?SafeTruncateUInt64@@YAI_K@Z 00000001400042f0 f i win32_handmade.obj
 0001:00003320       ?Win32DrawSoundBufferMarker@@YAXPEAUwin32_offscreen_buffer@@PEAUwin32_sound_output@@MHHHKI@Z 0000000140004320 f i win32_handmade.obj
 0001:000033a0       ?Win32GetLastWriteTime@@YA?AU_FILETIME@@PEAD@Z 00000001400043a0 f i win32_handmade.obj
 0001:00003430       ?Win32GetSecondsElapsed@@YAMT_LARGE_INTEGER@@0@Z 0000000140004430 f i win32_handmade.obj
 0001:000034a0       ?Win32GetWallClock@@YA?AT_LARGE_INTEGER@@XZ 00000001400044a0 f i win32_handmade.obj
 0001:000034c0       __local_stdio_printf_options 00000001400044c0 f i win32_handmade.obj
 0001:000034d0       _vsnprintf_s               00000001400044d0 f i win32_handmade.obj
 0001:00003520       _vsnprintf_s_l             0000000140004520 f i win32_handmade.obj
 0001:000035a0       __GSHandlerCheck           00000001400045a0 f   LIBCMT:gshandler.obj
 0001:000035c0       __GSHandlerCheckCommon     00000001400045c0 f   LIBCMT:gshandler.obj
 0001:00003630       __chkstk                   0000000140004630 f   LIBCMT:chkstk.obj
 0001:00003630       _alloca_probe              0000000140004630 f   LIBCMT:chkstk.obj
 0001:000036a0       __security_check_cookie    00000001400046a0 f   LIBCMT:amdsecgs.obj
 0001:0000391c       WinMainCRTStartup          000000014000491c f   LIBCMT:exe_winmain.obj
 0001:00003930       __raise_securityfailure    0000000140004930 f   LIBCMT:gs_report.obj
 0001:00003964       __report_gsfailure         0000000140004964 f   LIBCMT:gs_report.obj
 0001:00003a38       __report_rangecheckfailure 0000000140004a38 f   LIBCMT:gs_report.obj
 0001:00003a4c       __report_securityfailure   0000000140004a4c f   LIBCMT:gs_report.obj
 0001:00003bcc       __scrt_acquire_startup_lock 0000000140004bcc f   LIBCMT:utility.obj
 0001:00003c08       __scrt_initialize_crt      0000000140004c08 f   LIBCMT:utility.obj
 0001:00003c54       __scrt_initialize_onexit_tables 0000000140004c54 f   LIBCMT:utility.obj
 0001:00003ce0       __scrt_is_nonwritable_in_current_image 0000000140004ce0 f   LIBCMT:utility.obj
 0001:00003d78       __scrt_release_startup_lock 0000000140004d78 f   LIBCMT:utility.obj
 0001:00003d9c       __scrt_uninitialize_crt    0000000140004d9c f   LIBCMT:utility.obj
 0001:00003dc8       _onexit                    0000000140004dc8 f   LIBCMT:utility.obj
 0001:00003e04       atexit                     0000000140004e04 f   LIBCMT:utility.obj
 0001:00003e1c       __security_init_cookie     0000000140004e1c f   LIBCMT:gs_support.obj
 0001:00003ec8       _get_startup_new_mode      0000000140004ec8 f   LIBCMT:new_mode.obj
 0001:00003ec8       __scrt_exe_initialize_mta  0000000140004ec8 f   LIBCMT:utility_desktop.obj
 0001:00003ec8       _matherr                   0000000140004ec8 f   LIBCMT:matherr.obj
 0001:00003ec8       __scrt_initialize_winrt    0000000140004ec8 f   LIBCMT:utility_desktop.obj
 0001:00003ec8       _get_startup_thread_locale_mode 0000000140004ec8 f   LIBCMT:thread_locale.obj
 0001:00003ec8       __scrt_stub_for_initialize_mta 0000000140004ec8 f   LIBCMT:utility_desktop.obj
 0001:00003ec8       _get_startup_commit_mode   0000000140004ec8 f   LIBCMT:commit_mode.obj
 0001:00003ecc       _get_startup_argv_mode     0000000140004ecc f   LIBCMT:argv_mode.obj
 0001:00003ed4       _get_startup_file_mode     0000000140004ed4 f   LIBCMT:file_mode.obj
 0001:00003edc       ?__scrt_initialize_type_info@@YAXXZ 0000000140004edc f   LIBCMT:tncleanup.obj
 0001:00003eec       _should_initialize_environment 0000000140004eec f   LIBCMT:env_mode.obj
 0001:00003eec       __acrt_uninitialize_command_line 0000000140004eec f   libucrt:argv_data.obj
 0001:00003ef0       _guard_check_icall_nop     0000000140004ef0 f   LIBCMT:guard_support.obj
 0001:00003ef0       _initialize_invalid_parameter_handler 0000000140004ef0 f   LIBCMT:invalid_parameter_handler.obj
 0001:00003ef0       _initialize_denormal_control 0000000140004ef0 f   LIBCMT:denormal_control.obj
 0001:00003ef4       __local_stdio_scanf_options 0000000140004ef4 f i LIBCMT:default_local_stdio_options.obj
 0001:00003efc       __scrt_initialize_default_local_stdio_options 0000000140004efc f   LIBCMT:default_local_stdio_options.obj
 0001:00003f18       __scrt_is_user_matherr_present 0000000140004f18 f   LIBCMT:matherr_detection.obj
 0001:00003f24       __scrt_get_dyn_tls_init_callback 0000000140004f24 f   LIBCMT:dyn_tls_init.obj
 0001:00003f2c       __scrt_get_dyn_tls_dtor_callback 0000000140004f2c f   LIBCMT:dyn_tls_dtor.obj
 0001:00003f34       __crt_debugger_hook        0000000140004f34 f   LIBCMT:utility_desktop.obj
 0001:00003f3c       __scrt_fastfail            0000000140004f3c f   LIBCMT:utility_desktop.obj
 0001:00004088       __scrt_get_show_window_mode 0000000140005088 f   LIBCMT:utility_desktop.obj
 0001:000040c4       __scrt_initialize_mta      00000001400050c4 f   LIBCMT:utility_desktop.obj
 0001:000040cc       __scrt_is_managed_app      00000001400050cc f   LIBCMT:utility_desktop.obj
 0001:00004120       __scrt_set_unhandled_exception_filter 0000000140005120 f   LIBCMT:utility_desktop.obj
 0001:00004130       __scrt_unhandled_exception_filter 0000000140005130 f   LIBCMT:utility_desktop.obj
 0001:0000418c       _RTC_Initialize            000000014000518c f   LIBCMT:initsect.obj
 0001:000041c8       _RTC_Terminate             00000001400051c8 f   LIBCMT:initsect.obj
 0001:00004204       __isa_available_init       0000000140005204 f   LIBCMT:cpu_disp.obj
 0001:0000439c       __scrt_is_ucrt_dll_in_use  000000014000539c f   LIBCMT:ucrt_detection.obj
 0001:000043b0       IsProcessorFeaturePresent  00000001400053b0 f   kernel32:KERNEL32.dll
 0001:000043b8       __C_specific_handler       00000001400053b8 f   libvcruntime:riscchandler.obj
 0001:000045c4       __vcrt_initialize          00000001400055c4 f   libvcruntime:initialization.obj
 0001:000045ec       __vcrt_uninitialize        00000001400055ec f   libvcruntime:initialization.obj
 0001:00004608       __DestructExceptionObject  0000000140005608 f   libvcruntime:ehhelpers.obj
 0001:00004678       ?_CallMemberFunction0@@YAXQEAX0@Z 0000000140005678 f i libvcruntime:ehhelpers.obj
 0001:0000467c       __current_exception        000000014000567c f   libvcruntime:ehhelpers.obj
 0001:00004690       __current_exception_context 0000000140005690 f   libvcruntime:ehhelpers.obj
 0001:000046c0       memset_repmovs             00000001400056c0 f   libvcruntime:memset.obj
 0001:000046e0       memset                     00000001400056e0 f   libvcruntime:memset.obj
 0001:00004880       _NLG_Notify                0000000140005880 f   libvcruntime:notify.obj
 0001:000048a0       __NLG_Dispatch2            00000001400058a0 f   libvcruntime:notify.obj
 0001:000048b0       __NLG_Return2              00000001400058b0 f   libvcruntime:notify.obj
 0001:000048b4       __except_validate_context_record 00000001400058b4 f   libvcruntime:jbcxrval.obj
 0001:000048ec       __vcrt_freefls             00000001400058ec f   libvcruntime:per_thread_data.obj
 0001:0000490c       __vcrt_getptd              000000014000590c f   libvcruntime:per_thread_data.obj
 0001:00004928       __vcrt_getptd_noexit       0000000140005928 f   libvcruntime:per_thread_data.obj
 0001:000049e8       __vcrt_initialize_ptd      00000001400059e8 f   libvcruntime:per_thread_data.obj
 0001:00004a30       __vcrt_uninitialize_ptd    0000000140005a30 f   libvcruntime:per_thread_data.obj
 0001:00004a54       __vcrt_initialize_locks    0000000140005a54 f   libvcruntime:locks.obj
 0001:00004a88       __vcrt_uninitialize_locks  0000000140005a88 f   libvcruntime:locks.obj
 0001:00004c1c       __vcrt_FlsAlloc            0000000140005c1c f   libvcruntime:winapi_downlevel.obj
 0001:00004c64       __vcrt_FlsFree             0000000140005c64 f   libvcruntime:winapi_downlevel.obj
 0001:00004cac       __vcrt_FlsGetValue         0000000140005cac f   libvcruntime:winapi_downlevel.obj
 0001:00004cf4       __vcrt_FlsSetValue         0000000140005cf4 f   libvcruntime:winapi_downlevel.obj
 0001:00004d48       __vcrt_InitializeCriticalSectionEx 0000000140005d48 f   libvcruntime:winapi_downlevel.obj
 0001:00004dc0       memcpy_repmovs             0000000140005dc0 f   libvcruntime:memcpy.obj
 0001:00004de0       memmove                    0000000140005de0 f   libvcruntime:memcpy.obj
 0001:00004de0       memcpy                     0000000140005de0 f   libvcruntime:memcpy.obj
 0001:000051d0       _CallSettingFrame          00000001400061d0 f   libvcruntime:handlers.obj
 0001:00005220       _CallSettingFrame_LookupContinuationIndex 0000000140006220 f   libvcruntime:handlers.obj
 0001:00005250       _CallSettingFrame_NotifyContinuationAddr 0000000140006250 f   libvcruntime:handlers.obj
 0001:00005280       _CallSettingFrameEncoded   0000000140006280 f   libvcruntime:handlers.obj
 0001:00005494       ??$ensure_buffer_is_big_enough@D@formatting_buffer@__crt_stdio_output@@QEAA_N_K@Z 0000000140006494 f i libucrt:output.obj
 0001:0000553c       ??$type_case_integer_parse_into_buffer@I@?$output_processor@DV?$string_output_adapter@D@__crt_stdio_output@@V?$format_validation_base@DV?$string_output_adapter@D@__crt_stdio_output@@@2@@__crt_stdio_output@@AEAAXII_N@Z 000000014000653c f i libucrt:output.obj
 0001:000055c4       ??$type_case_integer_parse_into_buffer@_K@?$output_processor@DV?$string_output_adapter@D@__crt_stdio_output@@V?$format_validation_base@DV?$string_output_adapter@D@__crt_stdio_output@@@2@@__crt_stdio_output@@AEAAX_KI_N@Z 00000001400065c4 f i libucrt:output.obj
 0001:00005654       ??$write_multiple_characters@V?$string_output_adapter@D@__crt_stdio_output@@D@__crt_stdio_output@@YAXAEBV?$string_output_adapter@D@0@DHQEAH@Z 0000000140006654 f i libucrt:output.obj
 0001:000056cc       ??0_LocaleUpdate@@QEAA@QEAU__crt_locale_pointers@@@Z 00000001400066cc f i libucrt:output.obj
 0001:00005768       ?crop_zeroes@__crt_stdio_output@@YAXPEADQEAU__crt_locale_pointers@@@Z 0000000140006768 f i libucrt:output.obj
 0001:000057d4       ?parse_int_from_format_string@?$output_processor@DV?$string_output_adapter@D@__crt_stdio_output@@V?$format_validation_base@DV?$string_output_adapter@D@__crt_stdio_output@@@2@@__crt_stdio_output@@AEAA_NQEAH@Z 00000001400067d4 f i libucrt:output.obj
 0001:00005878       ?process@?$output_processor@DV?$string_output_adapter@D@__crt_stdio_output@@V?$format_validation_base@DV?$string_output_adapter@D@__crt_stdio_output@@@2@@__crt_stdio_output@@QEAAHXZ 0000000140006878 f i libucrt:output.obj
 0001:00005a90       ?state_case_normal@?$output_processor@DV?$string_output_adapter@D@__crt_stdio_output@@V?$format_validation_base@DV?$string_output_adapter@D@__crt_stdio_output@@@2@@__crt_stdio_output@@AEAA_NXZ 0000000140006a90 f i libucrt:output.obj
 0001:00005b04       ?state_case_normal_tchar@?$output_processor@DV?$string_output_adapter@D@__crt_stdio_output@@V?$format_validation_base@DV?$string_output_adapter@D@__crt_stdio_output@@@2@@__crt_stdio_output@@AEAA_ND@Z 0000000140006b04 f i libucrt:output.obj
 0001:00005bac       ?state_case_size@?$output_processor@DV?$string_output_adapter@D@__crt_stdio_output@@V?$format_validation_base@DV?$string_output_adapter@D@__crt_stdio_output@@@2@@__crt_stdio_output@@AEAA_NXZ 0000000140006bac f i libucrt:output.obj
 0001:00005d20       ?state_case_type@?$output_processor@DV?$string_output_adapter@D@__crt_stdio_output@@V?$format_validation_base@DV?$string_output_adapter@D@__crt_stdio_output@@@2@@__crt_stdio_output@@AEAA_NXZ 0000000140006d20 f i libucrt:output.obj
 0001:00005f88       ?type_case_Z@?$output_processor@DV?$string_output_adapter@D@__crt_stdio_output@@V?$format_validation_base@DV?$string_output_adapter@D@__crt_stdio_output@@@2@@__crt_stdio_output@@AEAA_NXZ 0000000140006f88 f i libucrt:output.obj
 0001:00005ffc       ?type_case_a@?$output_processor@DV?$string_output_adapter@D@__crt_stdio_output@@V?$format_validation_base@DV?$string_output_adapter@D@__crt_stdio_output@@@2@@__crt_stdio_output@@AEAA_NXZ 0000000140006ffc f i libucrt:output.obj
 0001:00006214       ?type_case_c_tchar@?$output_processor@DV?$string_output_adapter@D@__crt_stdio_output@@V?$format_validation_base@DV?$string_output_adapter@D@__crt_stdio_output@@@2@@__crt_stdio_output@@AEAA_ND@Z 0000000140007214 f i libucrt:output.obj
 0001:000062d0       ?type_case_integer@?$output_processor@DV?$string_output_adapter@D@__crt_stdio_output@@V?$format_validation_base@DV?$string_output_adapter@D@__crt_stdio_output@@@2@@__crt_stdio_output@@AEAA_NI_N@Z 00000001400072d0 f i libucrt:output.obj
 0001:00006498       ?type_case_n@?$output_processor@DV?$string_output_adapter@D@__crt_stdio_output@@V?$format_validation_base@DV?$string_output_adapter@D@__crt_stdio_output@@@2@@__crt_stdio_output@@AEAA_NXZ 0000000140007498 f i libucrt:output.obj
 0001:00006574       ?type_case_s@?$output_processor@DV?$string_output_adapter@D@__crt_stdio_output@@V?$format_validation_base@DV?$string_output_adapter@D@__crt_stdio_output@@@2@@__crt_stdio_output@@AEAA_NXZ 0000000140007574 f i libucrt:output.obj
 0001:0000660c       ?write_stored_string_tchar@?$output_processor@DV?$string_output_adapter@D@__crt_stdio_output@@V?$format_validation_base@DV?$string_output_adapter@D@__crt_stdio_output@@@2@@__crt_stdio_output@@AEAA_ND@Z 000000014000760c f i libucrt:output.obj
 0001:000066e4       ?write_string@?$string_output_adapter@D@__crt_stdio_output@@QEBAXQEBDHQEAHAEAV__crt_deferred_errno_cache@@@Z 00000001400076e4 f i libucrt:output.obj
 0001:00006788       __stdio_common_vsnprintf_s 0000000140007788 f   libucrt:output.obj
 0001:000068bc       _seh_filter_exe            00000001400078bc f   libucrt:exception_filter.obj
 0001:00006a40       _query_app_type            0000000140007a40 f   libucrt:report_runtime_error.obj
 0001:00006a48       _set_app_type              0000000140007a48 f   libucrt:report_runtime_error.obj
 0001:00006a50       __acrt_has_user_matherr    0000000140007a50 f   libucrt:matherr.obj
 0001:00006a70       __acrt_initialize_user_matherr 0000000140007a70 f   libucrt:matherr.obj
 0001:00006a78       __acrt_invoke_user_matherr 0000000140007a78 f   libucrt:matherr.obj
 0001:00006aa8       __setusermatherr           0000000140007aa8 f   libucrt:matherr.obj
 0001:00006c94       __acrt_allocate_buffer_for_argv 0000000140007c94 f   libucrt:argv_parsing.obj
 0001:00006cf4       _configure_narrow_argv     0000000140007cf4 f   libucrt:argv_parsing.obj
 0001:0000706c       __dcrt_uninitialize_environments_nolock 000000014000806c f   libucrt:environment_initialization.obj
 0001:000070a4       _initialize_narrow_environment 00000001400080a4 f   libucrt:environment_initialization.obj
 0001:000070ac       _get_narrow_winmain_command_line 00000001400080ac f   libucrt:argv_winmain.obj
 0001:0000711c       _initterm                  000000014000811c f   libucrt:initterm.obj
 0001:00007180       _initterm_e                0000000140008180 f   libucrt:initterm.obj
 0001:0000742c       __acrt_initialize_thread_local_exit_callback 000000014000842c f   libucrt:exit.obj
 0001:00007434       _c_exit                    0000000140008434 f   libucrt:exit.obj
 0001:00007444       _cexit                     0000000140008444 f   libucrt:exit.obj
 0001:00007454       _exit                      0000000140008454 f   libucrt:exit.obj
 0001:00007460       _register_thread_local_exe_atexit_callback 0000000140008460 f   libucrt:exit.obj
 0001:0000749c       exit                       000000014000849c f   libucrt:exit.obj
 0001:000074a8       _set_fmode                 00000001400084a8 f   libucrt:setmode.obj
 0001:00007558       __acrt_set_locale_changed  0000000140008558 f   libucrt:wsetlocale.obj
 0001:00007564       __acrt_uninitialize_locale 0000000140008564 f   libucrt:wsetlocale.obj
 0001:00007594       _configthreadlocale        0000000140008594 f   libucrt:wsetlocale.obj
 0001:00007600       _query_new_mode            0000000140008600 f   libucrt:new_mode.obj
 0001:00007608       _set_new_mode              0000000140008608 f   libucrt:new_mode.obj
 0001:00007634       __p__commode               0000000140008634 f   libucrt:ncommode.obj
 0001:0000797c       _crt_atexit                000000014000897c f   libucrt:onexit.obj
 0001:0000798c       _execute_onexit_table      000000014000898c f   libucrt:onexit.obj
 0001:000079c8       _initialize_onexit_table   00000001400089c8 f   libucrt:onexit.obj
 0001:000079f0       _register_onexit_function  00000001400089f0 f   libucrt:onexit.obj
 0001:00007b64       __acrt_initialize          0000000140008b64 f   libucrt:initialization.obj
 0001:00007b78       __acrt_uninitialize        0000000140008b78 f   libucrt:initialization.obj
 0001:00007bb0       terminate                  0000000140008bb0 f   libucrt:terminate.obj
 0001:00007bd0       free                       0000000140008bd0 f   libucrt:free.obj
 0001:00007be4       strcpy_s                   0000000140008be4 f   libucrt:strcpy_s.obj
 0001:00007c44       abort                      0000000140008c44 f   libucrt:abort.obj
 0001:00007c9c       calloc                     0000000140008c9c f   libucrt:calloc.obj
 0001:00007ca4       ??$parse_integer@KV?$c_string_character_source@D@__crt_strtox@@@__crt_strtox@@YAKQEAU__crt_locale_pointers@@V?$c_string_character_source@D@0@H_N@Z 0000000140008ca4 f i libucrt:atox.obj
 0001:00007fac       _ischartype_l              0000000140008fac f i libucrt:atox.obj
 0001:00008040       strncmp                    0000000140009040 f   libucrt:strncmp.obj
 0001:000080c0       wcsncmp                    00000001400090c0 f   libucrt:wcsncmp.obj
 0001:000080ec       __acrt_call_reportfault    00000001400090ec f   libucrt:invalid_parameter.obj
 0001:00008248       __acrt_initialize_invalid_parameter_handler 0000000140009248 f   libucrt:invalid_parameter.obj
 0001:00008250       _invalid_parameter         0000000140009250 f   libucrt:invalid_parameter.obj
 0001:00008300       _invalid_parameter_noinfo  0000000140009300 f   libucrt:invalid_parameter.obj
 0001:00008320       _invoke_watson             0000000140009320 f   libucrt:invalid_parameter.obj
 0001:00008368       __acrt_errno_from_os_error 0000000140009368 f   libucrt:errno.obj
 0001:000083b0       __acrt_errno_map_os_error  00000001400093b0 f   libucrt:errno.obj
 0001:00008400       __doserrno                 0000000140009400 f   libucrt:errno.obj
 0001:00008420       _errno                     0000000140009420 f   libucrt:errno.obj
 0001:00008440       _free_base                 0000000140009440 f   libucrt:free_base.obj
 0001:00008480       _malloc_base               0000000140009480 f   libucrt:malloc_base.obj
 0001:000084e0       strtol                     00000001400094e0 f   libucrt:strtox.obj
 0001:0000850c       _mbtowc_l                  000000014000950c f   libucrt:mbtowc.obj
 0001:0000868c       mbtowc                     000000014000968c f   libucrt:mbtowc.obj
 0001:00008694       _wctomb_s_l                0000000140009694 f   libucrt:wctomb.obj
 0001:00008830       wctomb_s                   0000000140009830 f   libucrt:wctomb.obj
 0001:00008844       strnlen                    0000000140009844 f   libucrt:strnlen.obj
 0001:00008994       wcsnlen                    0000000140009994 f   libucrt:strnlen.obj
 0001:00008ee4       __acrt_getptd              0000000140009ee4 f   libucrt:per_thread_data.obj
 0001:00008fb8       __acrt_getptd_head         0000000140009fb8 f   libucrt:per_thread_data.obj
 0001:00009060       __acrt_getptd_noexit       000000014000a060 f   libucrt:per_thread_data.obj
 0001:0000912c       __acrt_initialize_ptd      000000014000a12c f   libucrt:per_thread_data.obj
 0001:00009168       __acrt_uninitialize_ptd    000000014000a168 f   libucrt:per_thread_data.obj
 0001:0000918c       __acrt_update_locale_info  000000014000a18c f   libucrt:locale_update.obj
 0001:000091c0       __acrt_update_multibyte_info 000000014000a1c0 f   libucrt:locale_update.obj
 0001:00009a8c       __acrt_fp_format           000000014000aa8c f   libucrt:cvt.obj
 0001:00009d90       _fileno                    000000014000ad90 f   libucrt:fileno.obj
 0001:00009db8       __acrt_initialize_stdio    000000014000adb8 f   libucrt:_file.obj
 0001:00009ed8       __acrt_uninitialize_stdio  000000014000aed8 f   libucrt:_file.obj
 0001:00009f34       _lock_file                 000000014000af34 f   libucrt:_file.obj
 0001:00009f40       _unlock_file               000000014000af40 f   libucrt:_file.obj
 0001:00009f4c       _get_printf_count_output   000000014000af4c f   libucrt:printf_count_output.obj
 0001:0000a160       __acrt_initialize_lowio    000000014000b160 f   libucrt:ioinit.obj
 0001:0000a19c       __acrt_uninitialize_lowio  000000014000b19c f   libucrt:ioinit.obj
 0001:0000a1dc       _calloc_base               000000014000b1dc f   libucrt:calloc_base.obj
 0001:0000a268       ??$__acrt_mbs_to_wcs_cp@U__crt_win32_buffer_internal_dynamic_resizing@@@@YAHQEBDAEAV?$__crt_win32_buffer@_WU__crt_win32_buffer_internal_dynamic_resizing@@@@I@Z 000000014000b268 f i libucrt:argv_wildcards.obj
 0001:0000a3e0       ??$__acrt_wcs_to_mbs_cp@U__crt_win32_buffer_internal_dynamic_resizing@@@@YAHQEB_WAEAV?$__crt_win32_buffer@DU__crt_win32_buffer_internal_dynamic_resizing@@@@I@Z 000000014000b3e0 f i libucrt:argv_wildcards.obj
 0001:0000ac10       __acrt_expand_narrow_argv_wildcards 000000014000bc10 f   libucrt:argv_wildcards.obj
 0001:0000ac18       ??$__acrt_wcs_to_mbs_cp@U__crt_win32_buffer_no_resizing@@@@YAHQEB_WAEAV?$__crt_win32_buffer@DU__crt_win32_buffer_no_resizing@@@@I@Z 000000014000bc18 f i libucrt:getmodulefilenamea.obj
 0001:0000ad2c       __acrt_GetModuleFileNameA  000000014000bd2c f   libucrt:getmodulefilenamea.obj
 0001:0000b578       __acrt_initialize_multibyte 000000014000c578 f   libucrt:mbctype.obj
 0001:0000b5d8       __acrt_update_thread_multibyte_data 000000014000c5d8 f   libucrt:mbctype.obj
 0001:0000b5f4       _setmbcp_nolock            000000014000c5f4 f   libucrt:mbctype.obj
 0001:0000b928       _ismbblead                 000000014000c928 f   libucrt:ismbbyte.obj
 0001:0000b93c       __acrt_initialize_command_line 000000014000c93c f   libucrt:argv_data.obj
 0001:0000b964       __acrt_MultiByteToWideChar 000000014000c964 f   libucrt:multibytetowidechar.obj
 0001:0000b9c0       __acrt_WideCharToMultiByte 000000014000c9c0 f   libucrt:widechartomultibyte.obj
 0001:0000ba58       __dcrt_get_narrow_environment_from_os 000000014000ca58 f   libucrt:get_environment_from_os.obj
 0001:0000bb5c       __acrt_initialize_locks    000000014000cb5c f   libucrt:locks.obj
 0001:0000bba4       __acrt_lock                000000014000cba4 f   libucrt:locks.obj
 0001:0000bbc0       __acrt_uninitialize_locks  000000014000cbc0 f   libucrt:locks.obj
 0001:0000bbf8       __acrt_unlock              000000014000cbf8 f   libucrt:locks.obj
 0001:0000bc14       __acrt_get_process_end_policy 000000014000cc14 f   libucrt:win_policies.obj
 0001:0000bc50       __acrt_lowio_create_handle_array 000000014000cc50 f   libucrt:osfinfo.obj
 0001:0000bcf8       __acrt_lowio_destroy_handle_array 000000014000ccf8 f   libucrt:osfinfo.obj
 0001:0000bd48       __acrt_lowio_ensure_fh_exists 000000014000cd48 f   libucrt:osfinfo.obj
 0001:0000bdf0       __acrt_lowio_lock_fh       000000014000cdf0 f   libucrt:osfinfo.obj
 0001:0000be18       __acrt_lowio_unlock_fh     000000014000ce18 f   libucrt:osfinfo.obj
 0001:0000be40       _free_osfhnd               000000014000ce40 f   libucrt:osfinfo.obj
 0001:0000befc       _get_osfhandle             000000014000cefc f   libucrt:osfinfo.obj
 0001:0000bf74       __acrt_locale_free_monetary 000000014000cf74 f   libucrt:initmon.obj
 0001:0000c080       __acrt_locale_free_numeric 000000014000d080 f   libucrt:initnum.obj
 0001:0000c144       __acrt_locale_free_time    000000014000d144 f   libucrt:inittime.obj
 0001:0000c24c       __pctype_func              000000014000d24c f   libucrt:ctype.obj
 0001:0000c27c       __acrt_GetStringTypeA      000000014000d27c f   libucrt:getstringtypea.obj
 0001:0000c40c       __acrt_add_locale_ref      000000014000d40c f   libucrt:locale_refcounting.obj
 0001:0000c498       __acrt_free_locale         000000014000d498 f   libucrt:locale_refcounting.obj
 0001:0000c610       __acrt_locale_add_lc_time_reference 000000014000d610 f   libucrt:locale_refcounting.obj
 0001:0000c638       __acrt_locale_free_lc_time_if_unreferenced 000000014000d638 f   libucrt:locale_refcounting.obj
 0001:0000c670       __acrt_locale_release_lc_time_reference 000000014000d670 f   libucrt:locale_refcounting.obj
 0001:0000c698       __acrt_release_locale_ref  000000014000d698 f   libucrt:locale_refcounting.obj
 0001:0000c740       __acrt_update_thread_locale_data 000000014000d740 f   libucrt:locale_refcounting.obj
 0001:0000c7ac       _updatetlocinfoEx_nolock   000000014000d7ac f   libucrt:locale_refcounting.obj
 0001:0000c9ec       __acrt_AppPolicyGetProcessTerminationMethodInternal 000000014000d9ec f   libucrt:winapi_thunks.obj
 0001:0000ca3c       __acrt_AreFileApisANSI     000000014000da3c f   libucrt:winapi_thunks.obj
 0001:0000ca78       __acrt_FlsAlloc            000000014000da78 f   libucrt:winapi_thunks.obj
 0001:0000cac0       __acrt_FlsFree             000000014000dac0 f   libucrt:winapi_thunks.obj
 0001:0000cb08       __acrt_FlsGetValue         000000014000db08 f   libucrt:winapi_thunks.obj
 0001:0000cb50       __acrt_FlsSetValue         000000014000db50 f   libucrt:winapi_thunks.obj
 0001:0000cba4       __acrt_InitializeCriticalSectionEx 000000014000dba4 f   libucrt:winapi_thunks.obj
 0001:0000cc08       __acrt_LCMapStringEx       000000014000dc08 f   libucrt:winapi_thunks.obj
 0001:0000cce4       __acrt_LocaleNameToLCID    000000014000dce4 f   libucrt:winapi_thunks.obj
 0001:0000cd34       __acrt_initialize_winapi_thunks 000000014000dd34 f   libucrt:winapi_thunks.obj
 0001:0000cd68       __acrt_uninitialize_winapi_thunks 000000014000dd68 f   libucrt:winapi_thunks.obj
 0001:0000cdac       _recalloc_base             000000014000ddac f   libucrt:recalloc.obj
 0001:0000ce44       __acrt_initialize_heap     000000014000de44 f   libucrt:heap_handle.obj
 0001:0000ce60       __acrt_uninitialize_heap   000000014000de60 f   libucrt:heap_handle.obj
 0001:0000ce6c       __acrt_execute_initializers 000000014000de6c f   libucrt:shared_initialization.obj
 0001:0000ceec       __acrt_execute_uninitializers 000000014000deec f   libucrt:shared_initialization.obj
 0001:0000cf28       __acrt_initialize_new_handler 000000014000df28 f   libucrt:new_handler.obj
 0001:0000cf30       _callnewh                  000000014000df30 f   libucrt:new_handler.obj
 0001:0000cf60       _query_new_handler         000000014000df60 f   libucrt:new_handler.obj
 0001:0000cfdc       __acrt_get_sigabrt_handler 000000014000dfdc f   libucrt:signal.obj
 0001:0000d00c       __acrt_initialize_signal_handlers 000000014000e00c f   libucrt:signal.obj
 0001:0000d02c       raise                      000000014000e02c f   libucrt:signal.obj
 0001:0000d474       __acrt_stdio_flush_nolock  000000014000e474 f   libucrt:fflush.obj
 0001:0000d4f0       _fflush_nolock             000000014000e4f0 f   libucrt:fflush.obj
 0001:0000d53c       _flushall                  000000014000e53c f   libucrt:fflush.obj
 0001:0000d544       _isctype_l                 000000014000e544 f   libucrt:isctype.obj
 0001:0000d64c       _isleadbyte_l              000000014000e64c f i libucrt:_wctype.obj
 0001:0000d698       ?__mbrtowc_utf8@__crt_mbstring@@YA_KPEA_WPEBD_KPEAU_Mbstatet@@@Z 000000014000e698 f   libucrt:mbrtowc.obj
 0001:0000d6d4       ?__mbsrtowcs_utf8@__crt_mbstring@@YA_KPEA_WPEAPEBD_KPEAU_Mbstatet@@@Z 000000014000e6d4 f   libucrt:mbrtowc.obj
 0001:0000d84c       ?__c32rtomb_utf8@__crt_mbstring@@YA_KPEAD_UPEAU_Mbstatet@@@Z 000000014000e84c f   libucrt:c32rtomb.obj
 0001:0000d900       __acrt_fp_strflt_to_string 000000014000e900 f   libucrt:_fptostr.obj
 0001:0000d9f0       ?divide@__crt_strtox@@YA_KAEAUbig_integer@1@AEBU21@@Z 000000014000e9f0 f i libucrt:cfout.obj
 0001:0000de1c       __acrt_fltout              000000014000ee1c f   libucrt:cfout.obj
 0001:0000f0d8       _fcloseall                 00000001400100d8 f   libucrt:closeall.obj
 0001:0000f18c       __acrt_stdio_free_buffer_nolock 000000014001018c f   libucrt:_freebuf.obj
 0001:0000f1cc       _isatty                    00000001400101cc f   libucrt:isatty.obj
 0001:0000f230       qsort                      0000000140010230 f   libucrt:qsort.obj
 0001:0000f5e0       strncpy_s                  00000001400105e0 f   libucrt:strncpy_s.obj
 0001:0000f760       strpbrk                    0000000140010760 f   libucrt:strpbrk.obj
 0001:0000fb40       _mbsdec                    0000000140010b40 f   libucrt:mbsdec.obj
 0001:0000fb48       _mbsdec_l                  0000000140010b48 f   libucrt:mbsdec.obj
 0001:0000fef4       __acrt_LCMapStringA        0000000140010ef4 f   libucrt:lcmapstringa.obj
 0001:0000ffa4       __ascii_wcsnicmp           0000000140010fa4 f   libucrt:wcsnicmp.obj
 0001:0000fff0       __acrt_DownlevelLocaleNameToLCID 0000000140010ff0 f   libucrt:lcidtoname_downlevel.obj
 0001:000100a0       _msize_base                00000001400110a0 f   libucrt:msize.obj
 0001:000100dc       _realloc_base              00000001400110dc f   libucrt:realloc_base.obj
 0001:000101e4       _commit                    00000001400111e4 f   libucrt:commit.obj
 0001:00010ad8       _write                     0000000140011ad8 f   libucrt:write.obj
 0001:00010bc4       _write_nolock              0000000140011bc4 f   libucrt:write.obj
 0001:00010ea0       ?__mbrtoc32_utf8@__crt_mbstring@@YA_KPEA_UPEBD_KPEAU_Mbstatet@@@Z 0000000140011ea0 f   libucrt:mbrtoc32.obj
 0001:0001107c       fegetenv                   000000014001207c f   libucrt:fegetenv.obj
 0001:0001109c       fesetenv                   000000014001209c f   libucrt:fesetenv.obj
 0001:000110e8       feholdexcept               00000001400120e8 f   libucrt:feholdexcept.obj
 0001:00011138       ceil                       0000000140012138 f   libucrt:ceil.obj
 0001:00011200       log10                      0000000140012200 f   libucrt:log10.obj
 0001:00011848       _lseeki64_nolock           0000000140012848 f   libucrt:lseek.obj
 0001:00011850       _fclose_nolock             0000000140012850 f   libucrt:fclose.obj
 0001:000118d4       fclose                     00000001400128d4 f   libucrt:fclose.obj
 0001:00011938       __strncnt                  0000000140012938 f   libucrt:strncnt.obj
 0001:00011950       _putwch_nolock             0000000140012950 f   libucrt:putwch.obj
 0001:0001198c       __acrt_fenv_get_control    000000014001298c f   libucrt:_fenvutils.obj
 0001:00011a80       __acrt_fenv_get_status     0000000140012a80 f   libucrt:_fenvutils.obj
 0001:00011ad4       __acrt_fenv_set_control    0000000140012ad4 f   libucrt:_fenvutils.obj
 0001:00011c1c       __acrt_fenv_set_status     0000000140012c1c f   libucrt:_fenvutils.obj
 0001:00011ca0       _clearfp                   0000000140012ca0 f   libucrt:ieee.obj
 0001:00011e34       _handle_error              0000000140012e34 f   libucrt:libm_error.obj
 0001:00011f5c       _handle_nan                0000000140012f5c f   libucrt:libm_error.obj
 0001:00011f80       __acrt_initialize_fma3     0000000140012f80 f   libucrt:fma3_available.obj
 0001:00011ff0       _log10_special             0000000140012ff0 f   libucrt:log_special.obj
 0001:0001211c       _close                     000000014001311c f   libucrt:close.obj
 0001:000121c0       _close_nolock              00000001400131c0 f   libucrt:close.obj
 0001:00012280       ?__acrt_stdio_free_stream@@YAXV__crt_stdio_stream@@@Z 0000000140013280 f   libucrt:stream.obj
 0001:0001229c       __dcrt_lowio_ensure_console_output_initialized 000000014001329c f   libucrt:initcon.obj
 0001:000122f0       __dcrt_terminate_console_output 00000001400132f0 f   libucrt:initcon.obj
 0001:0001230c       __dcrt_write_console       000000014001330c f   libucrt:initcon.obj
 0001:000123e0       _get_fpsr                  00000001400133e0 f   libucrt:fpsr.obj
 0001:000123f0       _set_fpsr                  00000001400133f0 f   libucrt:fpsr.obj
 0001:000123fa       _fclrf                     00000001400133fa f   libucrt:fpsr.obj
 0001:0001240e       _frnd                      000000014001340e f   libucrt:fpsr.obj
 0001:00012430       _raise_exc                 0000000140013430 f   libucrt:fpexcept.obj
 0001:00012458       _raise_exc_ex              0000000140013458 f   libucrt:fpexcept.obj
 0001:00012768       _set_errno_from_matherr    0000000140013768 f   libucrt:fpexcept.obj
 0001:00012798       _clrfp                     0000000140013798 f   libucrt:fpctrl.obj
 0001:000127b8       _ctrlfp                    00000001400137b8 f   libucrt:fpctrl.obj
 0001:00012834       _set_statfp                0000000140013834 f   libucrt:fpctrl.obj
 0001:00012854       _statfp                    0000000140013854 f   libucrt:fpctrl.obj
 0001:00012870       _FindPESection             0000000140013870 f   LIBCMT:pesect.obj
 0001:000128c0       _IsNonwritableInCurrentImage 00000001400138c0 f   LIBCMT:pesect.obj
 0001:00012910       _ValidateImageBase         0000000140013910 f   LIBCMT:pesect.obj
 0001:00012950       memcmp                     0000000140013950 f   libvcruntime:memcmp.obj
 0001:00012a18       strrchr                    0000000140013a18 f   libvcruntime:strrchr.obj
 0001:00012b60       _guard_dispatch_icall_nop  0000000140013b60 f   LIBCMT:guard_dispatch.obj
 0002:00000000       __imp_StretchDIBits        0000000140014000     gdi32:GDI32.dll
 0002:00000008       \177GDI32_NULL_THUNK_DATA  0000000140014008     gdi32:GDI32.dll
 0002:00000010       __imp_CreateFileW          0000000140014010     kernel32:KERNEL32.dll
 0002:00000018       __imp_GetConsoleMode       0000000140014018     kernel32:KERNEL32.dll
 0002:00000020       __imp_GetConsoleCP         0000000140014020     kernel32:KERNEL32.dll
 0002:00000028       __imp_FlushFileBuffers     0000000140014028     kernel32:KERNEL32.dll
 0002:00000030       __imp_WriteConsoleW        0000000140014030     kernel32:KERNEL32.dll
 0002:00000038       __imp_HeapSize             0000000140014038     kernel32:KERNEL32.dll
 0002:00000040       __imp_SetFilePointerEx     0000000140014040     kernel32:KERNEL32.dll
 0002:00000048       __imp_GetProcessHeap       0000000140014048     kernel32:KERNEL32.dll
 0002:00000050       __imp_LCMapStringW         0000000140014050     kernel32:KERNEL32.dll
 0002:00000058       __imp_HeapReAlloc          0000000140014058     kernel32:KERNEL32.dll
 0002:00000060       __imp_SetLastError         0000000140014060     kernel32:KERNEL32.dll
 0002:00000068       __imp_CompareFileTime      0000000140014068     kernel32:KERNEL32.dll
 0002:00000070       __imp_CreateFileA          0000000140014070     kernel32:KERNEL32.dll
 0002:00000078       __imp_FindClose            0000000140014078     kernel32:KERNEL32.dll
 0002:00000080       __imp_FindFirstFileA       0000000140014080     kernel32:KERNEL32.dll
 0002:00000088       __imp_GetFileSizeEx        0000000140014088     kernel32:KERNEL32.dll
 0002:00000090       __imp_ReadFile             0000000140014090     kernel32:KERNEL32.dll
 0002:00000098       __imp_WriteFile            0000000140014098     kernel32:KERNEL32.dll
 0002:000000a0       __imp_OutputDebugStringA   00000001400140a0     kernel32:KERNEL32.dll
 0002:000000a8       __imp_CloseHandle          00000001400140a8     kernel32:KERNEL32.dll
 0002:000000b0       __imp_QueryPerformanceCounter 00000001400140b0     kernel32:KERNEL32.dll
 0002:000000b8       __imp_QueryPerformanceFrequency 00000001400140b8     kernel32:KERNEL32.dll
 0002:000000c0       __imp_Sleep                00000001400140c0     kernel32:KERNEL32.dll
 0002:000000c8       __imp_VirtualAlloc         00000001400140c8     kernel32:KERNEL32.dll
 0002:000000d0       __imp_VirtualFree          00000001400140d0     kernel32:KERNEL32.dll
 0002:000000d8       __imp_FreeLibrary          00000001400140d8     kernel32:KERNEL32.dll
 0002:000000e0       __imp_GetModuleFileNameA   00000001400140e0     kernel32:KERNEL32.dll
 0002:000000e8       __imp_GetProcAddress       00000001400140e8     kernel32:KERNEL32.dll
 0002:000000f0       __imp_LoadLibraryA         00000001400140f0     kernel32:KERNEL32.dll
 0002:000000f8       __imp_CopyFileA            00000001400140f8     kernel32:KERNEL32.dll
 0002:00000100       __imp_RtlCaptureContext    0000000140014100     kernel32:KERNEL32.dll
 0002:00000108       __imp_RtlLookupFunctionEntry 0000000140014108     kernel32:KERNEL32.dll
 0002:00000110       __imp_RtlVirtualUnwind     0000000140014110     kernel32:KERNEL32.dll
 0002:00000118       __imp_UnhandledExceptionFilter 0000000140014118     kernel32:KERNEL32.dll
 0002:00000120       __imp_SetUnhandledExceptionFilter 0000000140014120     kernel32:KERNEL32.dll
 0002:00000128       __imp_GetCurrentProcess    0000000140014128     kernel32:KERNEL32.dll
 0002:00000130       __imp_TerminateProcess     0000000140014130     kernel32:KERNEL32.dll
 0002:00000138       __imp_IsProcessorFeaturePresent 0000000140014138     kernel32:KERNEL32.dll
 0002:00000140       __imp_GetCurrentProcessId  0000000140014140     kernel32:KERNEL32.dll
 0002:00000148       __imp_GetCurrentThreadId   0000000140014148     kernel32:KERNEL32.dll
 0002:00000150       __imp_GetSystemTimeAsFileTime 0000000140014150     kernel32:KERNEL32.dll
 0002:00000158       __imp_InitializeSListHead  0000000140014158     kernel32:KERNEL32.dll
 0002:00000160       __imp_IsDebuggerPresent    0000000140014160     kernel32:KERNEL32.dll
 0002:00000168       __imp_GetStartupInfoW      0000000140014168     kernel32:KERNEL32.dll
 0002:00000170       __imp_GetModuleHandleW     0000000140014170     kernel32:KERNEL32.dll
 0002:00000178       __imp_RtlUnwindEx          0000000140014178     kernel32:KERNEL32.dll
 0002:00000180       __imp_GetLastError         0000000140014180     kernel32:KERNEL32.dll
 0002:00000188       __imp_EnterCriticalSection 0000000140014188     kernel32:KERNEL32.dll
 0002:00000190       __imp_LeaveCriticalSection 0000000140014190     kernel32:KERNEL32.dll
 0002:00000198       __imp_DeleteCriticalSection 0000000140014198     kernel32:KERNEL32.dll
 0002:000001a0       __imp_InitializeCriticalSectionAndSpinCount 00000001400141a0     kernel32:KERNEL32.dll
 0002:000001a8       __imp_TlsAlloc             00000001400141a8     kernel32:KERNEL32.dll
 0002:000001b0       __imp_TlsGetValue          00000001400141b0     kernel32:KERNEL32.dll
 0002:000001b8       __imp_TlsSetValue          00000001400141b8     kernel32:KERNEL32.dll
 0002:000001c0       __imp_TlsFree              00000001400141c0     kernel32:KERNEL32.dll
 0002:000001c8       __imp_LoadLibraryExW       00000001400141c8     kernel32:KERNEL32.dll
 0002:000001d0       __imp_RaiseException       00000001400141d0     kernel32:KERNEL32.dll
 0002:000001d8       __imp_GetStdHandle         00000001400141d8     kernel32:KERNEL32.dll
 0002:000001e0       __imp_GetModuleFileNameW   00000001400141e0     kernel32:KERNEL32.dll
 0002:000001e8       __imp_ExitProcess          00000001400141e8     kernel32:KERNEL32.dll
 0002:000001f0       __imp_GetModuleHandleExW   00000001400141f0     kernel32:KERNEL32.dll
 0002:000001f8       __imp_HeapFree             00000001400141f8     kernel32:KERNEL32.dll
 0002:00000200       __imp_HeapAlloc            0000000140014200     kernel32:KERNEL32.dll
 0002:00000208       __imp_GetFileType          0000000140014208     kernel32:KERNEL32.dll
 0002:00000210       __imp_FindFirstFileExW     0000000140014210     kernel32:KERNEL32.dll
 0002:00000218       __imp_FindNextFileW        0000000140014218     kernel32:KERNEL32.dll
 0002:00000220       __imp_IsValidCodePage      0000000140014220     kernel32:KERNEL32.dll
 0002:00000228       __imp_GetACP               0000000140014228     kernel32:KERNEL32.dll
 0002:00000230       __imp_GetOEMCP             0000000140014230     kernel32:KERNEL32.dll
 0002:00000238       __imp_GetCPInfo            0000000140014238     kernel32:KERNEL32.dll
 0002:00000240       __imp_GetCommandLineA      0000000140014240     kernel32:KERNEL32.dll
 0002:00000248       __imp_GetCommandLineW      0000000140014248     kernel32:KERNEL32.dll
 0002:00000250       __imp_MultiByteToWideChar  0000000140014250     kernel32:KERNEL32.dll
 0002:00000258       __imp_WideCharToMultiByte  0000000140014258     kernel32:KERNEL32.dll
 0002:00000260       __imp_GetEnvironmentStringsW 0000000140014260     kernel32:KERNEL32.dll
 0002:00000268       __imp_FreeEnvironmentStringsW 0000000140014268     kernel32:KERNEL32.dll
 0002:00000270       __imp_SetStdHandle         0000000140014270     kernel32:KERNEL32.dll
 0002:00000278       __imp_GetStringTypeW       0000000140014278     kernel32:KERNEL32.dll
 0002:00000280       \177KERNEL32_NULL_THUNK_DATA 0000000140014280     kernel32:KERNEL32.dll
 0002:00000288       __imp_DispatchMessageA     0000000140014288     user32:USER32.dll
 0002:00000290       __imp_PeekMessageA         0000000140014290     user32:USER32.dll
 0002:00000298       __imp_DefWindowProcA       0000000140014298     user32:USER32.dll
 0002:000002a0       __imp_GetClientRect        00000001400142a0     user32:USER32.dll
 0002:000002a8       __imp_EndPaint             00000001400142a8     user32:USER32.dll
 0002:000002b0       __imp_BeginPaint           00000001400142b0     user32:USER32.dll
 0002:000002b8       __imp_ReleaseDC            00000001400142b8     user32:USER32.dll
 0002:000002c0       __imp_GetDC                00000001400142c0     user32:USER32.dll
 0002:000002c8       __imp_SetLayeredWindowAttributes 00000001400142c8     user32:USER32.dll
 0002:000002d0       __imp_CreateWindowExA      00000001400142d0     user32:USER32.dll
 0002:000002d8       __imp_RegisterClassA       00000001400142d8     user32:USER32.dll
 0002:000002e0       __imp_TranslateMessage     00000001400142e0     user32:USER32.dll
 0002:000002e8       \177USER32_NULL_THUNK_DATA 00000001400142e8     user32:USER32.dll
 0002:000002f0       __imp_timeBeginPeriod      00000001400142f0     winmm:WINMM.dll
 0002:000002f8       \177WINMM_NULL_THUNK_DATA  00000001400142f8     winmm:WINMM.dll
 0002:00000300       __guard_check_icall_fptr   0000000140014300     LIBCMT:guard_support.obj
 0002:00000308       __guard_dispatch_icall_fptr 0000000140014308     LIBCMT:guard_support.obj
 0002:00000310       __xc_a                     0000000140014310     LIBCMT:initializers.obj
 0002:00000320       __xc_z                     0000000140014320     LIBCMT:initializers.obj
 0002:00000328       __xi_a                     0000000140014328     LIBCMT:initializers.obj
 0002:00000340       __acrt_stdio_initializer   0000000140014340     libucrt:stdio_initializer.obj
 0002:00000348       __acrt_multibyte_initializer 0000000140014348     libucrt:multibyte_initializer.obj
 0002:00000350       __acrt_tran_fma3_initializer 0000000140014350     libucrt:fma3_initializer.obj
 0002:00000358       __xi_z                     0000000140014358     LIBCMT:initializers.obj
 0002:00000360       __xp_a                     0000000140014360     LIBCMT:initializers.obj
 0002:00000368       __acrt_locale_terminator   0000000140014368     libucrt:locale_initializer.obj
 0002:00000370       __dcrt_console_output_terminator 0000000140014370     libucrt:console_output_initializer.obj
 0002:00000378       __acrt_stdio_terminator    0000000140014378     libucrt:stdio_initializer.obj
 0002:00000380       __xp_z                     0000000140014380     LIBCMT:initializers.obj
 0002:00000388       __xt_a                     0000000140014388     LIBCMT:initializers.obj
 0002:00000390       __xt_z                     0000000140014390     LIBCMT:initializers.obj
 0002:0000055c       __real@3d088889            000000014001455c     win32_handmade.obj
 0002:00000560       __real@3f000000            0000000140014560     win32_handmade.obj
 0002:00000564       __real@3f800000            0000000140014564     win32_handmade.obj
 0002:00000568       __real@447a0000            0000000140014568     win32_handmade.obj
 0002:0000056c       __real@46fffe00            000000014001456c     win32_handmade.obj
 0002:00000570       __real@47000000            0000000140014570     win32_handmade.obj
 0002:00000574       __real@49742400            0000000140014574     win32_handmade.obj
 0002:00000578       __real@bf800000            0000000140014578     win32_handmade.obj
 0002:00000580       __xmm@80000000800000008000000080000000 0000000140014580     win32_handmade.obj
 0002:000005a0       __xmm@ffffffffffffffffffffffffffffffff 00000001400145a0     LIBCMT:utility.obj
 0002:000005b0       _pDestructExceptionObject  00000001400145b0     libvcruntime:ehhelpers.obj
 0002:00000cc0       ??_C@_08EHJDFFNH@__based?$CI@ 0000000140014cc0     libvcruntime:undname.obj
 0002:00000cd0       ??_C@_07KOLFKCDI@__cdecl@  0000000140014cd0     libvcruntime:undname.obj
 0002:00000cd8       ??_C@_08GHMPAG@__pascal@   0000000140014cd8     libvcruntime:undname.obj
 0002:00000ce8       ??_C@_09IFJBGAPI@__stdcall@ 0000000140014ce8     libvcruntime:undname.obj
 0002:00000cf8       ??_C@_0L@NPHFGOKO@__thiscall@ 0000000140014cf8     libvcruntime:undname.obj
 0002:00000d08       ??_C@_0L@JMKHOMEK@__fastcall@ 0000000140014d08     libvcruntime:undname.obj
 0002:00000d18       ??_C@_0N@BCKKPABJ@__vectorcall@ 0000000140014d18     libvcruntime:undname.obj
 0002:00000d28       ??_C@_09HIJEGCPM@__clrcall@ 0000000140014d28     libvcruntime:undname.obj
 0002:00000d34       ??_C@_06GHPCKEAG@__eabi@   0000000140014d34     libvcruntime:undname.obj
 0002:00000d40       ??_C@_09IOPIDJLG@__swift_1@ 0000000140014d40     libvcruntime:undname.obj
 0002:00000d50       ??_C@_09KFNFGKHF@__swift_2@ 0000000140014d50     libvcruntime:undname.obj
 0002:00000d60       ??_C@_07JOMMBBKO@__ptr64@  0000000140014d60     libvcruntime:undname.obj
 0002:00000d68       ??_C@_0L@PILCLIHE@__restrict@ 0000000140014d68     libvcruntime:undname.obj
 0002:00000d78       ??_C@_0M@GFIIJFMG@__unaligned@ 0000000140014d78     libvcruntime:undname.obj
 0002:00000d88       ??_C@_09DHDLOLLB@restrict?$CI@ 0000000140014d88     libvcruntime:undname.obj
 0002:00000d92       ??_C@_00CNPNBAHC@@         0000000140014d92     libvcruntime:undname.obj
 0002:00000d94       ??_C@_04NIHEBCM@?5new@     0000000140014d94     libvcruntime:undname.obj
 0002:00000da0       ??_C@_07FPCDHGMM@?5delete@ 0000000140014da0     libvcruntime:undname.obj
 0002:00000da8       ??_C@_01NEMOKFLO@?$DN@     0000000140014da8     libvcruntime:undname.obj
 0002:00000dac       ??_C@_02GPIOPFAK@?$DO?$DO@ 0000000140014dac     libvcruntime:undname.obj
 0002:00000db0       ??_C@_02FODMEDOG@?$DM?$DM@ 0000000140014db0     libvcruntime:undname.obj
 0002:00000db4       ??_C@_01DCLJPIOD@?$CB@     0000000140014db4     libvcruntime:undname.obj
 0002:00000db8       ??_C@_02EGOFBIJA@?$DN?$DN@ 0000000140014db8     libvcruntime:undname.obj
 0002:00000dbc       ??_C@_02FDNJECIE@?$CB?$DN@ 0000000140014dbc     libvcruntime:undname.obj
 0002:00000dc0       ??_C@_02GPECMEKF@?$FL?$FN@ 0000000140014dc0     libvcruntime:undname.obj
 0002:00000dc8       ??_C@_08LHJFAFGD@operator@ 0000000140014dc8     libvcruntime:undname.obj
 0002:00000dd4       ??_C@_02HBOOOICD@?9?$DO@   0000000140014dd4     libvcruntime:undname.obj
 0002:00000dd8       ??_C@_01NBENCBCI@?$CK@     0000000140014dd8     libvcruntime:undname.obj
 0002:00000ddc       ??_C@_02ECNGHCIF@?$CL?$CL@ 0000000140014ddc     libvcruntime:undname.obj
 0002:00000de0       ??_C@_02BAABKJLB@?9?9@     0000000140014de0     libvcruntime:undname.obj
 0002:00000de4       ??_C@_01JOAMLHOP@?9@       0000000140014de4     libvcruntime:undname.obj
 0002:00000de8       ??_C@_01MIFGBAGJ@?$CL@     0000000140014de8     libvcruntime:undname.obj
 0002:00000dec       ??_C@_01HNPIGOCE@?$CG@     0000000140014dec     libvcruntime:undname.obj
 0002:00000df0       ??_C@_03MNHNFDLC@?9?$DO?$CK@ 0000000140014df0     libvcruntime:undname.obj
 0002:00000df4       ??_C@_01KMDKNFGN@?1@       0000000140014df4     libvcruntime:undname.obj
 0002:00000df8       ??_C@_01FGNFDNOH@?$CF@     0000000140014df8     libvcruntime:undname.obj
 0002:00000dfc       ??_C@_01MNNFJEPP@?$DM@     0000000140014dfc     libvcruntime:undname.obj
 0002:00000e00       ??_C@_02EHCHHCKH@?$DM?$DN@ 0000000140014e00     libvcruntime:undname.obj
 0002:00000e04       ??_C@_01PPODPGHN@?$DO@     0000000140014e04     libvcruntime:undname.obj
 0002:00000e08       ??_C@_02EEKDKGMJ@?$DO?$DN@ 0000000140014e08     libvcruntime:undname.obj
 0002:00000e0c       ??_C@_01IHBHIGKO@?0@       0000000140014e0c     libvcruntime:undname.obj
 0002:00000e10       ??_C@_02HCKGKOFO@?$CI?$CJ@ 0000000140014e10     libvcruntime:undname.obj
 0002:00000e14       ??_C@_01PJKLJHI@?$HO@      0000000140014e14     libvcruntime:undname.obj
 0002:00000e18       ??_C@_01JKBOJNNK@?$FO@     0000000140014e18     libvcruntime:undname.obj
 0002:00000e1c       ??_C@_01DNKMNLPK@?$HM@     0000000140014e1c     libvcruntime:undname.obj
 0002:00000e20       ??_C@_02PPKAJPJL@?$CG?$CG@ 0000000140014e20     libvcruntime:undname.obj
 0002:00000e24       ??_C@_02NONPIBCD@?$HM?$HM@ 0000000140014e24     libvcruntime:undname.obj
 0002:00000e28       ??_C@_02FPIMKNGF@?$CK?$DN@ 0000000140014e28     libvcruntime:undname.obj
 0002:00000e2c       ??_C@_02FOEOMHFC@?$CL?$DN@ 0000000140014e2c     libvcruntime:undname.obj
 0002:00000e30       ??_C@_02FKMDLLOA@?9?$DN@   0000000140014e30     libvcruntime:undname.obj
 0002:00000e34       ??_C@_02FJEHGPIO@?1?$DN@   0000000140014e34     libvcruntime:undname.obj
 0002:00000e38       ??_C@_02FENAOKFI@?$CF?$DN@ 0000000140014e38     libvcruntime:undname.obj
 0002:00000e3c       ??_C@_03IKFCCPFF@?$DO?$DO?$DN@ 0000000140014e3c     libvcruntime:undname.obj
 0002:00000e40       ??_C@_03CDNPDDLA@?$DM?$DM?$DN@ 0000000140014e40     libvcruntime:undname.obj
 0002:00000e44       ??_C@_02FGJGFEAB@?$CG?$DN@ 0000000140014e44     libvcruntime:undname.obj
 0002:00000e48       ??_C@_02DHLNPPGH@?$HM?$DN@ 0000000140014e48     libvcruntime:undname.obj
 0002:00000e4c       ??_C@_02MHEGNOJ@?$FO?$DN@  0000000140014e4c     libvcruntime:undname.obj
 0002:00000e50       ??_C@_09IFPLHPGF@?$GAvftable?8@ 0000000140014e50     libvcruntime:undname.obj
 0002:00000e60       ??_C@_09BLBHBJP@?$GAvbtable?8@ 0000000140014e60     libvcruntime:undname.obj
 0002:00000e70       ??_C@_07FEEIOKP@?$GAvcall?8@ 0000000140014e70     libvcruntime:undname.obj
 0002:00000e78       ??_C@_08LLFFHHDJ@?$GAtypeof?8@ 0000000140014e78     libvcruntime:undname.obj
 0002:00000e88       ??_C@_0BF@KDPPACIK@?$GAlocal?5static?5guard?8@ 0000000140014e88     libvcruntime:undname.obj
 0002:00000ea0       ??_C@_08OBABFOLI@?$GAstring?8@ 0000000140014ea0     libvcruntime:undname.obj
 0002:00000eb0       ??_C@_0BD@JDLKDPAB@?$GAvbase?5destructor?8@ 0000000140014eb0     libvcruntime:undname.obj
 0002:00000ec8       ??_C@_0BN@DEGPLNFK@?$GAvector?5deleting?5destructor?8@ 0000000140014ec8     libvcruntime:undname.obj
 0002:00000ee8       ??_C@_0BO@OBMKPJIG@?$GAdefault?5constructor?5closure?8@ 0000000140014ee8     libvcruntime:undname.obj
 0002:00000f08       ??_C@_0BN@IMDCHIKM@?$GAscalar?5deleting?5destructor?8@ 0000000140014f08     libvcruntime:undname.obj
 0002:00000f28       ??_C@_0BO@PFGOCPJJ@?$GAvector?5constructor?5iterator?8@ 0000000140014f28     libvcruntime:undname.obj
 0002:00000f48       ??_C@_0BN@LFPFMEDL@?$GAvector?5destructor?5iterator?8@ 0000000140014f48     libvcruntime:undname.obj
 0002:00000f68       ??_C@_0CE@IKBNEHA@?$GAvector?5vbase?5constructor?5itera@ 0000000140014f68     libvcruntime:undname.obj
 0002:00000f90       ??_C@_0BL@NILFHHPC@?$GAvirtual?5displacement?5map?8@ 0000000140014f90     libvcruntime:undname.obj
 0002:00000fb0       ??_C@_0CB@JONCMFFK@?$GAeh?5vector?5constructor?5iterator@ 0000000140014fb0     libvcruntime:undname.obj
 0002:00000fd8       ??_C@_0CA@GCEOPDGL@?$GAeh?5vector?5destructor?5iterator?8@ 0000000140014fd8     libvcruntime:undname.obj
 0002:00000ff8       ??_C@_0CH@OOJPLCPH@?$GAeh?5vector?5vbase?5constructor?5it@ 0000000140014ff8     libvcruntime:undname.obj
 0002:00001020       ??_C@_0BL@LLKPOHJI@?$GAcopy?5constructor?5closure?8@ 0000000140015020     libvcruntime:undname.obj
 0002:00001040       ??_C@_0BA@KBCDOMBN@?$GAudt?5returning?8@ 0000000140015040     libvcruntime:undname.obj
 0002:00001050       ??_C@_03KLGMFNMG@?$GAEH@   0000000140015050     libvcruntime:undname.obj
 0002:00001054       ??_C@_05KHLCHHI@?$GARTTI@  0000000140015054     libvcruntime:undname.obj
 0002:00001060       ??_C@_0BA@KKLDJDLB@?$GAlocal?5vftable?8@ 0000000140015060     libvcruntime:undname.obj
 0002:00001070       ??_C@_0CE@IIHCMGGL@?$GAlocal?5vftable?5constructor?5clos@ 0000000140015070     libvcruntime:undname.obj
 0002:00001094       ??_C@_06FHBGPFGH@?5new?$FL?$FN@ 0000000140015094     libvcruntime:undname.obj
 0002:000010a0       ??_C@_09LBNFPBCA@?5delete?$FL?$FN@ 00000001400150a0     libvcruntime:undname.obj
 0002:000010b0       ??_C@_0P@HJKNJFNN@?$GAomni?5callsig?8@ 00000001400150b0     libvcruntime:undname.obj
 0002:000010c0       ??_C@_0BL@CNOONJFP@?$GAplacement?5delete?5closure?8@ 00000001400150c0     libvcruntime:undname.obj
 0002:000010e0       ??_C@_0BN@CKNJLHMB@?$GAplacement?5delete?$FL?$FN?5closure?8@ 00000001400150e0     libvcruntime:undname.obj
 0002:00001100       ??_C@_0CG@CFDHKGGD@?$GAmanaged?5vector?5constructor?5ite@ 0000000140015100     libvcruntime:undname.obj
 0002:00001128       ??_C@_0CF@IMGKMJNO@?$GAmanaged?5vector?5destructor?5iter@ 0000000140015128     libvcruntime:undname.obj
 0002:00001150       ??_C@_0CG@HLDDJMAG@?$GAeh?5vector?5copy?5constructor?5ite@ 0000000140015150     libvcruntime:undname.obj
 0002:00001178       ??_C@_0CM@FCBBDIGB@?$GAeh?5vector?5vbase?5copy?5construct@ 0000000140015178     libvcruntime:undname.obj
 0002:000011a8       ??_C@_0BL@CLIPGLGB@?$GAdynamic?5initializer?5for?5?8@ 00000001400151a8     libvcruntime:undname.obj
 0002:000011c8       ??_C@_0CB@PDBIFEP@?$GAdynamic?5atexit?5destructor?5for?5@ 00000001400151c8     libvcruntime:undname.obj
 0002:000011f0       ??_C@_0CD@CGAJBKEJ@?$GAvector?5copy?5constructor?5iterat@ 00000001400151f0     libvcruntime:undname.obj
 0002:00001218       ??_C@_0CJ@GJELGAMM@?$GAvector?5vbase?5copy?5constructor?5@ 0000000140015218     libvcruntime:undname.obj
 0002:00001248       ??_C@_0CL@FGIJHLCE@?$GAmanaged?5vector?5copy?5constructo@ 0000000140015248     libvcruntime:undname.obj
 0002:00001278       ??_C@_0BM@PMGGMLDN@?$GAlocal?5static?5thread?5guard?8@ 0000000140015278     libvcruntime:undname.obj
 0002:00001298       ??_C@_0N@BDNMDMOL@operator?5?$CC?$CC?5@ 0000000140015298     libvcruntime:undname.obj
 0002:000012a8       ??_C@_0BC@GGEBGALA@operator?5co_await@ 00000001400152a8     libvcruntime:undname.obj
 0002:000012c0       ??_C@_0M@GAAIMMOH@operator?$DM?$DN?$DO@ 00000001400152c0     libvcruntime:undname.obj
 0002:000012d0       ??_C@_0BC@DAFEJGAK@?5Type?5Descriptor?8@ 00000001400152d0     libvcruntime:undname.obj
 0002:000012e8       ??_C@_0BM@LDKODKLH@?5Base?5Class?5Descriptor?5at?5?$CI@ 00000001400152e8     libvcruntime:undname.obj
 0002:00001308       ??_C@_0BD@LGICGFMM@?5Base?5Class?5Array?8@ 0000000140015308     libvcruntime:undname.obj
 0002:00001320       ??_C@_0BN@MECKDCOJ@?5Class?5Hierarchy?5Descriptor?8@ 0000000140015320     libvcruntime:undname.obj
 0002:00001340       ??_C@_0BK@CFCOFLF@?5Complete?5Object?5Locator?8@ 0000000140015340     libvcruntime:undname.obj
 0002:00001360       ??_C@_0BG@JNJLAMPM@?$GAanonymous?5namespace?8@ 0000000140015360     libvcruntime:undname.obj
 0002:00001390       ??_C@_1DM@KHCHBNEB@?$AAa?$AAp?$AAi?$AA?9?$AAm?$AAs?$AA?9?$AAw?$AAi?$AAn?$AA?9?$AAc?$AAo?$AAr?$AAe@ 0000000140015390     libvcruntime:winapi_downlevel.obj
 0002:000013d0       ??_C@_1DK@LPPGFMPP@?$AAa?$AAp?$AAi?$AA?9?$AAm?$AAs?$AA?9?$AAw?$AAi?$AAn?$AA?9?$AAc?$AAo?$AAr?$AAe@ 00000001400153d0     libvcruntime:winapi_downlevel.obj
 0002:00001410       ??_C@_1BC@GDMECMAK@?$AAk?$AAe?$AAr?$AAn?$AAe?$AAl?$AA3?$AA2@ 0000000140015410     libvcruntime:winapi_downlevel.obj
 0002:00001428       ??_C@_1BA@PFFKHIOG@?$AAa?$AAp?$AAi?$AA?9?$AAm?$AAs?$AA?9@ 0000000140015428     libvcruntime:winapi_downlevel.obj
 0002:00001440       ??_C@_08KNHFBNJ@FlsAlloc@  0000000140015440     libvcruntime:winapi_downlevel.obj
 0002:00001458       ??_C@_07PEJMOBNF@FlsFree@  0000000140015458     libvcruntime:winapi_downlevel.obj
 0002:00001468       ??_C@_0M@GDNOONDI@FlsGetValue@ 0000000140015468     libvcruntime:winapi_downlevel.obj
 0002:00001480       ??_C@_0M@JCPCPOEF@FlsSetValue@ 0000000140015480     libvcruntime:winapi_downlevel.obj
 0002:00001498       ??_C@_0BM@HCFOFFN@InitializeCriticalSectionEx@ 0000000140015498     libvcruntime:winapi_downlevel.obj
 0002:000014c0       format_validation_lookup_table 00000001400154c0     libucrt:output.obj
 0002:00001520       ??_C@_1O@CEDCILHN@?$AA?$CI?$AAn?$AAu?$AAl?$AAl?$AA?$CJ@ 0000000140015520     libucrt:output.obj
 0002:00001530       ??_C@_06OJHGLDPL@?$CInull?$CJ@ 0000000140015530     libucrt:output.obj
 0002:00001540       __acrt_exception_action_table 0000000140015540     libucrt:exception_filter.obj
 0002:00001600       __acrt_signal_action_table_count 0000000140015600     libucrt:exception_filter.obj
 0002:00001608       __acrt_signal_action_first_fpe_index 0000000140015608     libucrt:exception_filter.obj
 0002:00001610       __acrt_signal_action_fpe_count 0000000140015610     libucrt:exception_filter.obj
 0002:00001618       ??_C@_1BI@BGOHAHKC@?$AAm?$AAs?$AAc?$AAo?$AAr?$AAe?$AAe?$AA?4?$AAd?$AAl?$AAl@ 0000000140015618     libucrt:exit.obj
 0002:00001630       ??_C@_0P@MIGLKIOC@CorExitProcess@ 0000000140015630     libucrt:exit.obj
 0002:00001930       ??_C@_03OEIAHPBN@INF@      0000000140015930     libucrt:cvt.obj
 0002:00001934       ??_C@_03OJHLLCGB@inf@      0000000140015934     libucrt:cvt.obj
 0002:00001938       ??_C@_03LKNCIKJB@NAN@      0000000140015938     libucrt:cvt.obj
 0002:0000193c       ??_C@_03LHCJEHON@nan@      000000014001593c     libucrt:cvt.obj
 0002:00001940       ??_C@_09OFJJIMPC@NAN?$CISNAN?$CJ@ 0000000140015940     libucrt:cvt.obj
 0002:00001950       ??_C@_09IPFBKMDL@nan?$CIsnan?$CJ@ 0000000140015950     libucrt:cvt.obj
 0002:00001960       ??_C@_08IKHNHAJ@NAN?$CIIND?$CJ@ 0000000140015960     libucrt:cvt.obj
 0002:00001970       ??_C@_08OFCDMILK@nan?$CIind?$CJ@ 0000000140015970     libucrt:cvt.obj
 0002:0000197c       ??_C@_05KLBDPFGC@e?$CL000@ 000000014001597c     libucrt:cvt.obj
 0002:00001990       __lc_time_c                0000000140015990     libucrt:nlsdata.obj
 0002:00001c50       ??_C@_03KOEHGMDN@Sun@      0000000140015c50     libucrt:nlsdata.obj
 0002:00001c54       ??_C@_03PDAGKDH@Mon@       0000000140015c54     libucrt:nlsdata.obj
 0002:00001c58       ??_C@_03NAGEINEP@Tue@      0000000140015c58     libucrt:nlsdata.obj
 0002:00001c5c       ??_C@_03MHOMLAJA@Wed@      0000000140015c5c     libucrt:nlsdata.obj
 0002:00001c60       ??_C@_03IOFIKPDN@Thu@      0000000140015c60     libucrt:nlsdata.obj
 0002:00001c64       ??_C@_03IDIOELNC@Fri@      0000000140015c64     libucrt:nlsdata.obj
 0002:00001c68       ??_C@_03FEFJNEK@Sat@       0000000140015c68     libucrt:nlsdata.obj
 0002:00001c6c       ??_C@_06OOPIFAJ@Sunday@    0000000140015c6c     libucrt:nlsdata.obj
 0002:00001c74       ??_C@_06JLEDEDGH@Monday@   0000000140015c74     libucrt:nlsdata.obj
 0002:00001c80       ??_C@_07BAAGCFCM@Tuesday@  0000000140015c80     libucrt:nlsdata.obj
 0002:00001c88       ??_C@_09DLIGFAKA@Wednesday@ 0000000140015c88     libucrt:nlsdata.obj
 0002:00001c98       ??_C@_08HACCIKIA@Thursday@ 0000000140015c98     libucrt:nlsdata.obj
 0002:00001ca4       ??_C@_06JECMNKMI@Friday@   0000000140015ca4     libucrt:nlsdata.obj
 0002:00001cb0       ??_C@_08INBOOONO@Saturday@ 0000000140015cb0     libucrt:nlsdata.obj
 0002:00001cbc       ??_C@_03JIHJHPIE@Jan@      0000000140015cbc     libucrt:nlsdata.obj
 0002:00001cc0       ??_C@_03HJBDCHOM@Feb@      0000000140015cc0     libucrt:nlsdata.obj
 0002:00001cc4       ??_C@_03ODNJBKGA@Mar@      0000000140015cc4     libucrt:nlsdata.obj
 0002:00001cc8       ??_C@_03LEOLGMJP@Apr@      0000000140015cc8     libucrt:nlsdata.obj
 0002:00001ccc       ??_C@_03CNMDKL@May@        0000000140015ccc     libucrt:nlsdata.obj
 0002:00001cd0       ??_C@_03IDFGHECI@Jun@      0000000140015cd0     libucrt:nlsdata.obj
 0002:00001cd4       ??_C@_03LBGABGKK@Jul@      0000000140015cd4     libucrt:nlsdata.obj
 0002:00001cd8       ??_C@_03IFJFEIGA@Aug@      0000000140015cd8     libucrt:nlsdata.obj
 0002:00001cdc       ??_C@_03GGCAPAJC@Sep@      0000000140015cdc     libucrt:nlsdata.obj
 0002:00001ce0       ??_C@_03BMAOKBAD@Oct@      0000000140015ce0     libucrt:nlsdata.obj
 0002:00001ce4       ??_C@_03JPJOFNIA@Nov@      0000000140015ce4     libucrt:nlsdata.obj
 0002:00001ce8       ??_C@_03MKABNOCG@Dec@      0000000140015ce8     libucrt:nlsdata.obj
 0002:00001cf0       ??_C@_07CGJPFGJA@January@  0000000140015cf0     libucrt:nlsdata.obj
 0002:00001cf8       ??_C@_08GNJGEPFN@February@ 0000000140015cf8     libucrt:nlsdata.obj
 0002:00001d04       ??_C@_05HPCKOFNC@March@    0000000140015d04     libucrt:nlsdata.obj
 0002:00001d0c       ??_C@_05DMJDNLEJ@April@    0000000140015d0c     libucrt:nlsdata.obj
 0002:00001d14       ??_C@_04CNLMGBGM@June@     0000000140015d14     libucrt:nlsdata.obj
 0002:00001d1c       ??_C@_04MIEPOIFP@July@     0000000140015d1c     libucrt:nlsdata.obj
 0002:00001d24       ??_C@_06LBBHFDDG@August@   0000000140015d24     libucrt:nlsdata.obj
 0002:00001d30       ??_C@_09BHHEALKD@September@ 0000000140015d30     libucrt:nlsdata.obj
 0002:00001d40       ??_C@_07JJNFCEND@October@  0000000140015d40     libucrt:nlsdata.obj
 0002:00001d48       ??_C@_08HCHEGEOA@November@ 0000000140015d48     libucrt:nlsdata.obj
 0002:00001d58       ??_C@_08EDHMEBNP@December@ 0000000140015d58     libucrt:nlsdata.obj
 0002:00001d64       ??_C@_02DEDBPAFC@AM@       0000000140015d64     libucrt:nlsdata.obj
 0002:00001d68       ??_C@_02CJNFDJBF@PM@       0000000140015d68     libucrt:nlsdata.obj
 0002:00001d70       ??_C@_08BPBNCDIB@MM?1dd?1yy@ 0000000140015d70     libucrt:nlsdata.obj
 0002:00001d80       ??_C@_0BE@CKGJFCPC@dddd?0?5MMMM?5dd?0?5yyyy@ 0000000140015d80     libucrt:nlsdata.obj
 0002:00001d98       ??_C@_08JCCMCCIL@HH?3mm?3ss@ 0000000140015d98     libucrt:nlsdata.obj
 0002:00001da8       ??_C@_17MBGCMIPB@?$AAS?$AAu?$AAn@ 0000000140015da8     libucrt:nlsdata.obj
 0002:00001db0       ??_C@_17KBOMKBF@?$AAM?$AAo?$AAn@ 0000000140015db0     libucrt:nlsdata.obj
 0002:00001db8       ??_C@_17BMKGEGOJ@?$AAT?$AAu?$AAe@ 0000000140015db8     libucrt:nlsdata.obj
 0002:00001dc0       ??_C@_17CJEDCEPE@?$AAW?$AAe?$AAd@ 0000000140015dc0     libucrt:nlsdata.obj
 0002:00001dc8       ??_C@_17PDPHAADD@?$AAT?$AAh?$AAu@ 0000000140015dc8     libucrt:nlsdata.obj
 0002:00001dd0       ??_C@_17HFOLPPLP@?$AAF?$AAr?$AAi@ 0000000140015dd0     libucrt:nlsdata.obj
 0002:00001dd8       ??_C@_17GGIBDPIH@?$AAS?$AAa?$AAt@ 0000000140015dd8     libucrt:nlsdata.obj
 0002:00001de0       ??_C@_1O@IHNHDHPB@?$AAS?$AAu?$AAn?$AAd?$AAa?$AAy@ 0000000140015de0     libucrt:nlsdata.obj
 0002:00001df0       ??_C@_1O@MMNBFLIA@?$AAM?$AAo?$AAn?$AAd?$AAa?$AAy@ 0000000140015df0     libucrt:nlsdata.obj
 0002:00001e00       ??_C@_1BA@ENFBFFEK@?$AAT?$AAu?$AAe?$AAs?$AAd?$AAa?$AAy@ 0000000140015e00     libucrt:nlsdata.obj
 0002:00001e10       ??_C@_1BE@EBOGMDOH@?$AAW?$AAe?$AAd?$AAn?$AAe?$AAs?$AAd?$AAa?$AAy@ 0000000140015e10     libucrt:nlsdata.obj
 0002:00001e28       ??_C@_1BC@HHMNLIHE@?$AAT?$AAh?$AAu?$AAr?$AAs?$AAd?$AAa?$AAy@ 0000000140015e28     libucrt:nlsdata.obj
 0002:00001e40       ??_C@_1O@PDICJHAG@?$AAF?$AAr?$AAi?$AAd?$AAa?$AAy@ 0000000140015e40     libucrt:nlsdata.obj
 0002:00001e50       ??_C@_1BC@ENMNNPAJ@?$AAS?$AAa?$AAt?$AAu?$AAr?$AAd?$AAa?$AAy@ 0000000140015e50     libucrt:nlsdata.obj
 0002:00001e68       ??_C@_17DKNBKCHM@?$AAJ?$AAa?$AAn@ 0000000140015e68     libucrt:nlsdata.obj
 0002:00001e70       ??_C@_17LMDJEKJN@?$AAF?$AAe?$AAb@ 0000000140015e70     libucrt:nlsdata.obj
 0002:00001e78       ??_C@_17CKNLEDEC@?$AAM?$AAa?$AAr@ 0000000140015e78     libucrt:nlsdata.obj
 0002:00001e80       ??_C@_17LFPOIHDD@?$AAA?$AAp?$AAr@ 0000000140015e80     libucrt:nlsdata.obj
 0002:00001e88       ??_C@_17PNNKMEED@?$AAM?$AAa?$AAy@ 0000000140015e88     libucrt:nlsdata.obj
 0002:00001e90       ??_C@_17KCJGOCPB@?$AAJ?$AAu?$AAn@ 0000000140015e90     libucrt:nlsdata.obj
 0002:00001e98       ??_C@_17IJPCKHK@?$AAJ?$AAu?$AAl@ 0000000140015e98     libucrt:nlsdata.obj
 0002:00001ea0       ??_C@_17ICPELBCN@?$AAA?$AAu?$AAg@ 0000000140015ea0     libucrt:nlsdata.obj
 0002:00001ea8       ??_C@_17HCHCOKMG@?$AAS?$AAe?$AAp@ 0000000140015ea8     libucrt:nlsdata.obj
 0002:00001eb0       ??_C@_17FNLKOI@?$AAO?$AAc?$AAt@ 0000000140015eb0     libucrt:nlsdata.obj
 0002:00001eb8       ??_C@_17BBDMLCIG@?$AAN?$AAo?$AAv@ 0000000140015eb8     libucrt:nlsdata.obj
 0002:00001ec0       ??_C@_17EGKACKIF@?$AAD?$AAe?$AAc@ 0000000140015ec0     libucrt:nlsdata.obj
 0002:00001ec8       ??_C@_1BA@EFMEIEBA@?$AAJ?$AAa?$AAn?$AAu?$AAa?$AAr?$AAy@ 0000000140015ec8     libucrt:nlsdata.obj
 0002:00001ed8       ??_C@_1BC@JGDDFFAM@?$AAF?$AAe?$AAb?$AAr?$AAu?$AAa?$AAr?$AAy@ 0000000140015ed8     libucrt:nlsdata.obj
 0002:00001ef0       ??_C@_1M@IKEENEDF@?$AAM?$AAa?$AAr?$AAc?$AAh@ 0000000140015ef0     libucrt:nlsdata.obj
 0002:00001f00       ??_C@_1M@GJNLMHFD@?$AAA?$AAp?$AAr?$AAi?$AAl@ 0000000140015f00     libucrt:nlsdata.obj
 0002:00001f10       ??_C@_19EPFLPGAP@?$AAJ?$AAu?$AAn?$AAe@ 0000000140015f10     libucrt:nlsdata.obj
 0002:00001f20       ??_C@_19BIFMLPCD@?$AAJ?$AAu?$AAl?$AAy@ 0000000140015f20     libucrt:nlsdata.obj
 0002:00001f30       ??_C@_1O@PAHLKOAC@?$AAA?$AAu?$AAg?$AAu?$AAs?$AAt@ 0000000140015f30     libucrt:nlsdata.obj
 0002:00001f40       ??_C@_1BE@DKAAMBJL@?$AAS?$AAe?$AAp?$AAt?$AAe?$AAm?$AAb?$AAe?$AAr@ 0000000140015f40     libucrt:nlsdata.obj
 0002:00001f58       ??_C@_1BA@EPANDLNG@?$AAO?$AAc?$AAt?$AAo?$AAb?$AAe?$AAr@ 0000000140015f58     libucrt:nlsdata.obj
 0002:00001f68       ??_C@_1BC@BGLIFPF@?$AAN?$AAo?$AAv?$AAe?$AAm?$AAb?$AAe?$AAr@ 0000000140015f68     libucrt:nlsdata.obj
 0002:00001f80       ??_C@_1BC@FEMKIFH@?$AAD?$AAe?$AAc?$AAe?$AAm?$AAb?$AAe?$AAr@ 0000000140015f80     libucrt:nlsdata.obj
 0002:00001f94       ??_C@_15ODEHAHHF@?$AAA?$AAM@ 0000000140015f94     libucrt:nlsdata.obj
 0002:00001f9c       ??_C@_15CLMNNGEL@?$AAP?$AAM@ 0000000140015f9c     libucrt:nlsdata.obj
 0002:00001fa8       ??_C@_1BC@IEBCMHCM@?$AAM?$AAM?$AA?1?$AAd?$AAd?$AA?1?$AAy?$AAy@ 0000000140015fa8     libucrt:nlsdata.obj
 0002:00001fc0       ??_C@_1CI@KNAKOEBC@?$AAd?$AAd?$AAd?$AAd?$AA?0?$AA?5?$AAM?$AAM?$AAM?$AAM?$AA?5?$AAd?$AAd?$AA?0?$AA?5@ 0000000140015fc0     libucrt:nlsdata.obj
 0002:00001fe8       ??_C@_1BC@GDGBMEMK@?$AAH?$AAH?$AA?3?$AAm?$AAm?$AA?3?$AAs?$AAs@ 0000000140015fe8     libucrt:nlsdata.obj
 0002:00002000       ??_C@_1M@BMHNFIME@?$AAe?$AAn?$AA?9?$AAU?$AAS@ 0000000140016000     libucrt:nlsdata.obj
 0002:00002030       ??_C@_1M@HPNHIDJI@?$AAj?$AAa?$AA?9?$AAJ?$AAP@ 0000000140016030     libucrt:mbctype.obj
 0002:00002040       ??_C@_1M@BIBDDEMK@?$AAz?$AAh?$AA?9?$AAC?$AAN@ 0000000140016040     libucrt:mbctype.obj
 0002:00002050       ??_C@_1M@JLOOOEGK@?$AAk?$AAo?$AA?9?$AAK?$AAR@ 0000000140016050     libucrt:mbctype.obj
 0002:00002060       ??_C@_1M@CLNBBOPM@?$AAz?$AAh?$AA?9?$AAT?$AAW@ 0000000140016060     libucrt:mbctype.obj
 0002:00002070       __newctype                 0000000140016070     libucrt:ctype.obj
 0002:00002370       __newclmap                 0000000140016370     libucrt:ctype.obj
 0002:000024f0       __newcumap                 00000001400164f0     libucrt:ctype.obj
 0002:00002670       ??_C@_15PJPFLCCM@?$AAu?$AAk@ 0000000140016670     libucrt:get_qualified_locale.obj
 0002:00002720       ??_C@_1EA@JGEFHKEI@?$AAa?$AAp?$AAi?$AA?9?$AAm?$AAs?$AA?9?$AAw?$AAi?$AAn?$AA?9?$AAc?$AAo?$AAr?$AAe@ 0000000140016720     libucrt:winapi_thunks.obj
 0002:00002760       ??_C@_1DI@IJCEHOCB@?$AAa?$AAp?$AAi?$AA?9?$AAm?$AAs?$AA?9?$AAw?$AAi?$AAn?$AA?9?$AAc?$AAo?$AAr?$AAe@ 0000000140016760     libucrt:winapi_thunks.obj
 0002:000027a0       ??_C@_1EI@MPIAOHOC@?$AAa?$AAp?$AAi?$AA?9?$AAm?$AAs?$AA?9?$AAw?$AAi?$AAn?$AA?9?$AAc?$AAo?$AAr?$AAe@ 00000001400167a0     libucrt:winapi_thunks.obj
 0002:000027f0       ??_C@_1FK@FPHCKFIE@?$AAa?$AAp?$AAi?$AA?9?$AAm?$AAs?$AA?9?$AAw?$AAi?$AAn?$AA?9?$AAc?$AAo?$AAr?$AAe@ 00000001400167f0     libucrt:winapi_thunks.obj
 0002:00002850       ??_C@_1EM@DILCGIIO@?$AAa?$AAp?$AAi?$AA?9?$AAm?$AAs?$AA?9?$AAw?$AAi?$AAn?$AA?9?$AAc?$AAo?$AAr?$AAe@ 0000000140016850     libucrt:winapi_thunks.obj
 0002:000028a0       ??_C@_1DM@LNCGDDPN@?$AAa?$AAp?$AAi?$AA?9?$AAm?$AAs?$AA?9?$AAw?$AAi?$AAn?$AA?9?$AAc?$AAo?$AAr?$AAe@ 00000001400168a0     libucrt:winapi_thunks.obj
 0002:000028e0       ??_C@_1DO@FPAPJEMD@?$AAa?$AAp?$AAi?$AA?9?$AAm?$AAs?$AA?9?$AAw?$AAi?$AAn?$AA?9?$AAc?$AAo?$AAr?$AAe@ 00000001400168e0     libucrt:winapi_thunks.obj
 0002:00002920       ??_C@_1DK@NDHNAHIO@?$AAa?$AAp?$AAi?$AA?9?$AAm?$AAs?$AA?9?$AAw?$AAi?$AAn?$AA?9?$AAc?$AAo?$AAr?$AAe@ 0000000140016920     libucrt:winapi_thunks.obj
 0002:00002960       ??_C@_1DM@KGHDGBCM@?$AAa?$AAp?$AAi?$AA?9?$AAm?$AAs?$AA?9?$AAw?$AAi?$AAn?$AA?9?$AAc?$AAo?$AAr?$AAe@ 0000000140016960     libucrt:winapi_thunks.obj
 0002:000029a0       ??_C@_1EO@IJIOEFOH@?$AAa?$AAp?$AAi?$AA?9?$AAm?$AAs?$AA?9?$AAw?$AAi?$AAn?$AA?9?$AAr?$AAt?$AAc?$AAo@ 00000001400169a0     libucrt:winapi_thunks.obj
 0002:000029f0       ??_C@_1FG@HHGEKANL@?$AAa?$AAp?$AAi?$AA?9?$AAm?$AAs?$AA?9?$AAw?$AAi?$AAn?$AA?9?$AAs?$AAe?$AAc?$AAu@ 00000001400169f0     libucrt:winapi_thunks.obj
 0002:00002a50       ??_C@_1EG@DBIOJECG@?$AAe?$AAx?$AAt?$AA?9?$AAm?$AAs?$AA?9?$AAw?$AAi?$AAn?$AA?9?$AAn?$AAt?$AAu?$AAs@ 0000000140016a50     libucrt:winapi_thunks.obj
 0002:00002aa0       ??_C@_1EO@FIHMJCLF@?$AAe?$AAx?$AAt?$AA?9?$AAm?$AAs?$AA?9?$AAw?$AAi?$AAn?$AA?9?$AAn?$AAt?$AAu?$AAs@ 0000000140016aa0     libucrt:winapi_thunks.obj
 0002:00002af0       ??_C@_1BC@DNHGCMLG@?$AAa?$AAd?$AAv?$AAa?$AAp?$AAi?$AA3?$AA2@ 0000000140016af0     libucrt:winapi_thunks.obj
 0002:00002b08       ??_C@_1M@OAIMIKLP@?$AAn?$AAt?$AAd?$AAl?$AAl@ 0000000140016b08     libucrt:winapi_thunks.obj
 0002:00002b20       ??_C@_1EG@DPGNFKGC@?$AAa?$AAp?$AAi?$AA?9?$AAm?$AAs?$AA?9?$AAw?$AAi?$AAn?$AA?9?$AAa?$AAp?$AAp?$AAm@ 0000000140016b20     libucrt:winapi_thunks.obj
 0002:00002b68       ??_C@_1O@BCCLBEOE@?$AAu?$AAs?$AAe?$AAr?$AA3?$AA2@ 0000000140016b68     libucrt:winapi_thunks.obj
 0002:00002b78       ??_C@_1BA@IAIFMGEF@?$AAe?$AAx?$AAt?$AA?9?$AAm?$AAs?$AA?9@ 0000000140016b78     libucrt:winapi_thunks.obj
 0002:00002b90       ??_C@_0BA@FHFNEAED@AreFileApisANSI@ 0000000140016b90     libucrt:winapi_thunks.obj
 0002:00002bd0       ??_C@_0O@KKBNKAPF@LCMapStringEx@ 0000000140016bd0     libucrt:winapi_thunks.obj
 0002:00002be8       ??_C@_0BB@HBDEELFH@LocaleNameToLCID@ 0000000140016be8     libucrt:winapi_thunks.obj
 0002:00002c00       ??_C@_0CF@OJOFEIGO@AppPolicyGetProcessTerminationM@ 0000000140016c00     libucrt:winapi_thunks.obj
 0002:00002c30       ?large_power_data@?1??multiply_by_power_of_ten@__crt_strtox@@YA_NAEAUbig_integer@2@I@Z@4QBIB 0000000140016c30     libucrt:cfout.obj
 0002:000035d8       ?small_powers_of_ten@?1??multiply_by_power_of_ten@__crt_strtox@@YA_NAEAUbig_integer@2@I@Z@4QBIB 00000001400175d8     libucrt:cfout.obj
 0002:000035fc       ??_C@_01GBGANLPD@0@        00000001400175fc     libucrt:cfout.obj
 0002:00003600       ??_C@_05DNEBIAHO@1?$CDINF@ 0000000140017600     libucrt:cfout.obj
 0002:00003608       ??_C@_06IMKFLFPG@1?$CDQNAN@ 0000000140017608     libucrt:cfout.obj
 0002:00003610       ??_C@_06PGGFOGJG@1?$CDSNAN@ 0000000140017610     libucrt:cfout.obj
 0002:00003618       ??_C@_05PHHOCPM@1?$CDIND@  0000000140017618     libucrt:cfout.obj
 0002:00004460       ??_C@_15EMKDOKLE@?$AAa?$AAr@ 0000000140018460     libucrt:lcidtoname_downlevel.obj
 0002:00004468       ??_C@_15KNPADPLH@?$AAb?$AAg@ 0000000140018468     libucrt:lcidtoname_downlevel.obj
 0002:00004470       ??_C@_15EDMHLDMO@?$AAc?$AAa@ 0000000140018470     libucrt:lcidtoname_downlevel.obj
 0002:00004478       ??_C@_1O@BPEAJADD@?$AAz?$AAh?$AA?9?$AAC?$AAH?$AAS@ 0000000140018478     libucrt:lcidtoname_downlevel.obj
 0002:00004488       ??_C@_15LJNHCMNK@?$AAc?$AAs@ 0000000140018488     libucrt:lcidtoname_downlevel.obj
 0002:00004490       ??_C@_15FOMCIDHG@?$AAd?$AAa@ 0000000140018490     libucrt:lcidtoname_downlevel.obj
 0002:00004498       ??_C@_15NBKABECB@?$AAd?$AAe@ 0000000140018498     libucrt:lcidtoname_downlevel.obj
 0002:000044a0       ??_C@_15GHPEIIAO@?$AAe?$AAl@ 00000001400184a0     libucrt:lcidtoname_downlevel.obj
 0002:000044a8       ??_C@_15MNPNEAIF@?$AAe?$AAn@ 00000001400184a8     libucrt:lcidtoname_downlevel.obj
 0002:000044b0       ??_C@_15GPIOMPMH@?$AAe?$AAs@ 00000001400184b0     libucrt:lcidtoname_downlevel.obj
 0002:000044b8       ??_C@_15NGLOAKJC@?$AAf?$AAi@ 00000001400184b8     libucrt:lcidtoname_downlevel.obj
 0002:000044c0       ??_C@_15FBKGNKAM@?$AAf?$AAr@ 00000001400184c0     libucrt:lcidtoname_downlevel.obj
 0002:000044c8       ??_C@_15KGGCNEFK@?$AAh?$AAe@ 00000001400184c8     libucrt:lcidtoname_downlevel.obj
 0002:000044d0       ??_C@_15PGHLIDMF@?$AAh?$AAu@ 00000001400184d0     libucrt:lcidtoname_downlevel.obj
 0002:000044d8       ??_C@_15BIEMAPLM@?$AAi?$AAs@ 00000001400184d8     libucrt:lcidtoname_downlevel.obj
 0002:000044e0       ??_C@_15IFJLDHAF@?$AAi?$AAt@ 00000001400184e0     libucrt:lcidtoname_downlevel.obj
 0002:000044e8       ??_C@_15GEMIOCAG@?$AAj?$AAa@ 00000001400184e8     libucrt:lcidtoname_downlevel.obj
 0002:000044f0       ??_C@_15EPELEGJA@?$AAk?$AAo@ 00000001400184f0     libucrt:lcidtoname_downlevel.obj
 0002:000044f8       ??_C@_15NDDHIMN@?$AAn?$AAl@ 00000001400184f8     libucrt:lcidtoname_downlevel.obj
 0002:00004500       ??_C@_15BPIGNHCD@?$AAn?$AAo@ 0000000140018500     libucrt:lcidtoname_downlevel.obj
 0002:00004508       ??_C@_15DEOPBLCG@?$AAp?$AAl@ 0000000140018508     libucrt:lcidtoname_downlevel.obj
 0002:00004510       ??_C@_15KBECGEFG@?$AAp?$AAt@ 0000000140018510     libucrt:lcidtoname_downlevel.obj
 0002:00004518       ??_C@_15GLJCBFMD@?$AAr?$AAo@ 0000000140018518     libucrt:lcidtoname_downlevel.obj
 0002:00004520       ??_C@_15FEDGKCDI@?$AAr?$AAu@ 0000000140018520     libucrt:lcidtoname_downlevel.obj
[...]
 0004:00000930       $pdata$?fp_format_e@@YAHQEBNQEAD_K12H_NIQEAU__crt_locale_pointers@@@Z 0000000140021930     libucrt:cvt.obj
 0004:0000093c       $pdata$?fp_format_a@@YAHQEBNPEAD_KQEAD2H_NIQEAU__crt_locale_pointers@@@Z 000000014002193c     libucrt:cvt.obj
 0004:00000948       $pdata$?fp_format_f_internal@@YAHQEAD_KHQEAU_strflt@@_NQEAU__crt_locale_pointers@@@Z 0000000140021948     libucrt:cvt.obj
 0004:00000954       $pdata$?fp_format_g@@YAHQEBNQEAD_K12H_NIQEAU__crt_locale_pointers@@@Z 0000000140021954     libucrt:cvt.obj
 0004:00000960       $pdata$_fileno             0000000140021960     libucrt:fileno.obj
 0004:0000096c       $pdata$__acrt_initialize_stdio 000000014002196c     libucrt:_file.obj
 0004:00000978       $pdata$__acrt_uninitialize_stdio 0000000140021978     libucrt:_file.obj
 0004:00000984       $pdata$__acrt_initialize_lowio 0000000140021984     libucrt:ioinit.obj
 0004:00000990       $pdata$__acrt_initialize_lowio$fin$0 0000000140021990     libucrt:ioinit.obj
 0004:00000990       $pdata$__acrt_lowio_ensure_fh_exists$fin$0 0000000140021990     libucrt:osfinfo.obj
 0004:0000099c       $pdata$__acrt_uninitialize_lowio 000000014002199c     libucrt:ioinit.obj
 0004:000009a8       $pdata$?initialize_inherited_file_handles_nolock@@YAXXZ 00000001400219a8     libucrt:ioinit.obj
 0004:000009b4       $pdata$?initialize_stdio_handles_nolock@@YAXXZ 00000001400219b4     libucrt:ioinit.obj
 0004:000009c0       $pdata$_calloc_base        00000001400219c0     libucrt:calloc_base.obj
 0004:000009cc       $pdata$??$__acrt_mbs_to_wcs_cp@U__crt_win32_buffer_internal_dynamic_resizing@@@@YAHQEBDAEAV?$__crt_win32_buffer@_WU__crt_win32_buffer_internal_dynamic_resizing@@@@I@Z 00000001400219cc     libucrt:argv_wildcards.obj
 0004:000009d8       $pdata$??$__acrt_wcs_to_mbs_cp@U__crt_win32_buffer_internal_dynamic_resizing@@@@YAHQEB_WAEAV?$__crt_win32_buffer@DU__crt_win32_buffer_internal_dynamic_resizing@@@@I@Z 00000001400219d8     libucrt:argv_wildcards.obj
 0004:000009e4       $pdata$??$common_expand_argv_wildcards@D@@YAHQEAPEADQEAPEAPEAD@Z 00000001400219e4     libucrt:argv_wildcards.obj
 0004:000009f0       $pdata$??$copy_and_add_argument_to_buffer@D@@YAHQEBD0_KAEAV?$argument_list@D@?A0x5f5c8891@@@Z 00000001400219f0     libucrt:argv_wildcards.obj
 0004:000009fc       $pdata$??$expand_argument_wildcards@D@@YAHQEAD0AEAV?$argument_list@D@?A0x5f5c8891@@@Z 00000001400219fc     libucrt:argv_wildcards.obj
 0004:00000a08       $pdata$__acrt_GetModuleFileNameA 0000000140021a08     libucrt:getmodulefilenamea.obj
 0004:00000a14       $pdata$??$__acrt_wcs_to_mbs_cp@U__crt_win32_buffer_no_resizing@@@@YAHQEB_WAEAV?$__crt_win32_buffer@DU__crt_win32_buffer_no_resizing@@@@I@Z 0000000140021a14     libucrt:getmodulefilenamea.obj
 0004:00000a20       $pdata$__acrt_update_thread_multibyte_data 0000000140021a20     libucrt:mbctype.obj
 0004:00000a2c       $pdata$__acrt_initialize_multibyte 0000000140021a2c     libucrt:mbctype.obj
 0004:00000a38       $pdata$_setmbcp_nolock     0000000140021a38     libucrt:mbctype.obj
 0004:00000a44       $pdata$?getSystemCP@@YAHH@Z 0000000140021a44     libucrt:mbctype.obj
 0004:00000a50       $pdata$?setSBCS@@YAXPEAU__crt_multibyte_data@@@Z 0000000140021a50     libucrt:mbctype.obj
 0004:00000a5c       $pdata$?update_thread_multibyte_data_internal@@YAPEAU__crt_multibyte_data@@QEAU__acrt_ptd@@QEAPEAU1@@Z 0000000140021a5c     libucrt:mbctype.obj
 0004:00000a68       $pdata$?fin$0@?0??update_thread_multibyte_data_internal@@YAPEAU__crt_multibyte_data@@QEAU__acrt_ptd@@QEAPEAU1@@Z@4HA 0000000140021a68     libucrt:mbctype.obj
 0004:00000a74       $pdata$?setmbcp_internal@@YAHH_NQEAU__acrt_ptd@@QEAPEAU__crt_multibyte_data@@@Z 0000000140021a74     libucrt:mbctype.obj
 0004:00000a80       $pdata$?setSBUpLow@@YAXPEAU__crt_multibyte_data@@@Z 0000000140021a80     libucrt:mbctype.obj
 0004:00000a8c       $pdata$??$?RV<lambda_efdfa57d1f175319df784efa44bb7b81>@@AEAV<lambda_5f0a4c1567f8adc6734073e5d1e1b35c>@@V<lambda_2e8a7d3640ea6ccb4c2413664c2db6fd>@@@?$__crt_seh_guarded_call@X@@QEAAX$$QEAV<lambda_efdfa57d1f175319df784efa44bb7b81>@@AEAV<lambda_5f0a4c1567f8adc6734073e5d1e1b35c>@@$$QEAV<lambda_2e8a7d3640ea6ccb4c2413664c2db6fd>@@@Z 0000000140021a8c     libucrt:mbctype.obj
 0004:00000a98       $pdata$?x_ismbbtype_l@@YAHPEAU__crt_locale_pointers@@IHH@Z 0000000140021a98     libucrt:ismbbyte.obj
 0004:00000aa4       $pdata$__acrt_initialize_command_line 0000000140021aa4     libucrt:argv_data.obj
 0004:00000ab0       $pdata$__acrt_WideCharToMultiByte 0000000140021ab0     libucrt:widechartomultibyte.obj
 0004:00000abc       $pdata$__dcrt_get_narrow_environment_from_os 0000000140021abc     libucrt:get_environment_from_os.obj
 0004:00000ac8       $pdata$__acrt_initialize_locks 0000000140021ac8     libucrt:locks.obj
 0004:00000ad4       $pdata$__acrt_uninitialize_locks 0000000140021ad4     libucrt:locks.obj
 0004:00000ae0       $pdata$__acrt_get_process_end_policy 0000000140021ae0     libucrt:win_policies.obj
 0004:00000aec       $pdata$_get_osfhandle      0000000140021aec     libucrt:osfinfo.obj
 0004:00000af8       $pdata$_free_osfhnd        0000000140021af8     libucrt:osfinfo.obj
 0004:00000b04       $pdata$__acrt_lowio_create_handle_array 0000000140021b04     libucrt:osfinfo.obj
 0004:00000b10       $pdata$__acrt_lowio_destroy_handle_array 0000000140021b10     libucrt:osfinfo.obj
 0004:00000b1c       $pdata$__acrt_lowio_ensure_fh_exists 0000000140021b1c     libucrt:osfinfo.obj
 0004:00000b28       $pdata$__acrt_locale_free_monetary 0000000140021b28     libucrt:initmon.obj
 0004:00000b34       $pdata$__acrt_locale_free_numeric 0000000140021b34     libucrt:initnum.obj
 0004:00000b40       $pdata$__acrt_locale_free_time 0000000140021b40     libucrt:inittime.obj
 0004:00000b4c       $pdata$?free_crt_array_internal@@YAXQEAPEBX_K@Z 0000000140021b4c     libucrt:inittime.obj
 0004:00000b58       $pdata$__pctype_func       0000000140021b58     libucrt:ctype.obj
 0004:00000b64       $pdata$__acrt_GetStringTypeA 0000000140021b64     libucrt:getstringtypea.obj
 0004:00000b70       $pdata$__acrt_release_locale_ref 0000000140021b70     libucrt:locale_refcounting.obj
 0004:00000b7c       $pdata$__acrt_free_locale  0000000140021b7c     libucrt:locale_refcounting.obj
 0004:00000b88       $pdata$__acrt_locale_free_lc_time_if_unreferenced 0000000140021b88     libucrt:locale_refcounting.obj
 0004:00000b94       $pdata$__acrt_update_thread_locale_data 0000000140021b94     libucrt:locale_refcounting.obj
 0004:00000ba0       $pdata$__acrt_update_thread_locale_data$fin$0 0000000140021ba0     libucrt:locale_refcounting.obj
 0004:00000bac       $pdata$_updatetlocinfoEx_nolock 0000000140021bac     libucrt:locale_refcounting.obj
 0004:00000bb8       $pdata$__acrt_initialize_winapi_thunks 0000000140021bb8     libucrt:winapi_thunks.obj
 0004:00000bc4       $pdata$__acrt_uninitialize_winapi_thunks 0000000140021bc4     libucrt:winapi_thunks.obj
 0004:00000bd0       $pdata$__acrt_AreFileApisANSI 0000000140021bd0     libucrt:winapi_thunks.obj
 0004:00000bdc       $pdata$__acrt_FlsAlloc     0000000140021bdc     libucrt:winapi_thunks.obj
 0004:00000be8       $pdata$__acrt_FlsFree      0000000140021be8     libucrt:winapi_thunks.obj
 0004:00000bf4       $pdata$__acrt_FlsGetValue  0000000140021bf4     libucrt:winapi_thunks.obj
 0004:00000c00       $pdata$__acrt_FlsSetValue  0000000140021c00     libucrt:winapi_thunks.obj
 0004:00000c0c       $pdata$__acrt_InitializeCriticalSectionEx 0000000140021c0c     libucrt:winapi_thunks.obj
 0004:00000c18       $pdata$__acrt_LCMapStringEx 0000000140021c18     libucrt:winapi_thunks.obj
 0004:00000c24       $pdata$__acrt_LocaleNameToLCID 0000000140021c24     libucrt:winapi_thunks.obj
 0004:00000c30       $pdata$__acrt_AppPolicyGetProcessTerminationMethodInternal 0000000140021c30     libucrt:winapi_thunks.obj
 0004:00000c3c       $pdata$?try_get_function@@YAPEAXW4function_id@?A0x391cf84c@@QEBDQEBW4module_id@2@2@Z 0000000140021c3c     libucrt:winapi_thunks.obj
 0004:00000c48       $pdata$_recalloc_base      0000000140021c48     libucrt:recalloc.obj
 0004:00000c54       $pdata$__acrt_initialize_heap 0000000140021c54     libucrt:heap_handle.obj
 0004:00000c60       $pdata$__acrt_execute_initializers 0000000140021c60     libucrt:shared_initialization.obj
 0004:00000c6c       $pdata$__acrt_execute_uninitializers 0000000140021c6c     libucrt:shared_initialization.obj
 0004:00000c78       $pdata$_callnewh           0000000140021c78     libucrt:new_handler.obj
 0004:00000c84       $pdata$_query_new_handler  0000000140021c84     libucrt:new_handler.obj
 0004:00000c90       $pdata$_query_new_handler$fin$0 0000000140021c90     libucrt:new_handler.obj
 0004:00000c9c       $pdata$__acrt_get_sigabrt_handler 0000000140021c9c     libucrt:signal.obj
 0004:00000ca8       $pdata$raise               0000000140021ca8     libucrt:signal.obj
 0004:00000cb4       $pdata$raise$fin$0         0000000140021cb4     libucrt:signal.obj
 0004:00000cc0       $pdata$??$?RV<lambda_450d765d439847d4c735a33c368b5fc0>@@AEAV<lambda_44731a7d0e6d81c3e6aa82d741081786>@@V<lambda_601a2a7da3b7a96e9554ac7215c4b07c>@@@?$__crt_seh_guarded_call@P6AXH@Z@@QEAAP6AXH@Z$$QEAV<lambda_450d765d439847d4c735a33c368b5fc0>@@AEAV<lambda_44731a7d0e6d81c3e6aa82d741081786>@@$$QEAV<lambda_601a2a7da3b7a96e9554ac7215c4b07c>@@@Z 0000000140021cc0     libucrt:signal.obj
 0004:00000ccc       $pdata$_fflush_nolock      0000000140021ccc     libucrt:fflush.obj
 0004:00000cd8       $pdata$__acrt_stdio_flush_nolock 0000000140021cd8     libucrt:fflush.obj
 0004:00000ce4       $pdata$?common_flush_all@@YAH_N@Z 0000000140021ce4     libucrt:fflush.obj
 0004:00000cf0       $pdata$??$?RV<lambda_842d9ff0dc9ef11c61343bbaebe7f885>@@AEAV<lambda_c5860995281e5c4ce005b3de8f5874ee>@@V<lambda_d90129c13df834fdcbf8d2b88dafcf2d>@@@?$__crt_seh_guarded_call@X@@QEAAX$$QEAV<lambda_842d9ff0dc9ef11c61343bbaebe7f885>@@AEAV<lambda_c5860995281e5c4ce005b3de8f5874ee>@@$$QEAV<lambda_d90129c13df834fdcbf8d2b88dafcf2d>@@@Z 0000000140021cf0     libucrt:fflush.obj
 0004:00000cfc       $pdata$?fin$0@?0???$?RV<lambda_842d9ff0dc9ef11c61343bbaebe7f885>@@AEAV<lambda_c5860995281e5c4ce005b3de8f5874ee>@@V<lambda_d90129c13df834fdcbf8d2b88dafcf2d>@@@?$__crt_seh_guarded_call@X@@QEAAX$$QEAV<lambda_842d9ff0dc9ef11c61343bbaebe7f885>@@AEAV<lambda_c5860995281e5c4ce005b3de8f5874ee>@@$$QEAV<lambda_d90129c13df834fdcbf8d2b88dafcf2d>@@@Z@4HA 0000000140021cfc     libucrt:fflush.obj
 0004:00000d08       $pdata$??$?RV<lambda_886d6c58226a84441f68b9f2b8217b83>@@AEAV<lambda_ab61a845afdef5b7c387490eaf3616ee>@@V<lambda_f7f22ab5edc0698d5f6905b0d3f44752>@@@?$__crt_seh_guarded_call@X@@QEAAX$$QEAV<lambda_886d6c58226a84441f68b9f2b8217b83>@@AEAV<lambda_ab61a845afdef5b7c387490eaf3616ee>@@$$QEAV<lambda_f7f22ab5edc0698d5f6905b0d3f44752>@@@Z 0000000140021d08     libucrt:fflush.obj
 0004:00000d14       $pdata$?fin$0@?0???$?RV<lambda_886d6c58226a84441f68b9f2b8217b83>@@AEAV<lambda_ab61a845afdef5b7c387490eaf3616ee>@@V<lambda_f7f22ab5edc0698d5f6905b0d3f44752>@@@?$__crt_seh_guarded_call@X@@QEAAX$$QEAV<lambda_886d6c58226a84441f68b9f2b8217b83>@@AEAV<lambda_ab61a845afdef5b7c387490eaf3616ee>@@$$QEAV<lambda_f7f22ab5edc0698d5f6905b0d3f44752>@@@Z@4HA 0000000140021d14     libucrt:fflush.obj
 0004:00000d20       $pdata$_isctype_l          0000000140021d20     libucrt:isctype.obj
 0004:00000d2c       $pdata$_isleadbyte_l       0000000140021d2c     libucrt:_wctype.obj
 0004:00000d38       $pdata$?__mbrtowc_utf8@__crt_mbstring@@YA_KPEA_WPEBD_KPEAU_Mbstatet@@@Z 0000000140021d38     libucrt:mbrtowc.obj
 0004:00000d44       $pdata$?__mbsrtowcs_utf8@__crt_mbstring@@YA_KPEA_WPEAPEBD_KPEAU_Mbstatet@@@Z 0000000140021d44     libucrt:mbrtowc.obj
 0004:00000d50       $pdata$?__c32rtomb_utf8@__crt_mbstring@@YA_KPEAD_UPEAU_Mbstatet@@@Z 0000000140021d50     libucrt:c32rtomb.obj
 0004:00000d5c       $pdata$__acrt_fp_strflt_to_string 0000000140021d5c     libucrt:_fptostr.obj
 0004:00000d68       $pdata$memcpy_s            0000000140021d68     libucrt:cfout.obj
 0004:00000d74       $pdata$__acrt_fltout       0000000140021d74     libucrt:cfout.obj
 0004:00000d80       $pdata$?divide@__crt_strtox@@YA_KAEAUbig_integer@1@AEBU21@@Z 0000000140021d80     libucrt:cfout.obj
 0004:00000d8c       $pdata$0$?divide@__crt_strtox@@YA_KAEAUbig_integer@1@AEBU21@@Z 0000000140021d8c     libucrt:cfout.obj
 0004:00000d98       $pdata$1$?divide@__crt_strtox@@YA_KAEAUbig_integer@1@AEBU21@@Z 0000000140021d98     libucrt:cfout.obj
 0004:00000da4       $pdata$_fcloseall          0000000140021da4     libucrt:closeall.obj
 0004:00000db0       $pdata$_fcloseall$fin$0    0000000140021db0     libucrt:closeall.obj
 0004:00000dbc       $pdata$__acrt_stdio_free_buffer_nolock 0000000140021dbc     libucrt:_freebuf.obj
 0004:00000dc8       $pdata$_isatty             0000000140021dc8     libucrt:isatty.obj
 0004:00000dd4       $pdata$qsort               0000000140021dd4     libucrt:qsort.obj
 0004:00000de0       $pdata$4$qsort             0000000140021de0     libucrt:qsort.obj
 0004:00000dec       $pdata$5$qsort             0000000140021dec     libucrt:qsort.obj
 0004:00000df8       $pdata$strncpy_s           0000000140021df8     libucrt:strncpy_s.obj
 0004:00000e04       $pdata$strpbrk             0000000140021e04     libucrt:strpbrk.obj
 0004:00000e10       $pdata$fallbackMethod      0000000140021e10     libucrt:strpbrk.obj
 0004:00000e1c       $pdata$_mbsdec_l           0000000140021e1c     libucrt:mbsdec.obj
 0004:00000e28       $pdata$__acrt_LCMapStringA 0000000140021e28     libucrt:lcmapstringa.obj
 0004:00000e34       $pdata$?__acrt_LCMapStringA_stat@@YAHPEAU__crt_locale_pointers@@PEB_WKPEBDHPEADHHH@Z 0000000140021e34     libucrt:lcmapstringa.obj
 0004:00000e40       $pdata$?initialize_multibyte@@YAHXZ 0000000140021e40     libucrt:multibyte_initializer.obj
 0004:00000e4c       $pdata$__acrt_DownlevelLocaleNameToLCID 0000000140021e4c     libucrt:lcidtoname_downlevel.obj
 0004:00000e58       $pdata$_msize_base         0000000140021e58     libucrt:msize.obj
 0004:00000e64       $pdata$_realloc_base       0000000140021e64     libucrt:realloc_base.obj
 0004:00000e70       $pdata$_commit             0000000140021e70     libucrt:commit.obj
 0004:00000e7c       $pdata$??$?RV<lambda_a37b2b86f63e897a80ea819b0eb08c01>@@AEAV<lambda_38ce7e780aa69e748d6df282ebc68efe>@@V<lambda_99fb1378e971ab6e7edea83e3a7a83a2>@@@?$__crt_seh_guarded_call@H@@QEAAH$$QEAV<lambda_a37b2b86f63e897a80ea819b0eb08c01>@@AEAV<lambda_38ce7e780aa69e748d6df282ebc68efe>@@$$QEAV<lambda_99fb1378e971ab6e7edea83e3a7a83a2>@@@Z 0000000140021e7c     libucrt:commit.obj
 0004:00000e88       $pdata$?fin$0@?0???$?RV<lambda_751a882b2c74d4b022dec766aa51a29a>@@AEAV<lambda_628dfdc04ba53c8bfc02c9951375f3f5>@@V<lambda_f6c7be5f7998530c34de24c7437d6b54>@@@?$__crt_seh_guarded_call@H@@QEAAH$$QEAV<lambda_751a882b2c74d4b022dec766aa51a29a>@@AEAV<lambda_628dfdc04ba53c8bfc02c9951375f3f5>@@$$QEAV<lambda_f6c7be5f7998530c34de24c7437d6b54>@@@Z@4HA 0000000140021e88     libucrt:close.obj
 0004:00000e88       $pdata$?fin$0@?0???$?RV<lambda_a37b2b86f63e897a80ea819b0eb08c01>@@AEAV<lambda_38ce7e780aa69e748d6df282ebc68efe>@@V<lambda_99fb1378e971ab6e7edea83e3a7a83a2>@@@?$__crt_seh_guarded_call@H@@QEAAH$$QEAV<lambda_a37b2b86f63e897a80ea819b0eb08c01>@@AEAV<lambda_38ce7e780aa69e748d6df282ebc68efe>@@$$QEAV<lambda_99fb1378e971ab6e7edea83e3a7a83a2>@@@Z@4HA 0000000140021e88     libucrt:commit.obj
 0004:00000e94       $pdata$_write              0000000140021e94     libucrt:write.obj
 0004:00000ea0       $pdata$_write$fin$0        0000000140021ea0     libucrt:write.obj
 0004:00000eac       $pdata$_write_nolock       0000000140021eac     libucrt:write.obj
 0004:00000eb8       $pdata$?write_double_translated_ansi_nolock@@YA?AUwrite_result@?A0x17268360@@HQEBDI@Z 0000000140021eb8     libucrt:write.obj
 0004:00000ec4       $pdata$?write_text_ansi_nolock@@YA?AUwrite_result@?A0x17268360@@HQEBDI@Z 0000000140021ec4     libucrt:write.obj
 0004:00000ed0       $pdata$?write_text_utf16le_nolock@@YA?AUwrite_result@?A0x17268360@@HQEBDI@Z 0000000140021ed0     libucrt:write.obj
 0004:00000edc       $pdata$?write_text_utf8_nolock@@YA?AUwrite_result@?A0x17268360@@HQEBDI@Z 0000000140021edc     libucrt:write.obj
 0004:00000ee8       $pdata$?__mbrtoc32_utf8@__crt_mbstring@@YA_KPEA_UPEBD_KPEAU_Mbstatet@@@Z 0000000140021ee8     libucrt:mbrtoc32.obj
 0004:00000ef4       $pdata$fegetenv            0000000140021ef4     libucrt:fegetenv.obj
 0004:00000f00       $pdata$fesetenv            0000000140021f00     libucrt:fesetenv.obj
 0004:00000f0c       $pdata$feholdexcept        0000000140021f0c     libucrt:feholdexcept.obj
 0004:00000f24       $pdata$??$common_lseek_nolock@_J@@YA_JH_JH@Z 0000000140021f24     libucrt:lseek.obj
 0004:00000f30       $pdata$fclose              0000000140021f30     libucrt:fclose.obj
 0004:00000f3c       $pdata$fclose$fin$0        0000000140021f3c     libucrt:fclose.obj
 0004:00000f48       $pdata$_fclose_nolock      0000000140021f48     libucrt:fclose.obj
 0004:00000f54       $pdata$_putwch_nolock      0000000140021f54     libucrt:putwch.obj
 0004:00000f60       $pdata$__acrt_fenv_set_control 0000000140021f60     libucrt:_fenvutils.obj
 0004:00000f6c       $pdata$_clearfp            0000000140021f6c     libucrt:ieee.obj
 0004:00000f78       $pdata$_call_matherr       0000000140021f78     libucrt:libm_error.obj
 0004:00000f84       $pdata$_exception_enabled  0000000140021f84     libucrt:libm_error.obj
 0004:00000f90       $pdata$_handle_error       0000000140021f90     libucrt:libm_error.obj
 0004:00000f9c       $pdata$__acrt_initialize_fma3 0000000140021f9c     libucrt:fma3_available.obj
 0004:00000fa8       $pdata$_log_special_common 0000000140021fa8     libucrt:log_special.obj
 0004:00000fb4       $pdata$_log10_special      0000000140021fb4     libucrt:log_special.obj
 0004:00000fc0       $pdata$_close              0000000140021fc0     libucrt:close.obj
 0004:00000fcc       $pdata$_close_nolock       0000000140021fcc     libucrt:close.obj
 0004:00000fd8       $pdata$??$?RV<lambda_751a882b2c74d4b022dec766aa51a29a>@@AEAV<lambda_628dfdc04ba53c8bfc02c9951375f3f5>@@V<lambda_f6c7be5f7998530c34de24c7437d6b54>@@@?$__crt_seh_guarded_call@H@@QEAAH$$QEAV<lambda_751a882b2c74d4b022dec766aa51a29a>@@AEAV<lambda_628dfdc04ba53c8bfc02c9951375f3f5>@@$$QEAV<lambda_f6c7be5f7998530c34de24c7437d6b54>@@@Z 0000000140021fd8     libucrt:close.obj
 0004:00000fe4       $pdata$__dcrt_lowio_ensure_console_output_initialized 0000000140021fe4     libucrt:initcon.obj
 0004:00000ff0       $pdata$__dcrt_write_console 0000000140021ff0     libucrt:initcon.obj
 0004:00000ffc       $pdata$__dcrt_terminate_console_output 0000000140021ffc     libucrt:initcon.obj
 0004:00001014       $pdata$_set_errno_from_matherr 0000000140022014     libucrt:fpexcept.obj
 0004:00001020       $pdata$_raise_exc          0000000140022020     libucrt:fpexcept.obj
 0004:0000102c       $pdata$_raise_exc_ex       000000014002202c     libucrt:fpexcept.obj
 0004:00001038       $pdata$_clrfp              0000000140022038     libucrt:fpctrl.obj
 0004:00001044       $pdata$_ctrlfp             0000000140022044     libucrt:fpctrl.obj
 0004:00001050       $pdata$_ctrlfp$filt$0      0000000140022050     libucrt:fpctrl.obj
 0004:0000105c       $pdata$_statfp             000000014002205c     libucrt:fpctrl.obj
 0004:00001068       $pdata$_set_statfp         0000000140022068     libucrt:fpctrl.obj
 0004:00001074       $pdata$_IsNonwritableInCurrentImage 0000000140022074     LIBCMT:pesect.obj
 0004:00001080       $pdata$_IsNonwritableInCurrentImage$filt$0 0000000140022080     LIBCMT:pesect.obj
 0005:00000000       MsetTab                    0000000140023000     libvcruntime:memset.obj
 0005:00000050       MoveSmall                  0000000140023050     libvcruntime:memcpy.obj
